Archive member included to satisfy reference by file (symbol)

app/libapp.a(main.c.obj)      (--whole-archive)
zephyr/libzephyr.a(cbprintf_packaged.c.obj)
                              (--whole-archive)
zephyr/libzephyr.a(dec.c.obj)
                              (--whole-archive)
zephyr/libzephyr.a(fdtable.c.obj)
                              (--whole-archive)
zephyr/libzephyr.a(hex.c.obj)
                              (--whole-archive)
zephyr/libzephyr.a(printk.c.obj)
                              (--whole-archive)
zephyr/libzephyr.a(rb.c.obj)  (--whole-archive)
zephyr/libzephyr.a(sem.c.obj)
                              (--whole-archive)
zephyr/libzephyr.a(thread_entry.c.obj)
                              (--whole-archive)
zephyr/libzephyr.a(timeutil.c.obj)
                              (--whole-archive)
zephyr/libzephyr.a(heap.c.obj)
                              (--whole-archive)
zephyr/libzephyr.a(heap-validate.c.obj)
                              (--whole-archive)
zephyr/libzephyr.a(bitarray.c.obj)
                              (--whole-archive)
zephyr/libzephyr.a(multi_heap.c.obj)
                              (--whole-archive)
zephyr/libzephyr.a(crc32c_sw.c.obj)
                              (--whole-archive)
zephyr/libzephyr.a(crc32_sw.c.obj)
                              (--whole-archive)
zephyr/libzephyr.a(crc16_sw.c.obj)
                              (--whole-archive)
zephyr/libzephyr.a(crc8_sw.c.obj)
                              (--whole-archive)
zephyr/libzephyr.a(crc7_sw.c.obj)
                              (--whole-archive)
zephyr/libzephyr.a(cbprintf_complete.c.obj)
                              (--whole-archive)
zephyr/libzephyr.a(cbprintf.c.obj)
                              (--whole-archive)
zephyr/libzephyr.a(assert.c.obj)
                              (--whole-archive)
zephyr/libzephyr.a(mpsc_pbuf.c.obj)
                              (--whole-archive)
zephyr/libzephyr.a(configs.c.obj)
                              (--whole-archive)
zephyr/libzephyr.a(soc_rt10xx.c.obj)
                              (--whole-archive)
zephyr/libzephyr.a(thread_analyzer.c.obj)
                              (--whole-archive)
zephyr/libzephyr.a(log_core.c.obj)
                              (--whole-archive)
zephyr/libzephyr.a(log_mgmt.c.obj)
                              (--whole-archive)
zephyr/libzephyr.a(log_cache.c.obj)
                              (--whole-archive)
zephyr/libzephyr.a(log_msg.c.obj)
                              (--whole-archive)
zephyr/libzephyr.a(log_output.c.obj)
                              (--whole-archive)
zephyr/libzephyr.a(log_backend_uart.c.obj)
                              (--whole-archive)
zephyr/libzephyr.a(tracing_none.c.obj)
                              (--whole-archive)
zephyr/arch/common/libarch__common.a(sw_isr_common.c.obj)
                              (--whole-archive)
zephyr/arch/arch/arm/core/aarch32/libarch__arm__core__aarch32.a(cpu_idle.S.obj)
                              (--whole-archive)
zephyr/arch/arch/arm/core/aarch32/libarch__arm__core__aarch32.a(fatal.c.obj)
                              (--whole-archive)
zephyr/arch/arch/arm/core/aarch32/libarch__arm__core__aarch32.a(irq_manage.c.obj)
                              (--whole-archive)
zephyr/arch/arch/arm/core/aarch32/libarch__arm__core__aarch32.a(nmi.c.obj)
                              (--whole-archive)
zephyr/arch/arch/arm/core/aarch32/libarch__arm__core__aarch32.a(nmi_on_reset.S.obj)
                              (--whole-archive)
zephyr/arch/arch/arm/core/aarch32/libarch__arm__core__aarch32.a(prep_c.c.obj)
                              (--whole-archive)
zephyr/arch/arch/arm/core/aarch32/libarch__arm__core__aarch32.a(swap.c.obj)
                              (--whole-archive)
zephyr/arch/arch/arm/core/aarch32/libarch__arm__core__aarch32.a(swap_helper.S.obj)
                              (--whole-archive)
zephyr/arch/arch/arm/core/aarch32/libarch__arm__core__aarch32.a(thread.c.obj)
                              (--whole-archive)
zephyr/arch/arch/arm/core/aarch32/libarch__arm__core__aarch32.a(isr_wrapper.S.obj)
                              (--whole-archive)
zephyr/arch/arch/arm/core/aarch32/cortex_m/libarch__arm__core__aarch32__cortex_m.a(exc_exit.S.obj)
                              (--whole-archive)
zephyr/arch/arch/arm/core/aarch32/cortex_m/libarch__arm__core__aarch32__cortex_m.a(fault.c.obj)
                              (--whole-archive)
zephyr/arch/arch/arm/core/aarch32/cortex_m/libarch__arm__core__aarch32__cortex_m.a(fault_s.S.obj)
                              (--whole-archive)
zephyr/arch/arch/arm/core/aarch32/cortex_m/libarch__arm__core__aarch32__cortex_m.a(fpu.c.obj)
                              (--whole-archive)
zephyr/arch/arch/arm/core/aarch32/cortex_m/libarch__arm__core__aarch32__cortex_m.a(irq_init.c.obj)
                              (--whole-archive)
zephyr/arch/arch/arm/core/aarch32/cortex_m/libarch__arm__core__aarch32__cortex_m.a(reset.S.obj)
[...]
Memory Configuration

Name             Origin             Length             Attributes
FLASH            0x0000000060000000 0x0000000000800000 xr
RAM              0x0000000080000000 0x0000000002000000 xw
ITCM             0x0000000000000000 0x0000000000010000
DTCM             0x0000000020000000 0x0000000000010000
OCRAM            0x0000000020200000 0x0000000000020000
IDT_LIST         0x00000000fffff7ff 0x0000000000000800 xw
*default*        0x0000000000000000 0xffffffffffffffff

Linker script and memory map

LOAD zephyr/CMakeFiles/zephyr_pre1.dir/misc/empty_file.c.obj
LOAD zephyr/CMakeFiles/zephyr_pre1.dir/dev_handles.c.obj
LOAD zephyr/CMakeFiles/offsets.dir/./arch/arm/core/offsets/offsets.c.obj
                0x0000000000000020                _region_min_align = 0x20

.rel.plt        0x0000000060000000        0x0
 *(SORT_BY_ALIGNMENT(.rel.plt))
                [!provide]                        PROVIDE (__rel_iplt_start = .)
 *(SORT_BY_ALIGNMENT(.rel.iplt))
 .rel.iplt      0x0000000060000000        0x0 app/libapp.a(main.c.obj)
                [!provide]                        PROVIDE (__rel_iplt_end = .)

.rela.plt       0x0000000000000000        0x0
 *(SORT_BY_ALIGNMENT(.rela.plt))
                [!provide]                        PROVIDE (__rela_iplt_start = .)
 *(SORT_BY_ALIGNMENT(.rela.iplt))
                [!provide]                        PROVIDE (__rela_iplt_end = .)

.rel.dyn
 *(SORT_BY_ALIGNMENT(.rel.*))

.rela.dyn
 *(SORT_BY_ALIGNMENT(.rela.*))

/DISCARD/
 *(SORT_BY_ALIGNMENT(.plt))

/DISCARD/
 *(SORT_BY_ALIGNMENT(.iplt))
                0x0000000060000000                __rom_region_start = 0x60000000

rom_start       0x0000000060000000     0x3a78
                0x0000000000000000                . = 0x0
 *(SORT_BY_ALIGNMENT(.boot_hdr.conf))
 .boot_hdr.conf
                0x0000000060000000      0x200 zephyr/boards/arm/mimxrt1020_evk/libboards__arm__mimxrt1020_evk.a(evkmimxrt1020_flexspi_nor_config.c.obj)
                0x0000000060000000                qspiflash_config
                0x0000000000001000                . = 0x1000
 *fill*         0x0000000060000200      0xe00 
 *(SORT_BY_ALIGNMENT(.boot_hdr.ivt))
 .boot_hdr.ivt  0x0000000060001000       0x20 zephyr/libzephyr.a(soc_rt10xx.c.obj)
                0x0000000060001000                image_vector_table
 *(SORT_BY_ALIGNMENT(.boot_hdr.data))
 .boot_hdr.data
                0x0000000060001020       0x10 zephyr/libzephyr.a(soc_rt10xx.c.obj)
                0x0000000060001020                boot_data
 *(SORT_BY_ALIGNMENT(.boot_hdr.dcd_data))
 .boot_hdr.dcd_data
                0x0000000060001030      0x3e0 zephyr/boards/arm/mimxrt1020_evk/libboards__arm__mimxrt1020_evk.a(dcd.c.obj)
                0x0000000060001030                dcd_data
                0x0000000060003410                . = (. + 0x2000)
 *fill*         0x0000000060001410     0x2000 
                0x0000000060003410                . = ALIGN (0x4)
                0x0000000060003480                . = ALIGN (0x80)
 *fill*         0x0000000060003410       0x70 
                0x0000000060003800                . = ALIGN (0x400)
 *fill*         0x0000000060003480      0x380 
                0x0000000060003800                _vector_start = .
 *(SORT_BY_ALIGNMENT(.exc_vector_table))
 *(SORT_BY_ALIGNMENT(.exc_vector_table.*))
 .exc_vector_table._vector_table_section
                0x0000000060003800       0x40 zephyr/arch/arch/arm/core/aarch32/cortex_m/libarch__arm__core__aarch32__cortex_m.a(vector_table.S.obj)
                0x0000000060003800                _vector_table
 *(SORT_BY_ALIGNMENT(.vectors))
                0x0000000060003a78                _vector_end = .
                0x0000000060003840                . = ALIGN (0x4)
 *(SORT_BY_ALIGNMENT(.gnu.linkonce.irq_vector_table*))
 .gnu.linkonce.irq_vector_table
                0x0000000060003840      0x238 zephyr/arch/common/libisr_tables.a(isr_tables.c.obj)
                0x0000000060003840                _irq_vector_table
                0x0000000060003a78                _vector_end = .

text            0x0000000060003a78     0x77f4
                0x0000000060003a78                __text_region_start = .
 *(SORT_BY_ALIGNMENT(.text))
 .text          0x0000000060003a78       0x30 /Users/julius/zephyr-sdk-0.16.0/arm-zephyr-eabi/bin/../lib/gcc/arm-zephyr-eabi/12.2.0/thumb/v7e-m/nofp/libgcc.a(_aeabi_uldivmod.o)
                0x0000000060003a78                __aeabi_uldivmod
 .text          0x0000000060003aa8        0x4 /Users/julius/zephyr-sdk-0.16.0/arm-zephyr-eabi/bin/../lib/gcc/arm-zephyr-eabi/12.2.0/thumb/v7e-m/nofp/libgcc.a(_dvmd_tls.o)
                0x0000000060003aa8                __aeabi_ldiv0
                0x0000000060003aa8                __aeabi_idiv0
 .text          0x0000000060003aac      0x2a0 /Users/julius/zephyr-sdk-0.16.0/arm-zephyr-eabi/bin/../lib/gcc/arm-zephyr-eabi/12.2.0/thumb/v7e-m/nofp/libgcc.a(_udivmoddi4.o)
                0x0000000060003aac                __udivmoddi4
 *(SORT_BY_ALIGNMENT(.text.*))
 *fill*         0x0000000060003d4c        0x4 
 .text.LPSPI_MasterSetDelayTimes
                0x0000000060003d50      0x124 modules/hal_nxp/hal_nxp/lib..__modules__hal__nxp.a(fsl_lpspi.c.obj)
                0x0000000060003d50                LPSPI_MasterSetDelayTimes
 .text.main     0x0000000060003e74       0x58 app/libapp.a(main.c.obj)
                0x0000000060003e74                main
 .text.cbvprintf_package
                0x0000000060003ecc      0x3ac zephyr/libzephyr.a(cbprintf_packaged.c.obj)
                0x0000000060003ecc                cbvprintf_package
 .text.cbprintf_package_convert
                0x0000000060004278      0x3c0 zephyr/libzephyr.a(cbprintf_packaged.c.obj)
                0x0000000060004278                cbprintf_package_convert
 .text.__printk_hook_install
                0x0000000060004638        0xc zephyr/libzephyr.a(printk.c.obj)
                0x0000000060004638                __printk_hook_install
 .text.vsnprintk
                0x0000000060004644       0x2c zephyr/libzephyr.a(printk.c.obj)
                0x0000000060004644                vsnprintk
 .text.z_cbvprintf_impl
                0x0000000060004670      0x764 zephyr/libzephyr.a(cbprintf_complete.c.obj)
                0x0000000060004670                z_cbvprintf_impl
 .text.CLOCK_SetMux
                0x0000000060004dd4       0x44 zephyr/libzephyr.a(soc_rt10xx.c.obj)
 .text.imxrt_init
                0x0000000060004e18      0x144 zephyr/libzephyr.a(soc_rt10xx.c.obj)
 .text.activate_foreach_backend
                0x0000000060004f5c       0x64 zephyr/libzephyr.a(log_core.c.obj)
 .text.enable_logger
                0x0000000060004fc0       0x5c zephyr/libzephyr.a(log_core.c.obj)
 .text.log_process_thread_timer_expiry_fn
                0x000000006000501c        0xc zephyr/libzephyr.a(log_core.c.obj)
 .text.z_log_init
                0x0000000060005028       0x8c zephyr/libzephyr.a(log_core.c.obj)
 .text.log_format_func_t_get
                0x00000000600050b4        0xc zephyr/libzephyr.a(log_core.c.obj)
                0x00000000600050b4                log_format_func_t_get
 .text.log_set_timestamp_func
                0x00000000600050c0       0x20 zephyr/libzephyr.a(log_core.c.obj)
                0x00000000600050c0                log_set_timestamp_func
 .text.z_log_notify_backend_enabled
                0x00000000600050e0       0x1c zephyr/libzephyr.a(log_core.c.obj)
                0x00000000600050e0                z_log_notify_backend_enabled
 .text.z_log_dropped
                0x00000000600050fc       0x30 zephyr/libzephyr.a(log_core.c.obj)
                0x00000000600050fc                z_log_dropped
 .text.z_log_dropped_read_and_clear
                0x000000006000512c       0x20 zephyr/libzephyr.a(log_core.c.obj)
                0x000000006000512c                z_log_dropped_read_and_clear
 .text.dropped_notify
                0x000000006000514c       0x30 zephyr/libzephyr.a(log_core.c.obj)
                0x000000006000514c                dropped_notify
 .text.z_log_msg_init
                0x000000006000517c       0x20 zephyr/libzephyr.a(log_core.c.obj)
                0x000000006000517c                z_log_msg_init
 .text.log_core_init
                0x000000006000519c       0x34 zephyr/libzephyr.a(log_core.c.obj)
                0x000000006000519c                log_core_init
 .text.z_log_msg_alloc
                0x00000000600051d0       0x10 zephyr/libzephyr.a(log_core.c.obj)
                0x00000000600051d0                z_log_msg_alloc
 .text.z_log_msg_local_claim
                0x00000000600051e0        0xc zephyr/libzephyr.a(log_core.c.obj)
                0x00000000600051e0                z_log_msg_local_claim
 .text.z_log_msg_free
                0x00000000600051ec       0x10 zephyr/libzephyr.a(log_core.c.obj)
                0x00000000600051ec                z_log_msg_free
 .text.z_log_msg_pending
                0x00000000600051fc        0xc zephyr/libzephyr.a(log_core.c.obj)
                0x00000000600051fc                z_log_msg_pending
 .text.z_impl_log_process
                0x0000000060005208       0xb0 zephyr/libzephyr.a(log_core.c.obj)
                0x0000000060005208                z_impl_log_process
 .text.z_impl_log_panic
                0x00000000600052b8       0x44 zephyr/libzephyr.a(log_core.c.obj)
                0x00000000600052b8                z_impl_log_panic
 .text.log_process_thread_func
                0x00000000600052fc       0x9c zephyr/libzephyr.a(log_core.c.obj)
 .text.z_log_msg_post_finalize
                0x0000000060005398       0x78 zephyr/libzephyr.a(log_core.c.obj)
 .text.z_log_msg_commit
                0x0000000060005410       0x24 zephyr/libzephyr.a(log_core.c.obj)
                0x0000000060005410                z_log_msg_commit
 .text.log_source_name_get
                0x0000000060005434       0x1c zephyr/libzephyr.a(log_mgmt.c.obj)
                0x0000000060005434                log_source_name_get
 .text.log_backend_enable
                0x0000000060005450       0x28 zephyr/libzephyr.a(log_mgmt.c.obj)
                0x0000000060005450                log_backend_enable
 .text.z_impl_z_log_msg_static_create
                0x0000000060005478       0xa8 zephyr/libzephyr.a(log_msg.c.obj)
                0x0000000060005478                z_impl_z_log_msg_static_create
 .text.z_impl_z_log_msg_runtime_vcreate
                0x0000000060005520       0x94 zephyr/libzephyr.a(log_msg.c.obj)
                0x0000000060005520                z_impl_z_log_msg_runtime_vcreate
 .text.print_formatted
                0x00000000600055b4       0x24 zephyr/libzephyr.a(log_output.c.obj)
 .text.newline_print
                0x00000000600055d8       0x1c zephyr/libzephyr.a(log_output.c.obj)
 .text.log_output_process
                0x00000000600055f4      0x2a4 zephyr/libzephyr.a(log_output.c.obj)
                0x00000000600055f4                log_output_process
 .text.log_output_msg_process
                0x0000000060005898       0x70 zephyr/libzephyr.a(log_output.c.obj)
                0x0000000060005898                log_output_msg_process
 .text.log_output_dropped_process
                0x0000000060005908       0x58 zephyr/libzephyr.a(log_output.c.obj)
                0x0000000060005908                log_output_dropped_process
 .text.log_output_timestamp_freq_set
                0x0000000060005960       0x2c zephyr/libzephyr.a(log_output.c.obj)
                0x0000000060005960                log_output_timestamp_freq_set
 .text.format_set
                0x000000006000598c        0xc zephyr/libzephyr.a(log_backend_uart.c.obj)
 .text.panic    0x0000000060005998       0x14 zephyr/libzephyr.a(log_backend_uart.c.obj)
 .text.dropped  0x00000000600059ac        0xc zephyr/libzephyr.a(log_backend_uart.c.obj)
 .text.process  0x00000000600059b8       0x24 zephyr/libzephyr.a(log_backend_uart.c.obj)
 .text.char_out
                0x00000000600059dc       0x24 zephyr/libzephyr.a(log_backend_uart.c.obj)
 .text.z_arm_cpu_idle_init
                0x0000000060005a00        0xc zephyr/arch/arch/arm/core/aarch32/libarch__arm__core__aarch32.a(cpu_idle.S.obj)
                0x0000000060005a00                z_arm_cpu_idle_init
 .text.arch_cpu_idle
                0x0000000060005a0c       0x1c zephyr/arch/arch/arm/core/aarch32/libarch__arm__core__aarch32.a(cpu_idle.S.obj)
                0x0000000060005a0c                arch_cpu_idle
 .text.z_arm_fatal_error
                0x0000000060005a28       0xcc zephyr/arch/arch/arm/core/aarch32/libarch__arm__core__aarch32.a(fatal.c.obj)
                0x0000000060005a28                z_arm_fatal_error
 .text.arch_irq_enable
                0x0000000060005af4       0x1c zephyr/arch/arch/arm/core/aarch32/libarch__arm__core__aarch32.a(irq_manage.c.obj)
                0x0000000060005af4                arch_irq_enable
 .text.z_arm_irq_priority_set
                0x0000000060005b10       0x2c zephyr/arch/arch/arm/core/aarch32/libarch__arm__core__aarch32.a(irq_manage.c.obj)
                0x0000000060005b10                z_arm_irq_priority_set
 .text.z_SysNmiOnReset
                0x0000000060005b3c        0x8 zephyr/arch/arch/arm/core/aarch32/libarch__arm__core__aarch32.a(nmi_on_reset.S.obj)
                0x0000000060005b3c                z_SysNmiOnReset
 .text.z_arm_prep_c
                0x0000000060005b44       0x48 zephyr/arch/arch/arm/core/aarch32/libarch__arm__core__aarch32.a(prep_c.c.obj)
                0x0000000060005b44                z_arm_prep_c
 .text.arch_swap
                0x0000000060005b8c       0x38 zephyr/arch/arch/arm/core/aarch32/libarch__arm__core__aarch32.a(swap.c.obj)
                0x0000000060005b8c                arch_swap
 .text.z_arm_pendsv
                0x0000000060005bc4       0x6c zephyr/arch/arch/arm/core/aarch32/libarch__arm__core__aarch32.a(swap_helper.S.obj)
                0x0000000060005bc4                z_arm_pendsv
 .text.z_arm_svc
                0x0000000060005c30       0x20 zephyr/arch/arch/arm/core/aarch32/libarch__arm__core__aarch32.a(swap_helper.S.obj)
                0x0000000060005c30                z_arm_svc
 .text.arch_new_thread
                0x0000000060005c50       0x30 zephyr/arch/arch/arm/core/aarch32/libarch__arm__core__aarch32.a(thread.c.obj)
                0x0000000060005c50                arch_new_thread
 .text.z_check_thread_stack_fail
                0x0000000060005c80       0x30 zephyr/arch/arch/arm/core/aarch32/libarch__arm__core__aarch32.a(thread.c.obj)
                0x0000000060005c80                z_check_thread_stack_fail
 .text.arch_switch_to_main_thread
                0x0000000060005cb0       0x34 zephyr/arch/arch/arm/core/aarch32/libarch__arm__core__aarch32.a(thread.c.obj)
                0x0000000060005cb0                arch_switch_to_main_thread
 .text._isr_wrapper
                0x0000000060005ce4       0x28 zephyr/arch/arch/arm/core/aarch32/libarch__arm__core__aarch32.a(isr_wrapper.S.obj)
                0x0000000060005ce4                _isr_wrapper
 .text._HandlerModeExit
                0x0000000060005d0c       0x1c zephyr/arch/arch/arm/core/aarch32/cortex_m/libarch__arm__core__aarch32__cortex_m.a(exc_exit.S.obj)
                0x0000000060005d0c                z_arm_exc_exit
                0x0000000060005d0c                z_arm_int_exit
 .text.bus_fault.constprop.0
                0x0000000060005d28      0x154 zephyr/arch/arch/arm/core/aarch32/cortex_m/libarch__arm__core__aarch32__cortex_m.a(fault.c.obj)
 .text.usage_fault.constprop.0
                0x0000000060005e7c      0x104 zephyr/arch/arch/arm/core/aarch32/cortex_m/libarch__arm__core__aarch32__cortex_m.a(fault.c.obj)
 .text.mem_manage_fault
                0x0000000060005f80      0x178 zephyr/arch/arch/arm/core/aarch32/cortex_m/libarch__arm__core__aarch32__cortex_m.a(fault.c.obj)
 .text.z_arm_fault
                0x00000000600060f8      0x218 zephyr/arch/arch/arm/core/aarch32/cortex_m/libarch__arm__core__aarch32__cortex_m.a(fault.c.obj)
                0x00000000600060f8                z_arm_fault
 .text.z_arm_fault_init
                0x0000000060006310       0x10 zephyr/arch/arch/arm/core/aarch32/cortex_m/libarch__arm__core__aarch32__cortex_m.a(fault.c.obj)
                0x0000000060006310                z_arm_fault_init
 .text.__fault  0x0000000060006320       0x14 zephyr/arch/arch/arm/core/aarch32/cortex_m/libarch__arm__core__aarch32__cortex_m.a(fault_s.S.obj)
                0x0000000060006320                z_arm_bus_fault
                0x0000000060006320                z_arm_usage_fault
                0x0000000060006320                z_arm_mpu_fault
                0x0000000060006320                z_arm_exc_spurious
                0x0000000060006320                z_arm_debug_monitor
                0x0000000060006320                z_arm_hard_fault
 .text.z_arm_interrupt_init
                0x0000000060006334       0x18 zephyr/arch/arch/arm/core/aarch32/cortex_m/libarch__arm__core__aarch32__cortex_m.a(irq_init.c.obj)
                0x0000000060006334                z_arm_interrupt_init
 .text._reset_section
                0x000000006000634c       0x3c zephyr/arch/arch/arm/core/aarch32/cortex_m/libarch__arm__core__aarch32__cortex_m.a(reset.S.obj)
                0x000000006000634c                z_arm_reset
                0x000000006000634c                __start
 .text.z_impl_k_thread_abort
                0x0000000060006388       0x2c zephyr/arch/arch/arm/core/aarch32/cortex_m/libarch__arm__core__aarch32__cortex_m.a(thread_abort.c.obj)
                0x0000000060006388                z_impl_k_thread_abort
 .text.z_arm_configure_static_mpu_regions
                0x00000000600063b4       0x18 zephyr/arch/arch/arm/core/aarch32/mpu/libarch__arm__core__aarch32__mpu.a(arm_core_mpu.c.obj)
                0x00000000600063b4                z_arm_configure_static_mpu_regions
 .text.z_arm_configure_dynamic_mpu_regions
                0x00000000600063cc       0x24 zephyr/arch/arch/arm/core/aarch32/mpu/libarch__arm__core__aarch32__mpu.a(arm_core_mpu.c.obj)
                0x00000000600063cc                z_arm_configure_dynamic_mpu_regions
 .text.mpu_configure_regions
                0x00000000600063f0       0xcc zephyr/arch/arch/arm/core/aarch32/mpu/libarch__arm__core__aarch32__mpu.a(arm_mpu.c.obj)
 .text.arm_core_mpu_enable
                0x00000000600064bc       0x18 zephyr/arch/arch/arm/core/aarch32/mpu/libarch__arm__core__aarch32__mpu.a(arm_mpu.c.obj)
                0x00000000600064bc                arm_core_mpu_enable
 .text.arm_core_mpu_disable
                0x00000000600064d4       0x14 zephyr/arch/arch/arm/core/aarch32/mpu/libarch__arm__core__aarch32__mpu.a(arm_mpu.c.obj)
                0x00000000600064d4                arm_core_mpu_disable
 .text.arm_core_mpu_configure_static_mpu_regions
                0x00000000600064e8       0x14 zephyr/arch/arch/arm/core/aarch32/mpu/libarch__arm__core__aarch32__mpu.a(arm_mpu.c.obj)
                0x00000000600064e8                arm_core_mpu_configure_static_mpu_regions
 .text.arm_core_mpu_configure_dynamic_mpu_regions
                0x00000000600064fc       0x30 zephyr/arch/arch/arm/core/aarch32/mpu/libarch__arm__core__aarch32__mpu.a(arm_mpu.c.obj)
                0x00000000600064fc                arm_core_mpu_configure_dynamic_mpu_regions
 .text.z_arm_mpu_init
                0x000000006000652c       0xa8 zephyr/arch/arch/arm/core/aarch32/mpu/libarch__arm__core__aarch32__mpu.a(arm_mpu.c.obj)
                0x000000006000652c                z_arm_mpu_init
 .text.__stdout_hook_install
                0x00000000600065d4        0xc zephyr/lib/libc/minimal/liblib__libc__minimal.a(stdout_console.c.obj)
                0x00000000600065d4                __stdout_hook_install
 .text.mcux_ccm_get_subsys_rate
                0x00000000600065e0       0x94 zephyr/drivers/clock_control/libdrivers__clock_control.a(clock_control_mcux_ccm.c.obj)
 .text.uart_console_init
                0x0000000060006674       0x28 zephyr/drivers/console/libdrivers__console.a(uart_console.c.obj)
 .text.console_out
                0x000000006000669c       0x28 zephyr/drivers/console/libdrivers__console.a(uart_console.c.obj)
 .text.data_size_valid
                0x00000000600066c4       0x28 zephyr/drivers/dma/libdrivers__dma.a(dma_mcux_edma.c.obj)
 .text.dma_mcux_edma_init
                0x00000000600066ec       0x5c zephyr/drivers/dma/libdrivers__dma.a(dma_mcux_edma.c.obj)
 .text.dma_mcux_edma_error_irq_handler
                0x0000000060006748       0x84 zephyr/drivers/dma/libdrivers__dma.a(dma_mcux_edma.c.obj)
 .text.dma_mcux_edma_configure
                0x00000000600067cc      0x310 zephyr/drivers/dma/libdrivers__dma.a(dma_mcux_edma.c.obj)
 .text.dma_mcux_edma_reload
                0x0000000060006adc       0xe8 zephyr/drivers/dma/libdrivers__dma.a(dma_mcux_edma.c.obj)
 .text.imx_pinctrl_init
                0x0000000060006bc4       0x50 zephyr/drivers/pinctrl/libdrivers__pinctrl.a(pinctrl_imx.c.obj)
 .text.spi_mcux_dma_callback
                0x0000000060006c14       0x80 zephyr/drivers/spi/libdrivers__spi.a(spi_mcux_lpspi.c.obj)
 .text.spi_mcux_transceive
                0x0000000060006c94      0x4fc zephyr/drivers/spi/libdrivers__spi.a(spi_mcux_lpspi.c.obj)
 .text.spi_mcux_master_transfer_callback
                0x0000000060007190      0x164 zephyr/drivers/spi/libdrivers__spi.a(spi_mcux_lpspi.c.obj)
 .text.spi_mcux_init
                0x00000000600072f4      0x138 zephyr/drivers/spi/libdrivers__spi.a(spi_mcux_lpspi.c.obj)
 .text.elapsed  0x000000006000742c       0x3c zephyr/drivers/timer/libdrivers__timer.a(cortex_m_systick.c.obj)
 .text.sys_clock_driver_init
                0x0000000060007468       0x34 zephyr/drivers/timer/libdrivers__timer.a(cortex_m_systick.c.obj)
 .text.sys_clock_isr
                0x000000006000749c       0x44 zephyr/drivers/timer/libdrivers__timer.a(cortex_m_systick.c.obj)
                0x000000006000749c                sys_clock_isr
 .text.sys_clock_set_timeout
                0x00000000600074e0       0xe4 zephyr/drivers/timer/libdrivers__timer.a(cortex_m_systick.c.obj)
                0x00000000600074e0                sys_clock_set_timeout
 .text.sys_clock_elapsed
                0x00000000600075c4       0x3c zephyr/drivers/timer/libdrivers__timer.a(cortex_m_systick.c.obj)
                0x00000000600075c4                sys_clock_elapsed
 .text.sys_clock_cycle_get_32
                0x0000000060007600       0x2c zephyr/drivers/timer/libdrivers__timer.a(cortex_m_systick.c.obj)
                0x0000000060007600                sys_clock_cycle_get_32
 .text.CLOCK_GetOscFreq
                0x000000006000762c       0x20 modules/hal_nxp/hal_nxp/lib..__modules__hal__nxp.a(fsl_clock.c.obj)
 .text.CLOCK_InitEnetPll
                0x000000006000764c       0x68 modules/hal_nxp/hal_nxp/lib..__modules__hal__nxp.a(fsl_clock.c.obj)
                0x000000006000764c                CLOCK_InitEnetPll
 .text.CLOCK_GetPllFreq
                0x00000000600076b4      0x120 modules/hal_nxp/hal_nxp/lib..__modules__hal__nxp.a(fsl_clock.c.obj)
                0x00000000600076b4                CLOCK_GetPllFreq
 .text.CLOCK_GetPllUsb1SWFreq
                0x00000000600077d4       0x20 modules/hal_nxp/hal_nxp/lib..__modules__hal__nxp.a(fsl_clock.c.obj)
 .text.CLOCK_GetSysPfdFreq
                0x00000000600077f4       0x5c modules/hal_nxp/hal_nxp/lib..__modules__hal__nxp.a(fsl_clock.c.obj)
                0x00000000600077f4                CLOCK_GetSysPfdFreq
 .text.CLOCK_GetUsb1PfdFreq
                0x0000000060007850       0x5c modules/hal_nxp/hal_nxp/lib..__modules__hal__nxp.a(fsl_clock.c.obj)
                0x0000000060007850                CLOCK_GetUsb1PfdFreq
 .text.CLOCK_GetPeriphClkFreq
                0x00000000600078ac       0x94 modules/hal_nxp/hal_nxp/lib..__modules__hal__nxp.a(fsl_clock.c.obj)
 .text.CLOCK_GetAhbFreq
                0x0000000060007940       0x1c modules/hal_nxp/hal_nxp/lib..__modules__hal__nxp.a(fsl_clock.c.obj)
                0x0000000060007940                CLOCK_GetAhbFreq
 .text.CLOCK_GetIpgFreq
                0x000000006000795c       0x1c modules/hal_nxp/hal_nxp/lib..__modules__hal__nxp.a(fsl_clock.c.obj)
                0x000000006000795c                CLOCK_GetIpgFreq
 .text.CLOCK_GetPerClkFreq
                0x0000000060007978       0x28 modules/hal_nxp/hal_nxp/lib..__modules__hal__nxp.a(fsl_clock.c.obj)
                0x0000000060007978                CLOCK_GetPerClkFreq
 .text.CLOCK_GetSemcFreq
                0x00000000600079a0       0x38 modules/hal_nxp/hal_nxp/lib..__modules__hal__nxp.a(fsl_clock.c.obj)
                0x00000000600079a0                CLOCK_GetSemcFreq
 .text.CLOCK_GetFreq
                0x00000000600079d8       0xd8 modules/hal_nxp/hal_nxp/lib..__modules__hal__nxp.a(fsl_clock.c.obj)
                0x00000000600079d8                CLOCK_GetFreq
 .text.SystemInit
                0x0000000060007ab0       0xcc modules/hal_nxp/hal_nxp/lib..__modules__hal__nxp.a(system_MIMXRT1021.c.obj)
                0x0000000060007ab0                SystemInit
 .text.EDMA_Init
                0x0000000060007b7c       0x50 modules/hal_nxp/hal_nxp/lib..__modules__hal__nxp.a(fsl_edma.c.obj)
                0x0000000060007b7c                EDMA_Init
 .text.EDMA_CreateHandle
                0x0000000060007bcc       0x78 modules/hal_nxp/hal_nxp/lib..__modules__hal__nxp.a(fsl_edma.c.obj)
                0x0000000060007bcc                EDMA_CreateHandle
 .text.EDMA_PrepareTransferConfig
                0x0000000060007c44       0x58 modules/hal_nxp/hal_nxp/lib..__modules__hal__nxp.a(fsl_edma.c.obj)
                0x0000000060007c44                EDMA_PrepareTransferConfig
 .text.DMAMUX_Init
                0x0000000060007c9c       0x20 modules/hal_nxp/hal_nxp/lib..__modules__hal__nxp.a(fsl_dmamux.c.obj)
                0x0000000060007c9c                DMAMUX_Init
 .text.CLOCK_ControlGate
                0x0000000060007cbc       0x2c modules/hal_nxp/hal_nxp/lib..__modules__hal__nxp.a(fsl_lpspi.c.obj)
 .text.EnableIRQ.isra.0
                0x0000000060007ce8       0x1c modules/hal_nxp/hal_nxp/lib..__modules__hal__nxp.a(fsl_lpspi.c.obj)
 .text.LPSPI_GetInstance
                0x0000000060007d04       0x38 modules/hal_nxp/hal_nxp/lib..__modules__hal__nxp.a(fsl_lpspi.c.obj)
                0x0000000060007d04                LPSPI_GetInstance
 .text.LPSPI_SetDummyData
                0x0000000060007d3c       0x10 modules/hal_nxp/hal_nxp/lib..__modules__hal__nxp.a(fsl_lpspi.c.obj)
                0x0000000060007d3c                LPSPI_SetDummyData
 .text.LPSPI_MasterGetDefaultConfig
                0x0000000060007d4c       0x2c modules/hal_nxp/hal_nxp/lib..__modules__hal__nxp.a(fsl_lpspi.c.obj)
                0x0000000060007d4c                LPSPI_MasterGetDefaultConfig
 .text.LPSPI_MasterSetBaudRate
                0x0000000060007d78       0xa0 modules/hal_nxp/hal_nxp/lib..__modules__hal__nxp.a(fsl_lpspi.c.obj)
                0x0000000060007d78                LPSPI_MasterSetBaudRate
 .text.LPSPI_MasterInit
                0x0000000060007e18       0xe8 modules/hal_nxp/hal_nxp/lib..__modules__hal__nxp.a(fsl_lpspi.c.obj)
                0x0000000060007e18                LPSPI_MasterInit
 .text.LPSPI_MasterTransferCreateHandle
                0x0000000060007f00       0x38 modules/hal_nxp/hal_nxp/lib..__modules__hal__nxp.a(fsl_lpspi.c.obj)
                0x0000000060007f00                LPSPI_MasterTransferCreateHandle
 .text.LPSPI_MasterTransferNonBlocking
                0x0000000060007f38      0x220 modules/hal_nxp/hal_nxp/lib..__modules__hal__nxp.a(fsl_lpspi.c.obj)
                0x0000000060007f38                LPSPI_MasterTransferNonBlocking
 .text.CLOCK_ControlGate
                0x0000000060008158       0x2c modules/hal_nxp/hal_nxp/lib..__modules__hal__nxp.a(fsl_lpuart.c.obj)
 .text.LPUART_GetInstance
                0x0000000060008184       0x1c modules/hal_nxp/hal_nxp/lib..__modules__hal__nxp.a(fsl_lpuart.c.obj)
                0x0000000060008184                LPUART_GetInstance
 .text.LPUART_Init
                0x00000000600081a0      0x19c modules/hal_nxp/hal_nxp/lib..__modules__hal__nxp.a(fsl_lpuart.c.obj)
                0x00000000600081a0                LPUART_Init
 .text.LPUART_Deinit
                0x000000006000833c       0x38 modules/hal_nxp/hal_nxp/lib..__modules__hal__nxp.a(fsl_lpuart.c.obj)
                0x000000006000833c                LPUART_Deinit
 .text.LPUART_GetStatusFlags
                0x0000000060008374       0x18 modules/hal_nxp/hal_nxp/lib..__modules__hal__nxp.a(fsl_lpuart.c.obj)
                0x0000000060008374                LPUART_GetStatusFlags
 .text.LPUART_ClearStatusFlags
                0x000000006000838c       0x3c modules/hal_nxp/hal_nxp/lib..__modules__hal__nxp.a(fsl_lpuart.c.obj)
                0x000000006000838c                LPUART_ClearStatusFlags
 .text.k_sys_fatal_error_handler
                0x00000000600083c8       0x30 zephyr/kernel/libkernel.a(fatal.c.obj)
                0x00000000600083c8                k_sys_fatal_error_handler
 .text.z_fatal_error
                0x00000000600083f8      0x100 zephyr/kernel/libkernel.a(fatal.c.obj)
                0x00000000600083f8                z_fatal_error
 .text.z_sys_init_run_level
                0x00000000600084f8       0x44 zephyr/kernel/libkernel.a(init.c.obj)
 .text.bg_thread_main
                0x000000006000853c       0x34 zephyr/kernel/libkernel.a(init.c.obj)
 .text.z_bss_zero
                0x0000000060008570       0x2c zephyr/kernel/libkernel.a(init.c.obj)
                0x0000000060008570                z_bss_zero
 .text.z_init_cpu
                0x000000006000859c       0x7c zephyr/kernel/libkernel.a(init.c.obj)
                0x000000006000859c                z_init_cpu
 .text.z_cstart
                0x0000000060008618       0xd8 zephyr/kernel/libkernel.a(init.c.obj)
                0x0000000060008618                z_cstart
 .text.z_thread_monitor_exit
                0x00000000600086f0       0x44 zephyr/kernel/libkernel.a(thread.c.obj)
                0x00000000600086f0                z_thread_monitor_exit
 .text.z_impl_k_thread_name_set
                0x0000000060008734       0x20 zephyr/kernel/libkernel.a(thread.c.obj)
                0x0000000060008734                z_impl_k_thread_name_set
 .text.z_setup_new_thread
                0x0000000060008754       0xf0 zephyr/kernel/libkernel.a(thread.c.obj)
                0x0000000060008754                z_setup_new_thread
 .text.z_impl_k_thread_create
                0x0000000060008844       0x58 zephyr/kernel/libkernel.a(thread.c.obj)
                0x0000000060008844                z_impl_k_thread_create
 .text.z_init_static_threads
                0x000000006000889c       0x94 zephyr/kernel/libkernel.a(thread.c.obj)
                0x000000006000889c                z_init_static_threads
 .text.z_thread_mark_switched_in
                0x0000000060008930        0xc zephyr/kernel/libkernel.a(thread.c.obj)
                0x0000000060008930                z_thread_mark_switched_in
 .text.z_impl_k_sem_give
                0x000000006000893c       0x44 zephyr/kernel/libkernel.a(sem.c.obj)
                0x000000006000893c                z_impl_k_sem_give
 .text.z_impl_k_sem_take
                0x0000000060008980       0x50 zephyr/kernel/libkernel.a(sem.c.obj)
                0x0000000060008980                z_impl_k_sem_take
 .text.z_reset_time_slice
                0x00000000600089d0       0x28 zephyr/kernel/libkernel.a(sched.c.obj)
                0x00000000600089d0                z_reset_time_slice
 .text.update_cache
                0x00000000600089f8       0x50 zephyr/kernel/libkernel.a(sched.c.obj)
 .text.move_thread_to_end_of_prio_q
                0x0000000060008a48       0x74 zephyr/kernel/libkernel.a(sched.c.obj)
 .text.ready_thread
                0x0000000060008abc       0x68 zephyr/kernel/libkernel.a(sched.c.obj)
 .text.unready_thread
                0x0000000060008b24       0x30 zephyr/kernel/libkernel.a(sched.c.obj)
 .text.pend_locked
                0x0000000060008b54       0x30 zephyr/kernel/libkernel.a(sched.c.obj)
 .text.k_sched_time_slice_set
                0x0000000060008b84       0x4c zephyr/kernel/libkernel.a(sched.c.obj)
                0x0000000060008b84                k_sched_time_slice_set
 .text.z_time_slice
                0x0000000060008bd0       0x84 zephyr/kernel/libkernel.a(sched.c.obj)
                0x0000000060008bd0                z_time_slice
 .text.z_pend_curr
                0x0000000060008c54       0x3c zephyr/kernel/libkernel.a(sched.c.obj)
                0x0000000060008c54                z_pend_curr
 .text.z_reschedule
                0x0000000060008c90       0x24 zephyr/kernel/libkernel.a(sched.c.obj)
                0x0000000060008c90                z_reschedule
 .text.z_sched_start
                0x0000000060008cb4       0x3c zephyr/kernel/libkernel.a(sched.c.obj)
                0x0000000060008cb4                z_sched_start
 .text.z_impl_k_thread_suspend
                0x0000000060008cf0       0x64 zephyr/kernel/libkernel.a(sched.c.obj)
                0x0000000060008cf0                z_impl_k_thread_suspend
 .text.k_sched_lock
                0x0000000060008d54       0x28 zephyr/kernel/libkernel.a(sched.c.obj)
                0x0000000060008d54                k_sched_lock
 .text.k_sched_unlock
                0x0000000060008d7c       0x38 zephyr/kernel/libkernel.a(sched.c.obj)
                0x0000000060008d7c                k_sched_unlock
 .text.z_sched_init
                0x0000000060008db4       0x18 zephyr/kernel/libkernel.a(sched.c.obj)
                0x0000000060008db4                z_sched_init
 .text.z_impl_k_yield
                0x0000000060008dcc       0x7c zephyr/kernel/libkernel.a(sched.c.obj)
                0x0000000060008dcc                z_impl_k_yield
 .text.z_tick_sleep
                0x0000000060008e48       0x88 zephyr/kernel/libkernel.a(sched.c.obj)
 .text.z_impl_k_sleep
                0x0000000060008ed0       0x30 zephyr/kernel/libkernel.a(sched.c.obj)
                0x0000000060008ed0                z_impl_k_sleep
 .text.z_impl_z_current_get
                0x0000000060008f00        0xc zephyr/kernel/libkernel.a(sched.c.obj)
                0x0000000060008f00                z_impl_z_current_get
 .text.z_thread_abort
                0x0000000060008f0c       0xc8 zephyr/kernel/libkernel.a(sched.c.obj)
                0x0000000060008f0c                z_thread_abort
 .text.z_data_copy
                0x0000000060008fd4       0x64 zephyr/kernel/libkernel.a(xip.c.obj)
                0x0000000060008fd4                z_data_copy
 .text.elapsed  0x0000000060009038       0x14 zephyr/kernel/libkernel.a(timeout.c.obj)
 .text.next_timeout
                0x000000006000904c       0x50 zephyr/kernel/libkernel.a(timeout.c.obj)
 .text.remove_timeout
                0x000000006000909c       0x38 zephyr/kernel/libkernel.a(timeout.c.obj)
 .text.z_add_timeout
                0x00000000600090d4       0xfc zephyr/kernel/libkernel.a(timeout.c.obj)
                0x00000000600090d4                z_add_timeout
 .text.sys_clock_announce
                0x00000000600091d0       0xd8 zephyr/kernel/libkernel.a(timeout.c.obj)
                0x00000000600091d0                sys_clock_announce
 .text.sys_clock_tick_get
                0x00000000600092a8       0x34 zephyr/kernel/libkernel.a(timeout.c.obj)
                0x00000000600092a8                sys_clock_tick_get
 .text.z_impl_k_busy_wait
                0x00000000600092dc       0x30 zephyr/kernel/libkernel.a(timeout.c.obj)
                0x00000000600092dc                z_impl_k_busy_wait
 .text.z_timer_expiration_handler
                0x000000006000930c       0xe4 zephyr/kernel/libkernel.a(timer.c.obj)
                0x000000006000930c                z_timer_expiration_handler
 .text.z_impl_k_timer_start
                0x00000000600093f0       0x60 zephyr/kernel/libkernel.a(timer.c.obj)
                0x00000000600093f0                z_impl_k_timer_start
 .text.z_sched_usage_start
                0x0000000060009450       0x18 zephyr/kernel/libkernel.a(usage.c.obj)
                0x0000000060009450                z_sched_usage_start
 .text.z_sched_usage_stop
                0x0000000060009468       0x58 zephyr/kernel/libkernel.a(usage.c.obj)
                0x0000000060009468                z_sched_usage_stop
 .text.boot_banner
                0x00000000600094c0        0xc zephyr/kernel/libkernel.a(banner.c.obj)
                0x00000000600094c0                boot_banner
 .text._OffsetAbsSyms
                0x00000000600094cc        0x2 zephyr/CMakeFiles/offsets.dir/./arch/arm/core/offsets/offsets.c.obj
                0x00000000600094cc                _OffsetAbsSyms
 .text.cbpprintf_external
                0x00000000600094ce       0x62 zephyr/libzephyr.a(cbprintf_packaged.c.obj)
                0x00000000600094ce                cbpprintf_external
 .text.is_ptr   0x0000000060009530       0x4a zephyr/libzephyr.a(cbprintf_packaged.c.obj)
                0x0000000060009530                is_ptr
 .text.arch_printk_char_out
                0x000000006000957a        0x4 zephyr/libzephyr.a(printk.c.obj)
                0x000000006000957a                arch_printk_char_out
 .text.str_out  0x000000006000957e       0x24 zephyr/libzephyr.a(printk.c.obj)
 .text.printk   0x00000000600095a2       0x1a zephyr/libzephyr.a(printk.c.obj)
                0x00000000600095a2                printk
 .text.snprintk
                0x00000000600095bc       0x1a zephyr/libzephyr.a(printk.c.obj)
                0x00000000600095bc                snprintk
 .text.z_thread_entry
                0x00000000600095d6       0x14 zephyr/libzephyr.a(thread_entry.c.obj)
                0x00000000600095d6                z_thread_entry
 .text.encode_uint
                0x00000000600095ea       0x8c zephyr/libzephyr.a(cbprintf_complete.c.obj)
 .text.outs     0x0000000060009676       0x2e zephyr/libzephyr.a(cbprintf_complete.c.obj)
 .text.free_space
                0x00000000600096a4       0x26 zephyr/libzephyr.a(mpsc_pbuf.c.obj)
 .text.get_usage
                0x00000000600096ca       0x22 zephyr/libzephyr.a(mpsc_pbuf.c.obj)
 .text.idx_inc  0x00000000600096ec       0x1c zephyr/libzephyr.a(mpsc_pbuf.c.obj)
 .text.rd_idx_inc
                0x0000000060009708       0x18 zephyr/libzephyr.a(mpsc_pbuf.c.obj)
 .text.add_skip_item
                0x0000000060009720       0x3a zephyr/libzephyr.a(mpsc_pbuf.c.obj)
 .text.drop_item_locked
                0x000000006000975a       0xee zephyr/libzephyr.a(mpsc_pbuf.c.obj)
 .text.post_drop_action
                0x0000000060009848       0x36 zephyr/libzephyr.a(mpsc_pbuf.c.obj)
 .text.max_utilization_update
                0x000000006000987e       0x1a zephyr/libzephyr.a(mpsc_pbuf.c.obj)
 .text.mpsc_pbuf_init
                0x0000000060009898       0x42 zephyr/libzephyr.a(mpsc_pbuf.c.obj)
                0x0000000060009898                mpsc_pbuf_init
 .text.mpsc_pbuf_alloc
                0x00000000600098da       0xfc zephyr/libzephyr.a(mpsc_pbuf.c.obj)
                0x00000000600098da                mpsc_pbuf_alloc
 .text.mpsc_pbuf_commit
                0x00000000600099d6       0x40 zephyr/libzephyr.a(mpsc_pbuf.c.obj)
                0x00000000600099d6                mpsc_pbuf_commit
 .text.mpsc_pbuf_claim
                0x0000000060009a16       0xa4 zephyr/libzephyr.a(mpsc_pbuf.c.obj)
                0x0000000060009a16                mpsc_pbuf_claim
 .text.mpsc_pbuf_free
                0x0000000060009aba       0x78 zephyr/libzephyr.a(mpsc_pbuf.c.obj)
                0x0000000060009aba                mpsc_pbuf_free
 .text.mpsc_pbuf_is_pending
                0x0000000060009b32       0x1a zephyr/libzephyr.a(mpsc_pbuf.c.obj)
                0x0000000060009b32                mpsc_pbuf_is_pending
 .text._ConfigAbsSyms
                0x0000000060009b4c        0x2 zephyr/libzephyr.a(configs.c.obj)
                0x0000000060009b4c                _ConfigAbsSyms
 .text.z_arm_platform_init
                0x0000000060009b4e        0x4 zephyr/libzephyr.a(soc_rt10xx.c.obj)
                0x0000000060009b4e                z_arm_platform_init
 .text.log_msg_generic_get_wlen
                0x0000000060009b52       0x22 zephyr/libzephyr.a(log_core.c.obj)
 .text.dummy_timestamp
                0x0000000060009b74        0x4 zephyr/libzephyr.a(log_core.c.obj)
 .text.atomic_inc
                0x0000000060009b78       0x1a zephyr/libzephyr.a(log_core.c.obj)
 .text.default_lf_get_timestamp
                0x0000000060009b92       0x10 zephyr/libzephyr.a(log_core.c.obj)
 .text.z_log_vprintk
                0x0000000060009ba2       0x1c zephyr/libzephyr.a(log_core.c.obj)
                0x0000000060009ba2                z_log_vprintk
 .text.z_log_notify_drop
                0x0000000060009bbe        0x6 zephyr/libzephyr.a(log_core.c.obj)
 .text.z_log_get_tag
                0x0000000060009bc4        0x4 zephyr/libzephyr.a(log_core.c.obj)
                0x0000000060009bc4                z_log_get_tag
 .text.z_cbprintf_cpy
                0x0000000060009bc8       0x2c zephyr/libzephyr.a(log_msg.c.obj)
 .text.z_log_msg_finalize
                0x0000000060009bf4       0x34 zephyr/libzephyr.a(log_msg.c.obj)
                0x0000000060009bf4                z_log_msg_finalize
 .text.buffer_write
                0x0000000060009c28       0x1a zephyr/libzephyr.a(log_output.c.obj)
 .text.cbvprintf
                0x0000000060009c42        0xe zephyr/libzephyr.a(log_output.c.obj)
 .text.log_output_flush
                0x0000000060009c50       0x1a zephyr/libzephyr.a(log_output.c.obj)
                0x0000000060009c50                log_output_flush
 .text.out_func
                0x0000000060009c6a       0x36 zephyr/libzephyr.a(log_output.c.obj)
 .text.cr_out_func
                0x0000000060009ca0       0x1c zephyr/libzephyr.a(log_output.c.obj)
 .text.log_backend_uart_init
                0x0000000060009cbc        0x2 zephyr/libzephyr.a(log_backend_uart.c.obj)
 .text.z_do_kernel_oops
                0x0000000060009cbe        0x8 zephyr/arch/arch/arm/core/aarch32/libarch__arm__core__aarch32.a(fatal.c.obj)
                0x0000000060009cbe                z_do_kernel_oops
 .text.z_irq_spurious
                0x0000000060009cc6        0x8 zephyr/arch/arch/arm/core/aarch32/libarch__arm__core__aarch32.a(irq_manage.c.obj)
                0x0000000060009cc6                z_irq_spurious
 .text.z_arm_nmi
                0x0000000060009cce        0xe zephyr/arch/arch/arm/core/aarch32/libarch__arm__core__aarch32.a(nmi.c.obj)
                0x0000000060009cce                z_arm_nmi
 .text.z_log_msg_static_create.constprop.0
                0x0000000060009cdc        0x6 zephyr/arch/arch/arm/core/aarch32/cortex_m/libarch__arm__core__aarch32__cortex_m.a(fault.c.obj)
 .text.strncpy  0x0000000060009ce2       0x28 zephyr/lib/libc/minimal/liblib__libc__minimal.a(string.c.obj)
                0x0000000060009ce2                strncpy
 .text.strlen   0x0000000060009d0a        0xe zephyr/lib/libc/minimal/liblib__libc__minimal.a(string.c.obj)
                0x0000000060009d0a                strlen
 .text.strnlen  0x0000000060009d18       0x12 zephyr/lib/libc/minimal/liblib__libc__minimal.a(string.c.obj)
                0x0000000060009d18                strnlen
 .text.memcpy   0x0000000060009d2a       0x16 zephyr/lib/libc/minimal/liblib__libc__minimal.a(string.c.obj)
                0x0000000060009d2a                memcpy
 .text.memset   0x0000000060009d40       0x12 zephyr/lib/libc/minimal/liblib__libc__minimal.a(string.c.obj)
                0x0000000060009d40                memset
 .text._stdout_hook_default
                0x0000000060009d52        0x6 zephyr/lib/libc/minimal/liblib__libc__minimal.a(stdout_console.c.obj)
 .text.mcux_ccm_on
                0x0000000060009d58        0x4 zephyr/drivers/clock_control/libdrivers__clock_control.a(clock_control_mcux_ccm.c.obj)
 .text.mcux_ccm_init
                0x0000000060009d5c        0x4 zephyr/drivers/clock_control/libdrivers__clock_control.a(clock_control_mcux_ccm.c.obj)
 .text.mcux_ccm_off
                0x0000000060009d60        0x4 zephyr/drivers/clock_control/libdrivers__clock_control.a(clock_control_mcux_ccm.c.obj)
 .text.nxp_edma_callback
                0x0000000060009d64       0x30 zephyr/drivers/dma/libdrivers__dma.a(dma_mcux_edma.c.obj)
 .text.dma_mcux_edma_channel_filter
                0x0000000060009d94       0x16 zephyr/drivers/dma/libdrivers__dma.a(dma_mcux_edma.c.obj)
 .text.dma_mcux_edma_get_status
                0x0000000060009daa       0x3c zephyr/drivers/dma/libdrivers__dma.a(dma_mcux_edma.c.obj)
 .text.dma_mcux_edma_resume
                0x0000000060009de6       0x22 zephyr/drivers/dma/libdrivers__dma.a(dma_mcux_edma.c.obj)
 .text.dma_mcux_edma_start
                0x0000000060009e08       0x1e zephyr/drivers/dma/libdrivers__dma.a(dma_mcux_edma.c.obj)
 .text.dma_mcux_edma_suspend
                0x0000000060009e26       0x22 zephyr/drivers/dma/libdrivers__dma.a(dma_mcux_edma.c.obj)
 .text.dma_mcux_edma_stop
                0x0000000060009e48       0x42 zephyr/drivers/dma/libdrivers__dma.a(dma_mcux_edma.c.obj)
 .text.dma_imx_config_func_0
                0x0000000060009e8a      0x116 zephyr/drivers/dma/libdrivers__dma.a(dma_mcux_edma.c.obj)
 .text.dma_mcux_edma_irq_handler
                0x0000000060009fa0       0x2c zephyr/drivers/dma/libdrivers__dma.a(dma_mcux_edma.c.obj)
 .text.z_log_msg_static_create.constprop.0
                0x0000000060009fcc        0x6 zephyr/drivers/dma/libdrivers__dma.a(dma_mcux_edma.c.obj)
 .text.mcux_igpio_port_get_raw
                0x0000000060009fd2        0xc zephyr/drivers/gpio/libdrivers__gpio.a(gpio_mcux_igpio.c.obj)
 .text.mcux_igpio_port_set_masked_raw
                0x0000000060009fde       0x12 zephyr/drivers/gpio/libdrivers__gpio.a(gpio_mcux_igpio.c.obj)
 .text.mcux_igpio_port_set_bits_raw
                0x0000000060009ff0        0xc zephyr/drivers/gpio/libdrivers__gpio.a(gpio_mcux_igpio.c.obj)
 .text.mcux_igpio_port_clear_bits_raw
                0x0000000060009ffc        0xc zephyr/drivers/gpio/libdrivers__gpio.a(gpio_mcux_igpio.c.obj)
 .text.mcux_igpio_port_toggle_bits
                0x000000006000a008        0xc zephyr/drivers/gpio/libdrivers__gpio.a(gpio_mcux_igpio.c.obj)
 .text.mcux_igpio_pin_interrupt_configure
                0x000000006000a014       0xcc zephyr/drivers/gpio/libdrivers__gpio.a(gpio_mcux_igpio.c.obj)
 .text.mcux_igpio_manage_callback
                0x000000006000a0e0       0x52 zephyr/drivers/gpio/libdrivers__gpio.a(gpio_mcux_igpio.c.obj)
 .text.mcux_igpio_configure
                0x000000006000a132       0xca zephyr/drivers/gpio/libdrivers__gpio.a(gpio_mcux_igpio.c.obj)
 .text.mcux_igpio_0_init
                0x000000006000a1fc       0x26 zephyr/drivers/gpio/libdrivers__gpio.a(gpio_mcux_igpio.c.obj)
 .text.mcux_igpio_1_init
                0x000000006000a222       0x26 zephyr/drivers/gpio/libdrivers__gpio.a(gpio_mcux_igpio.c.obj)
 .text.mcux_igpio_2_init
                0x000000006000a248       0x26 zephyr/drivers/gpio/libdrivers__gpio.a(gpio_mcux_igpio.c.obj)
 .text.mcux_igpio_3_init
                0x000000006000a26e       0x26 zephyr/drivers/gpio/libdrivers__gpio.a(gpio_mcux_igpio.c.obj)
 .text.mcux_igpio_port_isr
                0x000000006000a294       0x32 zephyr/drivers/gpio/libdrivers__gpio.a(gpio_mcux_igpio.c.obj)
 .text.pinctrl_lookup_state
                0x000000006000a2c6       0x26 zephyr/drivers/pinctrl/libdrivers__pinctrl.a(common.c.obj)
                0x000000006000a2c6                pinctrl_lookup_state
 .text.pinctrl_configure_pins
                0x000000006000a2ec       0x8e zephyr/drivers/pinctrl/libdrivers__pinctrl.a(pinctrl_imx.c.obj)
                0x000000006000a2ec                pinctrl_configure_pins
 .text.mcux_lpuart_config_get
                0x000000006000a37a       0x10 zephyr/drivers/serial/libdrivers__serial.a(uart_mcux_lpuart.c.obj)
 .text.mcux_lpuart_configure_init
                0x000000006000a38a       0xfe zephyr/drivers/serial/libdrivers__serial.a(uart_mcux_lpuart.c.obj)
 .text.mcux_lpuart_poll_out
                0x000000006000a488       0x2e zephyr/drivers/serial/libdrivers__serial.a(uart_mcux_lpuart.c.obj)
 .text.mcux_lpuart_poll_in
                0x000000006000a4b6       0x40 zephyr/drivers/serial/libdrivers__serial.a(uart_mcux_lpuart.c.obj)
 .text.mcux_lpuart_err_check
                0x000000006000a4f6       0x34 zephyr/drivers/serial/libdrivers__serial.a(uart_mcux_lpuart.c.obj)
 .text.mcux_lpuart_init
                0x000000006000a52a       0x3e zephyr/drivers/serial/libdrivers__serial.a(uart_mcux_lpuart.c.obj)
 .text.mcux_lpuart_configure
                0x000000006000a568       0x26 zephyr/drivers/serial/libdrivers__serial.a(uart_mcux_lpuart.c.obj)
 .text.spi_mcux_config_func_0
                0x000000006000a58e       0x16 zephyr/drivers/spi/libdrivers__spi.a(spi_mcux_lpspi.c.obj)
 .text.spi_mcux_isr
                0x000000006000a5a4        0xc zephyr/drivers/spi/libdrivers__spi.a(spi_mcux_lpspi.c.obj)
 .text.spi_context_get_next_buf.constprop.0
                0x000000006000a5b0       0x26 zephyr/drivers/spi/libdrivers__spi.a(spi_mcux_lpspi.c.obj)
 .text.z_log_msg_static_create.constprop.0
                0x000000006000a5d6        0x6 zephyr/drivers/spi/libdrivers__spi.a(spi_mcux_lpspi.c.obj)
 .text.gpio_pin_set_dt.isra.0
                0x000000006000a5dc       0x28 zephyr/drivers/spi/libdrivers__spi.a(spi_mcux_lpspi.c.obj)
 .text._spi_context_cs_control
                0x000000006000a604       0x44 zephyr/drivers/spi/libdrivers__spi.a(spi_mcux_lpspi.c.obj)
 .text.spi_context_unlock_unconditionally
                0x000000006000a648       0x20 zephyr/drivers/spi/libdrivers__spi.a(spi_mcux_lpspi.c.obj)
 .text.spi_mcux_release
                0x000000006000a668        0xe zephyr/drivers/spi/libdrivers__spi.a(spi_mcux_lpspi.c.obj)
 .text.SystemInitHook
                0x000000006000a676        0x2 modules/hal_nxp/hal_nxp/lib..__modules__hal__nxp.a(system_MIMXRT1021.c.obj)
                0x000000006000a676                SystemInitHook
 .text.EDMA_InstallTCD
                0x000000006000a678       0x68 modules/hal_nxp/hal_nxp/lib..__modules__hal__nxp.a(fsl_edma.c.obj)
                0x000000006000a678                EDMA_InstallTCD
 .text.EDMA_GetDefaultConfig
                0x000000006000a6e0       0x1a modules/hal_nxp/hal_nxp/lib..__modules__hal__nxp.a(fsl_edma.c.obj)
                0x000000006000a6e0                EDMA_GetDefaultConfig
 .text.EDMA_EnableChannelInterrupts
                0x000000006000a6fa       0x3e modules/hal_nxp/hal_nxp/lib..__modules__hal__nxp.a(fsl_edma.c.obj)
                0x000000006000a6fa                EDMA_EnableChannelInterrupts
 .text.EDMA_TcdReset
                0x000000006000a738       0x1c modules/hal_nxp/hal_nxp/lib..__modules__hal__nxp.a(fsl_edma.c.obj)
                0x000000006000a738                EDMA_TcdReset
 .text.EDMA_ResetChannel
                0x000000006000a754        0xa modules/hal_nxp/hal_nxp/lib..__modules__hal__nxp.a(fsl_edma.c.obj)
                0x000000006000a754                EDMA_ResetChannel
 .text.EDMA_TcdSetTransferConfig
                0x000000006000a75e       0x44 modules/hal_nxp/hal_nxp/lib..__modules__hal__nxp.a(fsl_edma.c.obj)
                0x000000006000a75e                EDMA_TcdSetTransferConfig
 .text.EDMA_TcdSetChannelLink
                0x000000006000a7a2       0x84 modules/hal_nxp/hal_nxp/lib..__modules__hal__nxp.a(fsl_edma.c.obj)
                0x000000006000a7a2                EDMA_TcdSetChannelLink
 .text.EDMA_SetChannelLink
                0x000000006000a826       0x14 modules/hal_nxp/hal_nxp/lib..__modules__hal__nxp.a(fsl_edma.c.obj)
                0x000000006000a826                EDMA_SetChannelLink
 .text.EDMA_GetRemainingMajorLoopCount
                0x000000006000a83a       0x28 modules/hal_nxp/hal_nxp/lib..__modules__hal__nxp.a(fsl_edma.c.obj)
                0x000000006000a83a                EDMA_GetRemainingMajorLoopCount
 .text.EDMA_GetChannelStatusFlags
                0x000000006000a862       0x28 modules/hal_nxp/hal_nxp/lib..__modules__hal__nxp.a(fsl_edma.c.obj)
                0x000000006000a862                EDMA_GetChannelStatusFlags
 .text.EDMA_ClearChannelStatusFlags
                0x000000006000a88a       0x1a modules/hal_nxp/hal_nxp/lib..__modules__hal__nxp.a(fsl_edma.c.obj)
                0x000000006000a88a                EDMA_ClearChannelStatusFlags
 .text.EDMA_InstallTCDMemory
                0x000000006000a8a4       0x12 modules/hal_nxp/hal_nxp/lib..__modules__hal__nxp.a(fsl_edma.c.obj)
                0x000000006000a8a4                EDMA_InstallTCDMemory
 .text.EDMA_SetCallback
                0x000000006000a8b6        0x6 modules/hal_nxp/hal_nxp/lib..__modules__hal__nxp.a(fsl_edma.c.obj)
                0x000000006000a8b6                EDMA_SetCallback
 .text.EDMA_PrepareTransfer
                0x000000006000a8bc       0x42 modules/hal_nxp/hal_nxp/lib..__modules__hal__nxp.a(fsl_edma.c.obj)
                0x000000006000a8bc                EDMA_PrepareTransfer
 .text.EDMA_SubmitTransfer
                0x000000006000a8fe      0x18a modules/hal_nxp/hal_nxp/lib..__modules__hal__nxp.a(fsl_edma.c.obj)
                0x000000006000a8fe                EDMA_SubmitTransfer
 .text.EDMA_StartTransfer
                0x000000006000aa88       0x50 modules/hal_nxp/hal_nxp/lib..__modules__hal__nxp.a(fsl_edma.c.obj)
                0x000000006000aa88                EDMA_StartTransfer
 .text.EDMA_StopTransfer
                0x000000006000aad8       0x14 modules/hal_nxp/hal_nxp/lib..__modules__hal__nxp.a(fsl_edma.c.obj)
                0x000000006000aad8                EDMA_StopTransfer
 .text.EDMA_AbortTransfer
                0x000000006000aaec       0x52 modules/hal_nxp/hal_nxp/lib..__modules__hal__nxp.a(fsl_edma.c.obj)
                0x000000006000aaec                EDMA_AbortTransfer
 .text.EDMA_HandleIRQ
                0x000000006000ab3e       0xc2 modules/hal_nxp/hal_nxp/lib..__modules__hal__nxp.a(fsl_edma.c.obj)
                0x000000006000ab3e                EDMA_HandleIRQ
 .text.LPSPI_MasterTransferComplete
                0x000000006000ac00       0x24 modules/hal_nxp/hal_nxp/lib..__modules__hal__nxp.a(fsl_lpspi.c.obj)
 .text.LPSPI_CombineWriteData
                0x000000006000ac24       0x48 modules/hal_nxp/hal_nxp/lib..__modules__hal__nxp.a(fsl_lpspi.c.obj)
 .text.LPSPI_MasterTransferFillUpTxFifo
                0x000000006000ac6c       0x8e modules/hal_nxp/hal_nxp/lib..__modules__hal__nxp.a(fsl_lpspi.c.obj)
 .text.LPSPI_SeparateReadData
                0x000000006000acfa       0x66 modules/hal_nxp/hal_nxp/lib..__modules__hal__nxp.a(fsl_lpspi.c.obj)
 .text.LPSPI_MasterTransferHandleIRQ
                0x000000006000ad60      0x13c modules/hal_nxp/hal_nxp/lib..__modules__hal__nxp.a(fsl_lpspi.c.obj)
                0x000000006000ad60                LPSPI_MasterTransferHandleIRQ
 .text.LPSPI_MasterSetDelayScaler
                0x000000006000ae9c       0x38 modules/hal_nxp/hal_nxp/lib..__modules__hal__nxp.a(fsl_lpspi.c.obj)
                0x000000006000ae9c                LPSPI_MasterSetDelayScaler
 .text.LPSPI_CheckTransferArgument
                0x000000006000aed4       0x82 modules/hal_nxp/hal_nxp/lib..__modules__hal__nxp.a(fsl_lpspi.c.obj)
                0x000000006000aed4                LPSPI_CheckTransferArgument
 .text.LPUART_GetDefaultConfig
                0x000000006000af56       0x1e modules/hal_nxp/hal_nxp/lib..__modules__hal__nxp.a(fsl_lpuart.c.obj)
                0x000000006000af56                LPUART_GetDefaultConfig
 .text.GPIO_PinWrite
                0x000000006000af74       0x14 modules/hal_nxp/hal_nxp/lib..__modules__hal__nxp.a(fsl_gpio.c.obj)
                0x000000006000af74                GPIO_PinWrite
 .text.z_device_state_init
                0x000000006000af88        0x2 zephyr/kernel/libkernel.a(device.c.obj)
                0x000000006000af88                z_device_state_init
 .text.z_device_is_ready
                0x000000006000af8a       0x16 zephyr/kernel/libkernel.a(device.c.obj)
                0x000000006000af8a                z_device_is_ready
 .text.arch_system_halt
                0x000000006000afa0       0x12 zephyr/kernel/libkernel.a(fatal.c.obj)
                0x000000006000afa0                arch_system_halt
 .text.z_early_memset
                0x000000006000afb2        0x4 zephyr/kernel/libkernel.a(init.c.obj)
                0x000000006000afb2                z_early_memset
 .text.z_early_memcpy
                0x000000006000afb6        0x4 zephyr/kernel/libkernel.a(init.c.obj)
                0x000000006000afb6                z_early_memcpy
 .text.k_is_in_isr
                0x000000006000afba        0xc zephyr/kernel/libkernel.a(thread.c.obj)
                0x000000006000afba                k_is_in_isr
 .text.k_thread_name_get
                0x000000006000afc6        0x4 zephyr/kernel/libkernel.a(thread.c.obj)
                0x000000006000afc6                k_thread_name_get
 .text.z_thread_mark_switched_out
                0x000000006000afca        0x4 zephyr/kernel/libkernel.a(thread.c.obj)
                0x000000006000afca                z_thread_mark_switched_out
 .text.idle     0x000000006000afce       0x18 zephyr/kernel/libkernel.a(idle.c.obj)
                0x000000006000afce                idle
 .text.z_impl_k_sem_init
                0x000000006000afe6       0x18 zephyr/kernel/libkernel.a(sem.c.obj)
                0x000000006000afe6                z_impl_k_sem_init
 .text.sys_dlist_remove
                0x000000006000affe       0x10 zephyr/kernel/libkernel.a(sched.c.obj)
 .text.unpend_thread_no_timeout
                0x000000006000b00e       0x14 zephyr/kernel/libkernel.a(sched.c.obj)
 .text.z_thread_timeout
                0x000000006000b022       0x44 zephyr/kernel/libkernel.a(sched.c.obj)
                0x000000006000b022                z_thread_timeout
 .text.add_to_waitq_locked
                0x000000006000b066       0x50 zephyr/kernel/libkernel.a(sched.c.obj)
 .text.z_ready_thread
                0x000000006000b0b6       0x20 zephyr/kernel/libkernel.a(sched.c.obj)
                0x000000006000b0b6                z_ready_thread
 .text.z_unpend_thread_no_timeout
                0x000000006000b0d6       0x24 zephyr/kernel/libkernel.a(sched.c.obj)
                0x000000006000b0d6                z_unpend_thread_no_timeout
 .text.z_unpend1_no_timeout
                0x000000006000b0fa       0x2e zephyr/kernel/libkernel.a(sched.c.obj)
                0x000000006000b0fa                z_unpend1_no_timeout
 .text.z_unpend_first_thread
                0x000000006000b128       0x38 zephyr/kernel/libkernel.a(sched.c.obj)
                0x000000006000b128                z_unpend_first_thread
 .text.z_reschedule_irqlock
                0x000000006000b160       0x18 zephyr/kernel/libkernel.a(sched.c.obj)
                0x000000006000b160                z_reschedule_irqlock
 .text.z_reschedule_unlocked
                0x000000006000b178       0x14 zephyr/kernel/libkernel.a(sched.c.obj)
 .text.z_abort_timeout
                0x000000006000b18c       0x2c zephyr/kernel/libkernel.a(timeout.c.obj)
                0x000000006000b18c                z_abort_timeout
 .text.z_set_timeout_expiry
                0x000000006000b1b8       0x38 zephyr/kernel/libkernel.a(timeout.c.obj)
                0x000000006000b1b8                z_set_timeout_expiry
 .text.sys_clock_tick_get_32
                0x000000006000b1f0        0x8 zephyr/kernel/libkernel.a(timeout.c.obj)
                0x000000006000b1f0                sys_clock_tick_get_32
 .text.z_impl_k_uptime_ticks
                0x000000006000b1f8        0x4 zephyr/kernel/libkernel.a(timeout.c.obj)
                0x000000006000b1f8                z_impl_k_uptime_ticks
 .text.k_timer_init
                0x000000006000b1fc       0x18 zephyr/kernel/libkernel.a(timer.c.obj)
                0x000000006000b1fc                k_timer_init
 .text.z_impl_k_timer_stop
                0x000000006000b214       0x3a zephyr/kernel/libkernel.a(timer.c.obj)
                0x000000006000b214                z_impl_k_timer_stop
 .text.sched_cpu_update_usage
                0x000000006000b24e       0x1e zephyr/kernel/libkernel.a(usage.c.obj)
 *(SORT_BY_ALIGNMENT(.TEXT.*))
 *(SORT_BY_ALIGNMENT(.gnu.linkonce.t.*))
 *(SORT_BY_ALIGNMENT(.glue_7t))
 .glue_7t       0x000000006000b26c        0x0 linker stubs
 *(SORT_BY_ALIGNMENT(.glue_7))
 .glue_7        0x000000006000b26c        0x0 linker stubs
 *(SORT_BY_ALIGNMENT(.vfp11_veneer))
 .vfp11_veneer  0x000000006000b26c        0x0 linker stubs
 *(SORT_BY_ALIGNMENT(.v4_bx))
 .v4_bx         0x000000006000b26c        0x0 linker stubs
                0x000000006000b26c                . = ALIGN (0x4)
                0x000000006000b26c                __text_region_end = .

.ARM.exidx      0x000000006000b26c        0x8
                0x000000006000b26c                __exidx_start = .
 *(SORT_BY_ALIGNMENT(.ARM.exidx*) SORT_BY_ALIGNMENT(gnu.linkonce.armexidx.*))
 .ARM.exidx     0x000000006000b26c        0x8 /Users/julius/zephyr-sdk-0.16.0/arm-zephyr-eabi/bin/../lib/gcc/arm-zephyr-eabi/12.2.0/thumb/v7e-m/nofp/libgcc.a(_udivmoddi4.o)
                0x000000006000b274                __exidx_end = .
                0x000000006000b274                __rodata_region_start = .

initlevel       0x000000006000b274       0x68
                0x000000006000b274                __init_start = .
                0x000000006000b274                __init_EARLY_start = .
 *(SORT_BY_NAME(SORT_BY_ALIGNMENT(.z_init_EARLY[0-9]_*)))
 *(SORT_BY_NAME(SORT_BY_ALIGNMENT(.z_init_EARLY[1-9][0-9]_*)))
                0x000000006000b274                __init_PRE_KERNEL_1_start = .
 *(SORT_BY_NAME(SORT_BY_ALIGNMENT(.z_init_PRE_KERNEL_1[0-9]_*)))
 .z_init_PRE_KERNEL_10_
                0x000000006000b274        0x8 zephyr/libzephyr.a(soc_rt10xx.c.obj)
 .z_init_PRE_KERNEL_10_
                0x000000006000b27c        0x8 zephyr/drivers/pinctrl/libdrivers__pinctrl.a(pinctrl_imx.c.obj)
 *(SORT_BY_NAME(SORT_BY_ALIGNMENT(.z_init_PRE_KERNEL_1[1-9][0-9]_*)))
 .z_init_PRE_KERNEL_130_
                0x000000006000b284        0x8 zephyr/drivers/clock_control/libdrivers__clock_control.a(clock_control_mcux_ccm.c.obj)
 .z_init_PRE_KERNEL_140_
                0x000000006000b28c        0x8 zephyr/drivers/dma/libdrivers__dma.a(dma_mcux_edma.c.obj)
 .z_init_PRE_KERNEL_155_
                0x000000006000b294        0x8 zephyr/drivers/serial/libdrivers__serial.a(uart_mcux_lpuart.c.obj)
 .z_init_PRE_KERNEL_160_
                0x000000006000b29c        0x8 zephyr/drivers/console/libdrivers__console.a(uart_console.c.obj)
                0x000000006000b2a4                __init_PRE_KERNEL_2_start = .
 *(SORT_BY_NAME(SORT_BY_ALIGNMENT(.z_init_PRE_KERNEL_2[0-9]_*)))
 .z_init_PRE_KERNEL_20_
                0x000000006000b2a4        0x8 zephyr/drivers/timer/libdrivers__timer.a(cortex_m_systick.c.obj)
 *(SORT_BY_NAME(SORT_BY_ALIGNMENT(.z_init_PRE_KERNEL_2[1-9][0-9]_*)))
                0x000000006000b2ac                __init_POST_KERNEL_start = .
 *(SORT_BY_NAME(SORT_BY_ALIGNMENT(.z_init_POST_KERNEL[0-9]_*)))
 .z_init_POST_KERNEL0_
                0x000000006000b2ac        0x8 zephyr/libzephyr.a(log_core.c.obj)
 *(SORT_BY_NAME(SORT_BY_ALIGNMENT(.z_init_POST_KERNEL[1-9][0-9]_*)))
 .z_init_POST_KERNEL40_
                0x000000006000b2b4       0x20 zephyr/drivers/gpio/libdrivers__gpio.a(gpio_mcux_igpio.c.obj)
 .z_init_POST_KERNEL70_
                0x000000006000b2d4        0x8 zephyr/drivers/spi/libdrivers__spi.a(spi_mcux_lpspi.c.obj)
                0x000000006000b2dc                __init_APPLICATION_start = .
 *(SORT_BY_NAME(SORT_BY_ALIGNMENT(.z_init_APPLICATION[0-9]_*)))
 *(SORT_BY_NAME(SORT_BY_ALIGNMENT(.z_init_APPLICATION[1-9][0-9]_*)))
                0x000000006000b2dc                __init_SMP_start = .
 *(SORT_BY_NAME(SORT_BY_ALIGNMENT(.z_init_SMP[0-9]_*)))
 *(SORT_BY_NAME(SORT_BY_ALIGNMENT(.z_init_SMP[1-9][0-9]_*)))
                0x000000006000b2dc                __init_end = .

devices         0x000000006000b2dc       0xc0
                0x000000006000b2dc                __device_start = .
                0x000000006000b2dc                __device_EARLY_start = .
 *(SORT_BY_NAME(SORT_BY_ALIGNMENT(.z_device_EARLY[0-9]_*)))
 *(SORT_BY_NAME(SORT_BY_ALIGNMENT(.z_device_EARLY[1-9][0-9]_*)))
                0x000000006000b2dc                __device_PRE_KERNEL_1_start = .
 *(SORT_BY_NAME(SORT_BY_ALIGNMENT(.z_device_PRE_KERNEL_1[0-9]_*)))
 *(SORT_BY_NAME(SORT_BY_ALIGNMENT(.z_device_PRE_KERNEL_1[1-9][0-9]_*)))
 .z_device_PRE_KERNEL_130_
                0x000000006000b2dc       0x18 zephyr/drivers/clock_control/libdrivers__clock_control.a(clock_control_mcux_ccm.c.obj)
                0x000000006000b2dc                __device_dts_ord_60
 .z_device_PRE_KERNEL_140_
                0x000000006000b2f4       0x18 zephyr/drivers/dma/libdrivers__dma.a(dma_mcux_edma.c.obj)
                0x000000006000b2f4                __device_dts_ord_114
 .z_device_PRE_KERNEL_155_
                0x000000006000b30c       0x18 zephyr/drivers/serial/libdrivers__serial.a(uart_mcux_lpuart.c.obj)
                0x000000006000b30c                __device_dts_ord_127
                0x000000006000b324                __device_PRE_KERNEL_2_start = .
 *(SORT_BY_NAME(SORT_BY_ALIGNMENT(.z_device_PRE_KERNEL_2[0-9]_*)))
 *(SORT_BY_NAME(SORT_BY_ALIGNMENT(.z_device_PRE_KERNEL_2[1-9][0-9]_*)))
                0x000000006000b324                __device_POST_KERNEL_start = .
 *(SORT_BY_NAME(SORT_BY_ALIGNMENT(.z_device_POST_KERNEL[0-9]_*)))
 *(SORT_BY_NAME(SORT_BY_ALIGNMENT(.z_device_POST_KERNEL[1-9][0-9]_*)))
 .z_device_POST_KERNEL40_
                0x000000006000b324       0x60 zephyr/drivers/gpio/libdrivers__gpio.a(gpio_mcux_igpio.c.obj)
                0x000000006000b324                __device_dts_ord_17
                0x000000006000b33c                __device_dts_ord_313
                0x000000006000b354                __device_dts_ord_98
                0x000000006000b36c                __device_dts_ord_52
 .z_device_POST_KERNEL70_
                0x000000006000b384       0x18 zephyr/drivers/spi/libdrivers__spi.a(spi_mcux_lpspi.c.obj)
                0x000000006000b384                __device_dts_ord_283
                0x000000006000b39c                __device_APPLICATION_start = .
 *(SORT_BY_NAME(SORT_BY_ALIGNMENT(.z_device_APPLICATION[0-9]_*)))
 *(SORT_BY_NAME(SORT_BY_ALIGNMENT(.z_device_APPLICATION[1-9][0-9]_*)))
                0x000000006000b39c                __device_SMP_start = .
 *(SORT_BY_NAME(SORT_BY_ALIGNMENT(.z_device_SMP[0-9]_*)))
 *(SORT_BY_NAME(SORT_BY_ALIGNMENT(.z_device_SMP[1-9][0-9]_*)))
                0x000000006000b39c                __device_end = .

sw_isr_table    0x000000006000b39c      0x470
                0x000000006000b39c                . = ALIGN (0x4)
 *(SORT_BY_ALIGNMENT(.gnu.linkonce.sw_isr_table*))
 .gnu.linkonce.sw_isr_table
                0x000000006000b39c      0x470 zephyr/arch/common/libisr_tables.a(isr_tables.c.obj)
                0x000000006000b39c                _sw_isr_table

initlevel_error
                0x000000006000b274        0x0
 *(SORT_BY_NAME(SORT_BY_ALIGNMENT(.z_init_[_A-Z0-9]*)))
                0x0000000000000001                ASSERT ((SIZEOF (initlevel_error) == 0x0), Undefined initialization levels used.)

app_shmem_regions
                0x000000006000b80c        0x0
                0x000000006000b80c                __app_shmem_regions_start = .
 *(SORT_BY_NAME(SORT_BY_ALIGNMENT(.app_regions.*)))
                0x000000006000b80c                __app_shmem_regions_end = .

k_p4wq_initparam_area
                0x000000006000b80c        0x0
                0x000000006000b80c                _k_p4wq_initparam_list_start = .
 *(SORT_BY_NAME(SORT_BY_ALIGNMENT(._k_p4wq_initparam.static.*)))
                0x000000006000b80c                _k_p4wq_initparam_list_end = .

_static_thread_data_area
                0x000000006000b80c        0x0
                0x000000006000b80c                __static_thread_data_list_start = .
 *(SORT_BY_NAME(SORT_BY_ALIGNMENT(.__static_thread_data.static.*)))
                0x000000006000b80c                __static_thread_data_list_end = .

device_handles  0x000000006000b80c       0x44
                0x000000006000b80c                __device_handles_start = .
 *(SORT_BY_NAME(SORT_BY_ALIGNMENT(.__device_handles_pass2*)))
 .__device_handles_pass2
                0x000000006000b80c       0x44 zephyr/CMakeFiles/zephyr_pre1.dir/dev_handles.c.obj
                0x000000006000b80c                __devicehdl_dts_ord_283
                0x000000006000b816                __devicehdl_dts_ord_52
                0x000000006000b81c                __devicehdl_dts_ord_98
                0x000000006000b822                __devicehdl_dts_ord_313
                0x000000006000b828                __devicehdl_dts_ord_17
                0x000000006000b82e                __devicehdl_dts_ord_127
                0x000000006000b838                __devicehdl_dts_ord_114
                0x000000006000b844                __devicehdl_dts_ord_60
                0x000000006000b850                __device_handles_end = .

ztest           0x000000006000b850        0x0
                0x000000006000b850                _ztest_expected_result_entry_list_start = .
 *(SORT_BY_NAME(SORT_BY_ALIGNMENT(._ztest_expected_result_entry.static.*)))
                0x000000006000b850                _ztest_expected_result_entry_list_end = .
                0x000000006000b850                _ztest_suite_node_list_start = .
 *(SORT_BY_NAME(SORT_BY_ALIGNMENT(._ztest_suite_node.static.*)))
                0x000000006000b850                _ztest_suite_node_list_end = .
                0x000000006000b850                _ztest_unit_test_list_start = .
 *(SORT_BY_NAME(SORT_BY_ALIGNMENT(._ztest_unit_test.static.*)))
                0x000000006000b850                _ztest_unit_test_list_end = .
                0x000000006000b850                _ztest_test_rule_list_start = .
 *(SORT_BY_NAME(SORT_BY_ALIGNMENT(._ztest_test_rule.static.*)))
                0x000000006000b850                _ztest_test_rule_list_end = .

bt_l2cap_fixed_chan_area
                0x000000006000b850        0x0
                0x000000006000b850                _bt_l2cap_fixed_chan_list_start = .
 *(SORT_BY_NAME(SORT_BY_ALIGNMENT(._bt_l2cap_fixed_chan.static.*)))
                0x000000006000b850                _bt_l2cap_fixed_chan_list_end = .

bt_gatt_service_static_area
                0x000000006000b850        0x0
                0x000000006000b850                _bt_gatt_service_static_list_start = .
 *(SORT_BY_NAME(SORT_BY_ALIGNMENT(._bt_gatt_service_static.static.*)))
                0x000000006000b850                _bt_gatt_service_static_list_end = .

log_strings_sections
                0x000000006000b850        0x0
                0x000000006000b850                __log_strings_start = .
 *(SORT_BY_NAME(SORT_BY_ALIGNMENT(.log_strings*)))
                0x000000006000b850                __log_strings_end = .

log_const_sections
                0x000000006000b850       0x58
                0x000000006000b850                __log_const_start = .
 *(SORT_BY_NAME(SORT_BY_ALIGNMENT(.log_const_*)))
 .log_const_cbprintf_package
                0x000000006000b850        0x8 zephyr/libzephyr.a(cbprintf_packaged.c.obj)
                0x000000006000b850                log_const_cbprintf_package
 .log_const_clock_control
                0x000000006000b858        0x8 zephyr/drivers/clock_control/libdrivers__clock_control.a(clock_control_mcux_ccm.c.obj)
                0x000000006000b858                log_const_clock_control
 .log_const_dma_mcux_edma
                0x000000006000b860        0x8 zephyr/drivers/dma/libdrivers__dma.a(dma_mcux_edma.c.obj)
                0x000000006000b860                log_const_dma_mcux_edma
 .log_const_log
                0x000000006000b868        0x8 zephyr/libzephyr.a(log_core.c.obj)
                0x000000006000b868                log_const_log
 .log_const_log_mgmt
                0x000000006000b870        0x8 zephyr/libzephyr.a(log_mgmt.c.obj)
                0x000000006000b870                log_const_log_mgmt
 .log_const_log_uart
                0x000000006000b878        0x8 zephyr/libzephyr.a(log_backend_uart.c.obj)
                0x000000006000b878                log_const_log_uart
 .log_const_mpu
                0x000000006000b880        0x8 zephyr/arch/arch/arm/core/aarch32/mpu/libarch__arm__core__aarch32__mpu.a(arm_core_mpu.c.obj)
                0x000000006000b880                log_const_mpu
 .log_const_os  0x000000006000b888        0x8 zephyr/kernel/libkernel.a(init.c.obj)
                0x000000006000b888                log_const_os
 .log_const_spi_mcux_lpspi
                0x000000006000b890        0x8 zephyr/drivers/spi/libdrivers__spi.a(spi_mcux_lpspi.c.obj)
                0x000000006000b890                log_const_spi_mcux_lpspi
 .log_const_thread_analyzer
                0x000000006000b898        0x8 zephyr/libzephyr.a(thread_analyzer.c.obj)
                0x000000006000b898                log_const_thread_analyzer
 .log_const_uart_mcux_lpuart
                0x000000006000b8a0        0x8 zephyr/drivers/serial/libdrivers__serial.a(uart_mcux_lpuart.c.obj)
                0x000000006000b8a0                log_const_uart_mcux_lpuart
                0x000000006000b8a8                __log_const_end = .

log_backend_area
                0x000000006000b8a8       0x10
                0x000000006000b8a8                _log_backend_list_start = .
 *(SORT_BY_NAME(SORT_BY_ALIGNMENT(._log_backend.static.*)))
 ._log_backend.static.log_backend_uart
                0x000000006000b8a8       0x10 zephyr/libzephyr.a(log_backend_uart.c.obj)
                0x000000006000b8b8                _log_backend_list_end = .

log_link_area   0x000000006000b8b8        0x0
                0x000000006000b8b8                _log_link_list_start = .
 *(SORT_BY_NAME(SORT_BY_ALIGNMENT(._log_link.static.*)))
                0x000000006000b8b8                _log_link_list_end = .

tracing_backend_area
                0x000000006000b8b8        0x0
                0x000000006000b8b8                _tracing_backend_list_start = .
 *(SORT_BY_NAME(SORT_BY_ALIGNMENT(._tracing_backend.static.*)))
                0x000000006000b8b8                _tracing_backend_list_end = .

zephyr_dbg_info
 *(SORT_BY_ALIGNMENT(.dbg_thread_info))

symbol_to_keep  0x000000006000b8b8        0x0
                0x000000006000b8b8                __symbol_to_keep_start = .
 *(SORT_BY_NAME(SORT_BY_ALIGNMENT(.symbol_to_keep*)))
                0x000000006000b8b8                __symbol_to_keep_end = .

shell_area      0x000000006000b8b8        0x0
                0x000000006000b8b8                _shell_list_start = .
 *(SORT_BY_NAME(SORT_BY_ALIGNMENT(._shell.static.*)))
                0x000000006000b8b8                _shell_list_end = .

shell_root_cmds_sections
                0x000000006000b8b8        0x0
                0x000000006000b8b8                __shell_root_cmds_start = .
 *(SORT_BY_NAME(SORT_BY_ALIGNMENT(.shell_root_cmd_*)))
                0x000000006000b8b8                __shell_root_cmds_end = .

shell_subcmds_sections
                0x000000006000b8b8        0x0
                0x000000006000b8b8                __shell_subcmds_start = .
 *(SORT_BY_NAME(SORT_BY_ALIGNMENT(.shell_subcmd_*)))
                0x000000006000b8b8                __shell_subcmds_end = .

shell_dynamic_subcmds_sections
                0x000000006000b8b8        0x0
                0x000000006000b8b8                __shell_dynamic_subcmds_start = .
 *(SORT_BY_NAME(SORT_BY_ALIGNMENT(.shell_dynamic_subcmd_*)))
                0x000000006000b8b8                __shell_dynamic_subcmds_end = .

font_entry_sections
                0x000000006000b8b8        0x0
                0x000000006000b8b8                __font_entry_start = .
 *(SORT_BY_NAME(SORT_BY_ALIGNMENT(._cfb_font.*)))
                0x000000006000b8b8                __font_entry_end = .

rodata          0x000000006000b8b8     0x1568
 *(SORT_BY_ALIGNMENT(.rodata))
 *(SORT_BY_ALIGNMENT(.rodata.*))
 .rodata.tx_buff
                0x000000006000b8b8        0x8 app/libapp.a(main.c.obj)
                0x000000006000b8b8                tx_buff
 .rodata.mpsc_config
                0x000000006000b8c0       0x14 zephyr/libzephyr.a(log_core.c.obj)
 .rodata.format_table
                0x000000006000b8d4       0x10 zephyr/libzephyr.a(log_core.c.obj)
 .rodata.colors
                0x000000006000b8e4       0x14 zephyr/libzephyr.a(log_output.c.obj)
 .rodata.severity
                0x000000006000b8f8       0x14 zephyr/libzephyr.a(log_output.c.obj)
 .rodata.log_backend_uart_api
                0x000000006000b90c       0x1c zephyr/libzephyr.a(log_backend_uart.c.obj)
                0x000000006000b90c                log_backend_uart_api
 .rodata.log_output_uart
                0x000000006000b928       0x10 zephyr/libzephyr.a(log_backend_uart.c.obj)
 .rodata.static_regions
                0x000000006000b938       0x18 zephyr/arch/arch/arm/core/aarch32/mpu/libarch__arm__core__aarch32__mpu.a(arm_core_mpu.c.obj)
 .rodata.mpu_config
                0x000000006000b950        0x8 zephyr/soc/arm/common/cortex_m/libsoc__arm__common__cortex_m.a(arm_mpu_regions.c.obj)
                0x000000006000b950                mpu_config
 .rodata.mpu_regions
                0x000000006000b958       0x18 zephyr/soc/arm/common/cortex_m/libsoc__arm__common__cortex_m.a(arm_mpu_regions.c.obj)
 .rodata.mcux_ccm_driver_api
                0x000000006000b970       0x1c zephyr/drivers/clock_control/libdrivers__clock_control.a(clock_control_mcux_ccm.c.obj)
 .rodata.dma_config_0
                0x000000006000b98c       0x10 zephyr/drivers/dma/libdrivers__dma.a(dma_mcux_edma.c.obj)
 .rodata.dma_mcux_edma_api
                0x000000006000b99c       0x24 zephyr/drivers/dma/libdrivers__dma.a(dma_mcux_edma.c.obj)
 .rodata.mcux_igpio_3_config
                0x000000006000b9c0       0x14 zephyr/drivers/gpio/libdrivers__gpio.a(gpio_mcux_igpio.c.obj)
 .rodata.mcux_igpio_pinmux_3
                0x000000006000b9d4       0x3c zephyr/drivers/gpio/libdrivers__gpio.a(gpio_mcux_igpio.c.obj)
                0x000000006000b9d4                mcux_igpio_pinmux_3
 .rodata.mcux_igpio_2_config
                0x000000006000ba10       0x14 zephyr/drivers/gpio/libdrivers__gpio.a(gpio_mcux_igpio.c.obj)
 .rodata.mcux_igpio_pinmux_2
                0x000000006000ba24      0x244 zephyr/drivers/gpio/libdrivers__gpio.a(gpio_mcux_igpio.c.obj)
                0x000000006000ba24                mcux_igpio_pinmux_2
 .rodata.mcux_igpio_1_config
                0x000000006000bc68       0x14 zephyr/drivers/gpio/libdrivers__gpio.a(gpio_mcux_igpio.c.obj)
 .rodata.mcux_igpio_pinmux_1
                0x000000006000bc7c      0x280 zephyr/drivers/gpio/libdrivers__gpio.a(gpio_mcux_igpio.c.obj)
                0x000000006000bc7c                mcux_igpio_pinmux_1
 .rodata.mcux_igpio_0_config
                0x000000006000befc       0x14 zephyr/drivers/gpio/libdrivers__gpio.a(gpio_mcux_igpio.c.obj)
 .rodata.mcux_igpio_pinmux_0
                0x000000006000bf10      0x280 zephyr/drivers/gpio/libdrivers__gpio.a(gpio_mcux_igpio.c.obj)
                0x000000006000bf10                mcux_igpio_pinmux_0
 .rodata.mcux_igpio_driver_api
                0x000000006000c190       0x24 zephyr/drivers/gpio/libdrivers__gpio.a(gpio_mcux_igpio.c.obj)
 .rodata.mcux_lpuart_0_config
                0x000000006000c1b4       0x18 zephyr/drivers/serial/libdrivers__serial.a(uart_mcux_lpuart.c.obj)
 .rodata.__pinctrl_dev_config__device_dts_ord_127
                0x000000006000c1cc        0x8 zephyr/drivers/serial/libdrivers__serial.a(uart_mcux_lpuart.c.obj)
 .rodata.__pinctrl_states__device_dts_ord_127
                0x000000006000c1d4        0x8 zephyr/drivers/serial/libdrivers__serial.a(uart_mcux_lpuart.c.obj)
 .rodata.__pinctrl_state_pins_0__device_dts_ord_127
                0x000000006000c1dc       0x30 zephyr/drivers/serial/libdrivers__serial.a(uart_mcux_lpuart.c.obj)
 .rodata.mcux_lpuart_driver_api
                0x000000006000c20c       0x14 zephyr/drivers/serial/libdrivers__serial.a(uart_mcux_lpuart.c.obj)
 .rodata.__compound_literal.0
                0x000000006000c220        0x8 zephyr/drivers/spi/libdrivers__spi.a(spi_mcux_lpspi.c.obj)
 .rodata.spi_mcux_config_0
                0x000000006000c228       0x20 zephyr/drivers/spi/libdrivers__spi.a(spi_mcux_lpspi.c.obj)
 .rodata.__pinctrl_dev_config__device_dts_ord_283
                0x000000006000c248        0x8 zephyr/drivers/spi/libdrivers__spi.a(spi_mcux_lpspi.c.obj)
 .rodata.__pinctrl_states__device_dts_ord_283
                0x000000006000c250        0x8 zephyr/drivers/spi/libdrivers__spi.a(spi_mcux_lpspi.c.obj)
 .rodata.__pinctrl_state_pins_0__device_dts_ord_283
                0x000000006000c258       0x60 zephyr/drivers/spi/libdrivers__spi.a(spi_mcux_lpspi.c.obj)
 .rodata.spi_mcux_driver_api
                0x000000006000c2b8        0x8 zephyr/drivers/spi/libdrivers__spi.a(spi_mcux_lpspi.c.obj)
 .rodata.enetRefClkFreq.0
                0x000000006000c2c0       0x10 modules/hal_nxp/hal_nxp/lib..__modules__hal__nxp.a(fsl_clock.c.obj)
 .rodata.s_lpuartBases
                0x000000006000c2d0       0x24 modules/hal_nxp/hal_nxp/lib..__modules__hal__nxp.a(fsl_lpuart.c.obj)
 .rodata._k_neg_eagain
                0x000000006000c2f4        0x4 zephyr/kernel/libkernel.a(errno.c.obj)
                0x000000006000c2f4                _k_neg_eagain
 .rodata.CSWTCH.479
                0x000000006000c2f8       0x14 zephyr/kernel/libkernel.a(fatal.c.obj)
 .rodata.levels.0
                0x000000006000c30c       0x18 zephyr/kernel/libkernel.a(init.c.obj)
 .rodata.s_edmaIRQNumber
                0x000000006000c324       0x40 modules/hal_nxp/hal_nxp/lib..__modules__hal__nxp.a(fsl_edma.c.obj)
 .rodata.s_lpspiClocks
                0x000000006000c364        0xa modules/hal_nxp/hal_nxp/lib..__modules__hal__nxp.a(fsl_lpspi.c.obj)
 .rodata.s_lpspiIRQ
                0x000000006000c36e        0xa modules/hal_nxp/hal_nxp/lib..__modules__hal__nxp.a(fsl_lpspi.c.obj)
 .rodata.s_lpuartClock
                0x000000006000c378       0x12 modules/hal_nxp/hal_nxp/lib..__modules__hal__nxp.a(fsl_lpuart.c.obj)
 .rodata.main.str1.1
                0x000000006000c38a       0x14 app/libapp.a(main.c.obj)
 .rodata.cbprintf_package_convert.str1.1
                0x000000006000c39e       0xa3 zephyr/libzephyr.a(cbprintf_packaged.c.obj)
 .rodata.str1.1
                0x000000006000c441       0x11 zephyr/libzephyr.a(cbprintf_packaged.c.obj)
 .rodata.z_cbvprintf_impl.str1.1
                0x000000006000c452        0x6 zephyr/libzephyr.a(cbprintf_complete.c.obj)
 .rodata.ethPllConfig
                0x000000006000c458        0x5 zephyr/libzephyr.a(soc_rt10xx.c.obj)
                0x000000006000c458                ethPllConfig
 .rodata.str1.1
                0x000000006000c45d       0x10 zephyr/libzephyr.a(thread_analyzer.c.obj)
 .rodata.enable_logger.str1.1
                0x000000006000c46d        0x8 zephyr/libzephyr.a(log_core.c.obj)
 .rodata.str1.1
                0x000000006000c475        0x4 zephyr/libzephyr.a(log_core.c.obj)
 .rodata.str1.1
                0x000000006000c479        0x9 zephyr/libzephyr.a(log_mgmt.c.obj)
 .rodata.newline_print.str1.1
                0x000000006000c482        0x3 zephyr/libzephyr.a(log_output.c.obj)
                                          0x5 (size before relaxing)
 .rodata.log_output_process.str1.1
                0x000000006000c485       0x4f zephyr/libzephyr.a(log_output.c.obj)
                                         0x51 (size before relaxing)
 .rodata.log_output_dropped_process.str1.1
                0x000000006000c4d4       0x4f zephyr/libzephyr.a(log_output.c.obj)
                                          0x3 (size before relaxing)
 .rodata.postfix.0
                0x000000006000c4d4       0x1c zephyr/libzephyr.a(log_output.c.obj)
 .rodata.prefix.1
                0x000000006000c4f0        0xc zephyr/libzephyr.a(log_output.c.obj)
 .rodata.str1.1
                0x000000006000c4fc       0x20 zephyr/libzephyr.a(log_output.c.obj)
 .rodata.str1.1
                0x000000006000c51c       0x1a zephyr/libzephyr.a(log_backend_uart.c.obj)
 .rodata.z_arm_fatal_error.str1.1
                0x000000006000c536       0x9b zephyr/arch/arch/arm/core/aarch32/libarch__arm__core__aarch32.a(fatal.c.obj)
 .rodata.bus_fault.constprop.0.str1.1
                0x000000006000c5d1       0xca zephyr/arch/arch/arm/core/aarch32/cortex_m/libarch__arm__core__aarch32__cortex_m.a(fault.c.obj)
 .rodata.usage_fault.constprop.0.str1.1
                0x000000006000c69b       0xcd zephyr/arch/arch/arm/core/aarch32/cortex_m/libarch__arm__core__aarch32__cortex_m.a(fault.c.obj)
 .rodata.mem_manage_fault.str1.1
                0x000000006000c768       0x96 zephyr/arch/arch/arm/core/aarch32/cortex_m/libarch__arm__core__aarch32__cortex_m.a(fault.c.obj)
 .rodata.z_arm_fault.str1.1
                0x000000006000c7fe      0x111 zephyr/arch/arch/arm/core/aarch32/cortex_m/libarch__arm__core__aarch32__cortex_m.a(fault.c.obj)
 .rodata.str1.1
                0x000000006000c90f        0x4 zephyr/arch/arch/arm/core/aarch32/mpu/libarch__arm__core__aarch32__mpu.a(arm_core_mpu.c.obj)
 .rodata.mpu_configure_regions.str1.1
                0x000000006000c913       0x49 zephyr/arch/arch/arm/core/aarch32/mpu/libarch__arm__core__aarch32__mpu.a(arm_mpu.c.obj)
 .rodata.str1.1
                0x000000006000c95c        0xf zephyr/soc/arm/common/cortex_m/libsoc__arm__common__cortex_m.a(arm_mpu_regions.c.obj)
 .rodata.str1.1
                0x000000006000c96b       0x1b zephyr/drivers/clock_control/libdrivers__clock_control.a(clock_control_mcux_ccm.c.obj)
 .rodata.lpspi_clocks
                0x000000006000c986        0x4 zephyr/drivers/clock_control/libdrivers__clock_control.a(clock_control_mcux_ccm.c.obj)
 .rodata.dma_mcux_edma_error_irq_handler.str1.1
                0x000000006000c98a       0x20 zephyr/drivers/dma/libdrivers__dma.a(dma_mcux_edma.c.obj)
 .rodata.dma_mcux_edma_configure.str1.1
                0x000000006000c9aa       0xd5 zephyr/drivers/dma/libdrivers__dma.a(dma_mcux_edma.c.obj)
 .rodata.dma_mcux_edma_reload.str1.1
                0x000000006000ca7f       0x85 zephyr/drivers/dma/libdrivers__dma.a(dma_mcux_edma.c.obj)
 .rodata.CSWTCH.4527
                0x000000006000cb04        0x4 zephyr/drivers/dma/libdrivers__dma.a(dma_mcux_edma.c.obj)
 .rodata.str1.1
                0x000000006000cb08       0x26 zephyr/drivers/dma/libdrivers__dma.a(dma_mcux_edma.c.obj)
 .rodata.str1.1
                0x000000006000cb2e       0x38 zephyr/drivers/gpio/libdrivers__gpio.a(gpio_mcux_igpio.c.obj)
 .rodata.mcux_igpio_pin_gaps_3
                0x000000006000cb66        0x0 zephyr/drivers/gpio/libdrivers__gpio.a(gpio_mcux_igpio.c.obj)
                0x000000006000cb66                mcux_igpio_pin_gaps_3
 .rodata.mcux_igpio_pin_gaps_2
                0x000000006000cb66        0x2 zephyr/drivers/gpio/libdrivers__gpio.a(gpio_mcux_igpio.c.obj)
                0x000000006000cb66                mcux_igpio_pin_gaps_2
 .rodata.mcux_igpio_pin_gaps_1
                0x000000006000cb68        0x0 zephyr/drivers/gpio/libdrivers__gpio.a(gpio_mcux_igpio.c.obj)
                0x000000006000cb68                mcux_igpio_pin_gaps_1
 .rodata.mcux_igpio_pin_gaps_0
                0x000000006000cb68        0x0 zephyr/drivers/gpio/libdrivers__gpio.a(gpio_mcux_igpio.c.obj)
                0x000000006000cb68                mcux_igpio_pin_gaps_0
 .rodata.str1.1
                0x000000006000cb68       0x1f zephyr/drivers/serial/libdrivers__serial.a(uart_mcux_lpuart.c.obj)
 .rodata.spi_mcux_dma_callback.str1.1
                0x000000006000cb87       0x4a zephyr/drivers/spi/libdrivers__spi.a(spi_mcux_lpspi.c.obj)
 .rodata.spi_mcux_transceive.str1.1
                0x000000006000cbd1       0x99 zephyr/drivers/spi/libdrivers__spi.a(spi_mcux_lpspi.c.obj)
 .rodata.spi_mcux_master_transfer_callback.str1.1
                0x000000006000cc6a       0x19 zephyr/drivers/spi/libdrivers__spi.a(spi_mcux_lpspi.c.obj)
 .rodata.spi_mcux_init.str1.1
                0x000000006000cc83       0x3b zephyr/drivers/spi/libdrivers__spi.a(spi_mcux_lpspi.c.obj)
 .rodata.str1.1
                0x000000006000ccbe       0x1c zephyr/drivers/spi/libdrivers__spi.a(spi_mcux_lpspi.c.obj)
 .rodata.CSWTCH.33
                0x000000006000ccda       0x1f modules/hal_nxp/hal_nxp/lib..__modules__hal__nxp.a(fsl_edma.c.obj)
 .rodata.s_baudratePrescaler
                0x000000006000ccf9        0x8 modules/hal_nxp/hal_nxp/lib..__modules__hal__nxp.a(fsl_lpspi.c.obj)
 .rodata.k_sys_fatal_error_handler.str1.1
                0x000000006000cd01        0xf zephyr/kernel/libkernel.a(fatal.c.obj)
 .rodata.z_fatal_error.str1.1
                0x000000006000cd10       0x77 zephyr/kernel/libkernel.a(fatal.c.obj)
 .rodata.str1.1
                0x000000006000cd87       0x4a zephyr/kernel/libkernel.a(fatal.c.obj)
 .rodata.z_init_cpu.str1.1
                0x000000006000cdd1        0x5 zephyr/kernel/libkernel.a(init.c.obj)
 .rodata.z_cstart.str1.1
                0x000000006000cdd6        0x5 zephyr/kernel/libkernel.a(init.c.obj)
 .rodata.str1.1
                0x000000006000cddb        0x3 zephyr/kernel/libkernel.a(init.c.obj)
 .rodata.boot_banner.str1.1
                0x000000006000cdde       0x41 zephyr/kernel/libkernel.a(banner.c.obj)
 *(SORT_BY_ALIGNMENT(.gnu.linkonce.r.*))
                0x000000006000ce20                . = ALIGN (0x4)
 *fill*         0x000000006000ce1f        0x1 
                0x000000006000ce20                __rodata_region_end = .
                0x000000006000ce20                . = ALIGN (_region_min_align)
                0x0000000060010000                . = ALIGN ((0x1 << LOG2CEIL ((__rodata_region_end - ADDR (rom_start)))))
                0x0000000060010000                __rom_region_end = ((__rom_region_start + .) - ADDR (rom_start))

/DISCARD/
 *(SORT_BY_ALIGNMENT(.got.plt))
 *(SORT_BY_ALIGNMENT(.igot.plt))
 *(SORT_BY_ALIGNMENT(.got))
 *(SORT_BY_ALIGNMENT(.igot))
                0x0000000080000000                . = 0x80000000
                0x0000000080000000                . = ALIGN (_region_min_align)
                0x0000000080000000                _image_ram_start = .

nocache         0x0000000080000000      0x800
                0x0000000080000000                . = ALIGN (_region_min_align)
                0x0000000080000000                . = ALIGN ((0x1 << LOG2CEIL (_nocache_ram_size)))
                0x0000000080000000                _nocache_ram_start = .
 *(SORT_BY_ALIGNMENT(.nocache))
 *(SORT_BY_ALIGNMENT(.nocache.*))
 .nocache."WEST_TOPDIR/zephyr/drivers/dma/dma_mcux_edma.c".0
                0x0000000080000000      0x800 zephyr/drivers/dma/libdrivers__dma.a(dma_mcux_edma.c.obj)
                0x0000000080000800                . = ALIGN (0x4)
 *(SORT_BY_ALIGNMENT(NonCacheable))
                0x0000000080000800                . = ALIGN (_region_min_align)
                0x0000000080000800                . = ALIGN ((0x1 << LOG2CEIL (_nocache_ram_size)))
                0x0000000080000800                _nocache_ram_end = .
                0x0000000000000800                _nocache_ram_size = (_nocache_ram_end - _nocache_ram_start)

.ramfunc        0x0000000080000800        0x0 load address 0x000000006000ce20
                0x0000000080000800                . = ALIGN (_region_min_align)
                0x0000000080000800                . = ALIGN ((0x1 << LOG2CEIL (__ramfunc_size)))
                0x0000000080000800                __ramfunc_start = .
 *(SORT_BY_ALIGNMENT(.ramfunc))
 *(SORT_BY_ALIGNMENT(.ramfunc.*))
                0x0000000080000800                . = ALIGN (0x4)
 *(SORT_BY_ALIGNMENT(CodeQuickAccess))
                0x0000000080000800                . = ALIGN (_region_min_align)
                0x0000000080000800                . = ALIGN ((0x1 << LOG2CEIL (__ramfunc_size)))
                0x0000000080000800                __ramfunc_end = .
                0x0000000000000000                __ramfunc_size = (__ramfunc_end - __ramfunc_start)
                0x000000006000ce20                __ramfunc_load_start = LOADADDR (.ramfunc)

datas           0x0000000080000800      0x150 load address 0x000000006000ce20
                0x0000000080000800                __data_region_start = .
                0x0000000080000800                __data_start = .
 *(SORT_BY_ALIGNMENT(.data))
 *(SORT_BY_ALIGNMENT(.data.*))
 .data.spi_com  0x0000000080000800       0x10 app/libapp.a(main.c.obj)
                0x0000000080000800                spi_com
 .data._char_out
                0x0000000080000810        0x4 zephyr/libzephyr.a(printk.c.obj)
                0x0000000080000810                _char_out
 .data.timestamp_func
                0x0000000080000814        0x4 zephyr/libzephyr.a(log_core.c.obj)
 .data._stdout_hook
                0x0000000080000818        0x4 zephyr/lib/libc/minimal/liblib__libc__minimal.a(stdout_console.c.obj)
 .data.spi_mcux_data_0
                0x000000008000081c      0x128 zephyr/drivers/spi/libdrivers__spi.a(spi_mcux_lpspi.c.obj)
 .data.timeout_list
                0x0000000080000944        0x8 zephyr/kernel/libkernel.a(timeout.c.obj)
 .data.my_buffer
                0x000000008000094c        0x4 app/libapp.a(main.c.obj)
                0x000000008000094c                my_buffer
 *(SORT_BY_ALIGNMENT(.kernel.*))
                0x0000000080000950                . = ALIGN (0x4)
 *(SORT_BY_ALIGNMENT(DataQuickAccess))
                0x0000000080000950                __data_end = .
                0x0000000000000150                __data_size = (__data_end - __data_start)
                0x000000006000ce20                __data_load_start = LOADADDR (datas)
                0x000000006000ce20                __data_region_load_start = LOADADDR (datas)

device_states   0x0000000080000950       0x10 load address 0x000000006000cf70
                0x0000000080000950                __device_states_start = .
 *(SORT_BY_ALIGNMENT(.z_devstate))
 .z_devstate    0x0000000080000950        0x2 zephyr/drivers/clock_control/libdrivers__clock_control.a(clock_control_mcux_ccm.c.obj)
 .z_devstate    0x0000000080000952        0x2 zephyr/drivers/dma/libdrivers__dma.a(dma_mcux_edma.c.obj)
 .z_devstate    0x0000000080000954        0x8 zephyr/drivers/gpio/libdrivers__gpio.a(gpio_mcux_igpio.c.obj)
 .z_devstate    0x000000008000095c        0x2 zephyr/drivers/serial/libdrivers__serial.a(uart_mcux_lpuart.c.obj)