Archive member included to satisfy reference by file (symbol)

app/libapp.a(main.c.obj)      (--whole-archive)
zephyr/libzephyr.a(cbprintf_packaged.c.obj)
                              (--whole-archive)
zephyr/libzephyr.a(dec.c.obj)
                              (--whole-archive)
zephyr/libzephyr.a(fdtable.c.obj)
                              (--whole-archive)
zephyr/libzephyr.a(hex.c.obj)
                              (--whole-archive)
zephyr/libzephyr.a(printk.c.obj)
                              (--whole-archive)
zephyr/libzephyr.a(rb.c.obj)  (--whole-archive)
zephyr/libzephyr.a(sem.c.obj)
                              (--whole-archive)
zephyr/libzephyr.a(thread_entry.c.obj)
                              (--whole-archive)
zephyr/libzephyr.a(timeutil.c.obj)
                              (--whole-archive)
zephyr/libzephyr.a(heap.c.obj)
                              (--whole-archive)
zephyr/libzephyr.a(heap-validate.c.obj)
                              (--whole-archive)
zephyr/libzephyr.a(bitarray.c.obj)
                              (--whole-archive)
zephyr/libzephyr.a(multi_heap.c.obj)
                              (--whole-archive)
zephyr/libzephyr.a(crc32c_sw.c.obj)
                              (--whole-archive)
zephyr/libzephyr.a(crc32_sw.c.obj)
                              (--whole-archive)
zephyr/libzephyr.a(crc16_sw.c.obj)
                              (--whole-archive)
zephyr/libzephyr.a(crc8_sw.c.obj)
                              (--whole-archive)
zephyr/libzephyr.a(crc7_sw.c.obj)
                              (--whole-archive)
zephyr/libzephyr.a(cbprintf_complete.c.obj)
                              (--whole-archive)
zephyr/libzephyr.a(cbprintf.c.obj)
                              (--whole-archive)
zephyr/libzephyr.a(assert.c.obj)
                              (--whole-archive)
zephyr/libzephyr.a(configs.c.obj)
                              (--whole-archive)
zephyr/libzephyr.a(soc_rt10xx.c.obj)
                              (--whole-archive)
zephyr/libzephyr.a(log_minimal.c.obj)
                              (--whole-archive)
zephyr/libzephyr.a(tracing_none.c.obj)
                              (--whole-archive)
zephyr/arch/common/libarch__common.a(sw_isr_common.c.obj)
                              (--whole-archive)
zephyr/arch/arch/arm/core/aarch32/libarch__arm__core__aarch32.a(cpu_idle.S.obj)
                              (--whole-archive)
zephyr/arch/arch/arm/core/aarch32/libarch__arm__core__aarch32.a(fatal.c.obj)
                              (--whole-archive)
zephyr/arch/arch/arm/core/aarch32/libarch__arm__core__aarch32.a(irq_manage.c.obj)
                              (--whole-archive)
zephyr/arch/arch/arm/core/aarch32/libarch__arm__core__aarch32.a(nmi.c.obj)
                              (--whole-archive)
zephyr/arch/arch/arm/core/aarch32/libarch__arm__core__aarch32.a(nmi_on_reset.S.obj)
                              (--whole-archive)
zephyr/arch/arch/arm/core/aarch32/libarch__arm__core__aarch32.a(prep_c.c.obj)
                              (--whole-archive)
zephyr/arch/arch/arm/core/aarch32/libarch__arm__core__aarch32.a(swap.c.obj)
                              (--whole-archive)
zephyr/arch/arch/arm/core/aarch32/libarch__arm__core__aarch32.a(swap_helper.S.obj)
                              (--whole-archive)
zephyr/arch/arch/arm/core/aarch32/libarch__arm__core__aarch32.a(thread.c.obj)
                              (--whole-archive)
zephyr/arch/arch/arm/core/aarch32/libarch__arm__core__aarch32.a(isr_wrapper.S.obj)
                              (--whole-archive)
zephyr/arch/arch/arm/core/aarch32/cortex_m/libarch__arm__core__aarch32__cortex_m.a(exc_exit.S.obj)
                              (--whole-archive)
zephyr/arch/arch/arm/core/aarch32/cortex_m/libarch__arm__core__aarch32__cortex_m.a(fault.c.obj)
                              (--whole-archive)
zephyr/arch/arch/arm/core/aarch32/cortex_m/libarch__arm__core__aarch32__cortex_m.a(fault_s.S.obj)
                              (--whole-archive)
zephyr/arch/arch/arm/core/aarch32/cortex_m/libarch__arm__core__aarch32__cortex_m.a(fpu.c.obj)
                              (--whole-archive)
zephyr/arch/arch/arm/core/aarch32/cortex_m/libarch__arm__core__aarch32__cortex_m.a(irq_init.c.obj)
                              (--whole-archive)
zephyr/arch/arch/arm/core/aarch32/cortex_m/libarch__arm__core__aarch32__cortex_m.a(reset.S.obj)
                              (--whole-archive)
zephyr/arch/arch/arm/core/aarch32/cortex_m/libarch__arm__core__aarch32__cortex_m.a(scb.c.obj)
                              (--whole-archive)
zephyr/arch/arch/arm/core/aarch32/cortex_m/libarch__arm__core__aarch32__cortex_m.a(thread_abort.c.obj)
                              (--whole-archive)
zephyr/arch/arch/arm/core/aarch32/cortex_m/libarch__arm__core__aarch32__cortex_m.a(vector_table.S.obj)
                              (--whole-archive)
zephyr/arch/arch/arm/core/aarch32/mpu/libarch__arm__core__aarch32__mpu.a(arm_core_mpu.c.obj)
                              (--whole-archive)
[...]
Memory Configuration

Name             Origin             Length             Attributes
FLASH            0x0000000060000000 0x0000000000800000 xr
RAM              0x0000000080000000 0x0000000002000000 xw
ITCM             0x0000000000000000 0x0000000000010000
DTCM             0x0000000020000000 0x0000000000010000
OCRAM            0x0000000020200000 0x0000000000020000
IDT_LIST         0x00000000fffff7ff 0x0000000000000800 xw
*default*        0x0000000000000000 0xffffffffffffffff

Linker script and memory map

LOAD zephyr/CMakeFiles/zephyr_final.dir/misc/empty_file.c.obj
LOAD zephyr/CMakeFiles/zephyr_final.dir/dev_handles.c.obj
LOAD zephyr/CMakeFiles/zephyr_final.dir/isr_tables.c.obj
LOAD zephyr/CMakeFiles/offsets.dir/./arch/arm/core/offsets/offsets.c.obj
                0x0000000000000020                _region_min_align = 0x20

.rel.plt        0x0000000060000000        0x0
 *(SORT_BY_ALIGNMENT(.rel.plt))
                [!provide]                        PROVIDE (__rel_iplt_start = .)
 *(SORT_BY_ALIGNMENT(.rel.iplt))
 .rel.iplt      0x0000000060000000        0x0 zephyr/CMakeFiles/zephyr_final.dir/isr_tables.c.obj
                [!provide]                        PROVIDE (__rel_iplt_end = .)

.rela.plt       0x0000000000000000        0x0
 *(SORT_BY_ALIGNMENT(.rela.plt))
                [!provide]                        PROVIDE (__rela_iplt_start = .)
 *(SORT_BY_ALIGNMENT(.rela.iplt))
                [!provide]                        PROVIDE (__rela_iplt_end = .)

.rel.dyn
 *(SORT_BY_ALIGNMENT(.rel.*))

.rela.dyn
 *(SORT_BY_ALIGNMENT(.rela.*))

/DISCARD/
 *(SORT_BY_ALIGNMENT(.plt))

/DISCARD/
 *(SORT_BY_ALIGNMENT(.iplt))
                0x0000000060000000                __rom_region_start = 0x60000000

rom_start       0x0000000060000000     0x3a78
                0x0000000000000000                . = 0x0
 *(SORT_BY_ALIGNMENT(.boot_hdr.conf))
 .boot_hdr.conf
                0x0000000060000000      0x200 zephyr/boards/arm/mimxrt1020_evk/libboards__arm__mimxrt1020_evk.a(evkmimxrt1020_flexspi_nor_config.c.obj)
                0x0000000060000000                qspiflash_config
                0x0000000000001000                . = 0x1000
 *fill*         0x0000000060000200      0xe00 
 *(SORT_BY_ALIGNMENT(.boot_hdr.ivt))
 .boot_hdr.ivt  0x0000000060001000       0x20 zephyr/libzephyr.a(soc_rt10xx.c.obj)
                0x0000000060001000                image_vector_table
 *(SORT_BY_ALIGNMENT(.boot_hdr.data))
 .boot_hdr.data
                0x0000000060001020       0x10 zephyr/libzephyr.a(soc_rt10xx.c.obj)
                0x0000000060001020                boot_data
 *(SORT_BY_ALIGNMENT(.boot_hdr.dcd_data))
 .boot_hdr.dcd_data
                0x0000000060001030      0x3e0 zephyr/boards/arm/mimxrt1020_evk/libboards__arm__mimxrt1020_evk.a(dcd.c.obj)
                0x0000000060001030                dcd_data
                0x0000000060003410                . = (. + 0x2000)
 *fill*         0x0000000060001410     0x2000 
                0x0000000060003410                . = ALIGN (0x4)
                0x0000000060003480                . = ALIGN (0x80)
 *fill*         0x0000000060003410       0x70 
                0x0000000060003800                . = ALIGN (0x400)
 *fill*         0x0000000060003480      0x380 
                0x0000000060003800                _vector_start = .
 *(SORT_BY_ALIGNMENT(.exc_vector_table))
 *(SORT_BY_ALIGNMENT(.exc_vector_table.*))
 .exc_vector_table._vector_table_section
                0x0000000060003800       0x40 zephyr/arch/arch/arm/core/aarch32/cortex_m/libarch__arm__core__aarch32__cortex_m.a(vector_table.S.obj)
                0x0000000060003800                _vector_table
 *(SORT_BY_ALIGNMENT(.vectors))
                0x0000000060003a78                _vector_end = .
                0x0000000060003840                . = ALIGN (0x4)
 *(SORT_BY_ALIGNMENT(.gnu.linkonce.irq_vector_table*))
 .gnu.linkonce.irq_vector_table
                0x0000000060003840      0x238 zephyr/CMakeFiles/zephyr_final.dir/isr_tables.c.obj
                0x0000000060003840                _irq_vector_table
                0x0000000060003a78                _vector_end = .

text            0x0000000060003a78     0x7a78
                0x0000000060003a78                __text_region_start = .
 *(SORT_BY_ALIGNMENT(.text))
 .text          0x0000000060003a78       0x30 /Users/julius/zephyr-sdk-0.16.0/arm-zephyr-eabi/bin/../lib/gcc/arm-zephyr-eabi/12.2.0/thumb/v7e-m/nofp/libgcc.a(_aeabi_uldivmod.o)
                0x0000000060003a78                __aeabi_uldivmod
 .text          0x0000000060003aa8        0x4 /Users/julius/zephyr-sdk-0.16.0/arm-zephyr-eabi/bin/../lib/gcc/arm-zephyr-eabi/12.2.0/thumb/v7e-m/nofp/libgcc.a(_dvmd_tls.o)
                0x0000000060003aa8                __aeabi_ldiv0
                0x0000000060003aa8                __aeabi_idiv0
 .text          0x0000000060003aac      0x2a0 /Users/julius/zephyr-sdk-0.16.0/arm-zephyr-eabi/bin/../lib/gcc/arm-zephyr-eabi/12.2.0/thumb/v7e-m/nofp/libgcc.a(_udivmoddi4.o)
                0x0000000060003aac                __udivmoddi4
 *(SORT_BY_ALIGNMENT(.text.*))
 *fill*         0x0000000060003d4c        0x4 
 .text.LPSPI_MasterSetDelayTimes
                0x0000000060003d50      0x124 modules/hal_nxp/hal_nxp/lib..__modules__hal__nxp.a(fsl_lpspi.c.obj)
                0x0000000060003d50                LPSPI_MasterSetDelayTimes
 .text.char_out
                0x0000000060003e74        0xc zephyr/libzephyr.a(printk.c.obj)
 .text.__printk_hook_install
                0x0000000060003e80        0xc zephyr/libzephyr.a(printk.c.obj)
                0x0000000060003e80                __printk_hook_install
 .text.vprintk  0x0000000060003e8c       0x1c zephyr/libzephyr.a(printk.c.obj)
                0x0000000060003e8c                vprintk
 .text.z_cbvprintf_impl
                0x0000000060003ea8      0x764 zephyr/libzephyr.a(cbprintf_complete.c.obj)
                0x0000000060003ea8                z_cbvprintf_impl
 .text.imxrt_init
                0x000000006000460c      0x144 zephyr/libzephyr.a(soc_rt10xx.c.obj)
 .text.z_arm_cpu_idle_init
                0x0000000060004750        0xc zephyr/arch/arch/arm/core/aarch32/libarch__arm__core__aarch32.a(cpu_idle.S.obj)
                0x0000000060004750                z_arm_cpu_idle_init
 .text.arch_cpu_idle
                0x000000006000475c       0x1c zephyr/arch/arch/arm/core/aarch32/libarch__arm__core__aarch32.a(cpu_idle.S.obj)
                0x000000006000475c                arch_cpu_idle
 .text.z_arm_fatal_error
                0x0000000060004778       0x5c zephyr/arch/arch/arm/core/aarch32/libarch__arm__core__aarch32.a(fatal.c.obj)
                0x0000000060004778                z_arm_fatal_error
 .text.arch_irq_enable
                0x00000000600047d4       0x1c zephyr/arch/arch/arm/core/aarch32/libarch__arm__core__aarch32.a(irq_manage.c.obj)
                0x00000000600047d4                arch_irq_enable
 .text.z_arm_irq_priority_set
                0x00000000600047f0       0x64 zephyr/arch/arch/arm/core/aarch32/libarch__arm__core__aarch32.a(irq_manage.c.obj)
                0x00000000600047f0                z_arm_irq_priority_set
 .text.z_SysNmiOnReset
                0x0000000060004854        0x8 zephyr/arch/arch/arm/core/aarch32/libarch__arm__core__aarch32.a(nmi_on_reset.S.obj)
                0x0000000060004854                z_SysNmiOnReset
 .text.z_arm_prep_c
                0x000000006000485c       0x48 zephyr/arch/arch/arm/core/aarch32/libarch__arm__core__aarch32.a(prep_c.c.obj)
                0x000000006000485c                z_arm_prep_c
 .text.arch_swap
                0x00000000600048a4       0x38 zephyr/arch/arch/arm/core/aarch32/libarch__arm__core__aarch32.a(swap.c.obj)
                0x00000000600048a4                arch_swap
 .text.z_arm_pendsv
                0x00000000600048dc       0x58 zephyr/arch/arch/arm/core/aarch32/libarch__arm__core__aarch32.a(swap_helper.S.obj)
                0x00000000600048dc                z_arm_pendsv
 .text.z_arm_svc
                0x0000000060004934       0x20 zephyr/arch/arch/arm/core/aarch32/libarch__arm__core__aarch32.a(swap_helper.S.obj)
                0x0000000060004934                z_arm_svc
 .text.arch_new_thread
                0x0000000060004954       0x30 zephyr/arch/arch/arm/core/aarch32/libarch__arm__core__aarch32.a(thread.c.obj)
                0x0000000060004954                arch_new_thread
 .text.z_check_thread_stack_fail
                0x0000000060004984       0x30 zephyr/arch/arch/arm/core/aarch32/libarch__arm__core__aarch32.a(thread.c.obj)
                0x0000000060004984                z_check_thread_stack_fail
 .text.arch_switch_to_main_thread
                0x00000000600049b4       0x2c zephyr/arch/arch/arm/core/aarch32/libarch__arm__core__aarch32.a(thread.c.obj)
                0x00000000600049b4                arch_switch_to_main_thread
 .text._isr_wrapper
                0x00000000600049e0       0x28 zephyr/arch/arch/arm/core/aarch32/libarch__arm__core__aarch32.a(isr_wrapper.S.obj)
                0x00000000600049e0                _isr_wrapper
 .text._HandlerModeExit
                0x0000000060004a08       0x1c zephyr/arch/arch/arm/core/aarch32/cortex_m/libarch__arm__core__aarch32__cortex_m.a(exc_exit.S.obj)
                0x0000000060004a08                z_arm_exc_exit
                0x0000000060004a08                z_arm_int_exit
 .text.mem_manage_fault
                0x0000000060004a24      0x134 zephyr/arch/arch/arm/core/aarch32/cortex_m/libarch__arm__core__aarch32__cortex_m.a(fault.c.obj)
 .text.usage_fault.constprop.0
                0x0000000060004b58       0xa4 zephyr/arch/arch/arm/core/aarch32/cortex_m/libarch__arm__core__aarch32__cortex_m.a(fault.c.obj)
 .text.bus_fault.constprop.0
                0x0000000060004bfc       0xc8 zephyr/arch/arch/arm/core/aarch32/cortex_m/libarch__arm__core__aarch32__cortex_m.a(fault.c.obj)
 .text.z_arm_fault
                0x0000000060004cc4      0x214 zephyr/arch/arch/arm/core/aarch32/cortex_m/libarch__arm__core__aarch32__cortex_m.a(fault.c.obj)
                0x0000000060004cc4                z_arm_fault
 .text.z_arm_fault_init
                0x0000000060004ed8       0x10 zephyr/arch/arch/arm/core/aarch32/cortex_m/libarch__arm__core__aarch32__cortex_m.a(fault.c.obj)
                0x0000000060004ed8                z_arm_fault_init
 .text.__fault  0x0000000060004ee8       0x14 zephyr/arch/arch/arm/core/aarch32/cortex_m/libarch__arm__core__aarch32__cortex_m.a(fault_s.S.obj)
                0x0000000060004ee8                z_arm_bus_fault
                0x0000000060004ee8                z_arm_usage_fault
                0x0000000060004ee8                z_arm_mpu_fault
                0x0000000060004ee8                z_arm_exc_spurious
                0x0000000060004ee8                z_arm_debug_monitor
                0x0000000060004ee8                z_arm_hard_fault
 .text.z_arm_interrupt_init
                0x0000000060004efc       0x18 zephyr/arch/arch/arm/core/aarch32/cortex_m/libarch__arm__core__aarch32__cortex_m.a(irq_init.c.obj)
                0x0000000060004efc                z_arm_interrupt_init
 .text._reset_section
                0x0000000060004f14       0x30 zephyr/arch/arch/arm/core/aarch32/cortex_m/libarch__arm__core__aarch32__cortex_m.a(reset.S.obj)
                0x0000000060004f14                z_arm_reset
                0x0000000060004f14                __start
 .text.z_impl_k_thread_abort
                0x0000000060004f44       0x2c zephyr/arch/arch/arm/core/aarch32/cortex_m/libarch__arm__core__aarch32__cortex_m.a(thread_abort.c.obj)
                0x0000000060004f44                z_impl_k_thread_abort
 .text.z_arm_configure_static_mpu_regions
                0x0000000060004f70       0x18 zephyr/arch/arch/arm/core/aarch32/mpu/libarch__arm__core__aarch32__mpu.a(arm_core_mpu.c.obj)
                0x0000000060004f70                z_arm_configure_static_mpu_regions
 .text.z_arm_configure_dynamic_mpu_regions
                0x0000000060004f88       0x24 zephyr/arch/arch/arm/core/aarch32/mpu/libarch__arm__core__aarch32__mpu.a(arm_core_mpu.c.obj)
                0x0000000060004f88                z_arm_configure_dynamic_mpu_regions
 .text.mpu_configure_regions
                0x0000000060004fac       0xa0 zephyr/arch/arch/arm/core/aarch32/mpu/libarch__arm__core__aarch32__mpu.a(arm_mpu.c.obj)
 .text.arm_core_mpu_enable
                0x000000006000504c       0x18 zephyr/arch/arch/arm/core/aarch32/mpu/libarch__arm__core__aarch32__mpu.a(arm_mpu.c.obj)
                0x000000006000504c                arm_core_mpu_enable
 .text.arm_core_mpu_disable
                0x0000000060005064       0x14 zephyr/arch/arch/arm/core/aarch32/mpu/libarch__arm__core__aarch32__mpu.a(arm_mpu.c.obj)
                0x0000000060005064                arm_core_mpu_disable
 .text.arm_core_mpu_configure_static_mpu_regions
                0x0000000060005078       0x4c zephyr/arch/arch/arm/core/aarch32/mpu/libarch__arm__core__aarch32__mpu.a(arm_mpu.c.obj)
                0x0000000060005078                arm_core_mpu_configure_static_mpu_regions
 .text.arm_core_mpu_configure_dynamic_mpu_regions
                0x00000000600050c4       0x64 zephyr/arch/arch/arm/core/aarch32/mpu/libarch__arm__core__aarch32__mpu.a(arm_mpu.c.obj)
                0x00000000600050c4                arm_core_mpu_configure_dynamic_mpu_regions
 .text.z_arm_mpu_init
                0x0000000060005128      0x104 zephyr/arch/arch/arm/core/aarch32/mpu/libarch__arm__core__aarch32__mpu.a(arm_mpu.c.obj)
                0x0000000060005128                z_arm_mpu_init
 .text.__stdout_hook_install
                0x000000006000522c        0xc zephyr/lib/libc/minimal/liblib__libc__minimal.a(stdout_console.c.obj)
                0x000000006000522c                __stdout_hook_install
 .text.ztest_find_test_suite
                0x0000000060005238       0x2c zephyr/subsys/testsuite/ztest/libsubsys__testsuite__ztest.a(ztest_new.c.obj)
 .text.test_cb  0x0000000060005264       0x5c zephyr/subsys/testsuite/ztest/libsubsys__testsuite__ztest.a(ztest_new.c.obj)
 .text.z_ztest_get_next_test
                0x00000000600052c0       0x34 zephyr/subsys/testsuite/ztest/libsubsys__testsuite__ztest.a(ztest_new.c.obj)
                0x00000000600052c0                z_ztest_get_next_test
 .text.z_ztest_run_test_suite_ptr
                0x00000000600052f4      0x2bc zephyr/subsys/testsuite/ztest/libsubsys__testsuite__ztest.a(ztest_new.c.obj)
 .text.z_impl_ztest_run_test_suites
                0x00000000600055b0       0xb0 zephyr/subsys/testsuite/ztest/libsubsys__testsuite__ztest.a(ztest_new.c.obj)
                0x00000000600055b0                z_impl_ztest_run_test_suites
 .text.ztest_verify_all_test_suites_ran
                0x0000000060005660       0xac zephyr/subsys/testsuite/ztest/libsubsys__testsuite__ztest.a(ztest_new.c.obj)
                0x0000000060005660                ztest_verify_all_test_suites_ran
 .text.ztest_run_all
                0x000000006000570c        0xc zephyr/subsys/testsuite/ztest/libsubsys__testsuite__ztest.a(ztest_new.c.obj)
                0x000000006000570c                ztest_run_all
 .text.main     0x0000000060005718      0x194 zephyr/subsys/testsuite/ztest/libsubsys__testsuite__ztest.a(ztest_new.c.obj)
                0x0000000060005718                main
 .text.mcux_ccm_get_subsys_rate
                0x00000000600058ac       0x94 zephyr/drivers/clock_control/libdrivers__clock_control.a(clock_control_mcux_ccm.c.obj)
 .text.uart_console_init
                0x0000000060005940       0x28 zephyr/drivers/console/libdrivers__console.a(uart_console.c.obj)
 .text.console_out
                0x0000000060005968       0x28 zephyr/drivers/console/libdrivers__console.a(uart_console.c.obj)
 .text.data_size_valid
                0x0000000060005990       0x28 zephyr/drivers/dma/libdrivers__dma.a(dma_mcux_edma.c.obj)
 .text.dma_mcux_edma_reload
                0x00000000600059b8       0xac zephyr/drivers/dma/libdrivers__dma.a(dma_mcux_edma.c.obj)
 .text.dma_mcux_edma_error_irq_handler
                0x0000000060005a64       0x64 zephyr/drivers/dma/libdrivers__dma.a(dma_mcux_edma.c.obj)
 .text.dma_mcux_edma_init
                0x0000000060005ac8       0x5c zephyr/drivers/dma/libdrivers__dma.a(dma_mcux_edma.c.obj)
 .text.dma_mcux_edma_configure
                0x0000000060005b24      0x2c4 zephyr/drivers/dma/libdrivers__dma.a(dma_mcux_edma.c.obj)
 .text.mcux_igpio_manage_callback
                0x0000000060005de8       0xa0 zephyr/drivers/gpio/libdrivers__gpio.a(gpio_mcux_igpio.c.obj)
 .text.mcux_igpio_port_isr
                0x0000000060005e88       0x60 zephyr/drivers/gpio/libdrivers__gpio.a(gpio_mcux_igpio.c.obj)
 .text.imx_pinctrl_init
                0x0000000060005ee8       0x50 zephyr/drivers/pinctrl/libdrivers__pinctrl.a(pinctrl_imx.c.obj)
 .text.spi_mcux_dma_callback
                0x0000000060005f38       0x5c zephyr/drivers/spi/libdrivers__spi.a(spi_mcux_lpspi.c.obj)
 .text.gpio_pin_set_dt.isra.0
                0x0000000060005f94       0x64 zephyr/drivers/spi/libdrivers__spi.a(spi_mcux_lpspi.c.obj)
 .text.spi_mcux_transceive
                0x0000000060005ff8      0x480 zephyr/drivers/spi/libdrivers__spi.a(spi_mcux_lpspi.c.obj)
 .text.spi_mcux_master_transfer_callback
                0x0000000060006478      0x13c zephyr/drivers/spi/libdrivers__spi.a(spi_mcux_lpspi.c.obj)
 .text.spi_mcux_init
                0x00000000600065b4      0x178 zephyr/drivers/spi/libdrivers__spi.a(spi_mcux_lpspi.c.obj)
 .text.elapsed  0x000000006000672c       0x3c zephyr/drivers/timer/libdrivers__timer.a(cortex_m_systick.c.obj)
 .text.sys_clock_driver_init
                0x0000000060006768       0x34 zephyr/drivers/timer/libdrivers__timer.a(cortex_m_systick.c.obj)
 .text.sys_clock_isr
                0x000000006000679c       0x44 zephyr/drivers/timer/libdrivers__timer.a(cortex_m_systick.c.obj)
                0x000000006000679c                sys_clock_isr
 .text.sys_clock_set_timeout
                0x00000000600067e0      0x148 zephyr/drivers/timer/libdrivers__timer.a(cortex_m_systick.c.obj)
                0x00000000600067e0                sys_clock_set_timeout
 .text.sys_clock_elapsed
                0x0000000060006928       0xa4 zephyr/drivers/timer/libdrivers__timer.a(cortex_m_systick.c.obj)
                0x0000000060006928                sys_clock_elapsed
 .text.sys_clock_cycle_get_32
                0x00000000600069cc       0x94 zephyr/drivers/timer/libdrivers__timer.a(cortex_m_systick.c.obj)
                0x00000000600069cc                sys_clock_cycle_get_32
 .text.CLOCK_GetOscFreq
                0x0000000060006a60       0x20 modules/hal_nxp/hal_nxp/lib..__modules__hal__nxp.a(fsl_clock.c.obj)
 .text.CLOCK_InitEnetPll
                0x0000000060006a80       0x68 modules/hal_nxp/hal_nxp/lib..__modules__hal__nxp.a(fsl_clock.c.obj)
                0x0000000060006a80                CLOCK_InitEnetPll
 .text.CLOCK_GetPllFreq
                0x0000000060006ae8      0x164 modules/hal_nxp/hal_nxp/lib..__modules__hal__nxp.a(fsl_clock.c.obj)
                0x0000000060006ae8                CLOCK_GetPllFreq
 .text.CLOCK_GetPllUsb1SWFreq
                0x0000000060006c4c       0x20 modules/hal_nxp/hal_nxp/lib..__modules__hal__nxp.a(fsl_clock.c.obj)
 .text.CLOCK_GetSysPfdFreq
                0x0000000060006c6c       0x5c modules/hal_nxp/hal_nxp/lib..__modules__hal__nxp.a(fsl_clock.c.obj)
                0x0000000060006c6c                CLOCK_GetSysPfdFreq
 .text.CLOCK_GetUsb1PfdFreq
                0x0000000060006cc8       0x5c modules/hal_nxp/hal_nxp/lib..__modules__hal__nxp.a(fsl_clock.c.obj)
                0x0000000060006cc8                CLOCK_GetUsb1PfdFreq
 .text.CLOCK_GetPeriphClkFreq
                0x0000000060006d24       0x94 modules/hal_nxp/hal_nxp/lib..__modules__hal__nxp.a(fsl_clock.c.obj)
 .text.CLOCK_GetAhbFreq
                0x0000000060006db8       0x1c modules/hal_nxp/hal_nxp/lib..__modules__hal__nxp.a(fsl_clock.c.obj)
                0x0000000060006db8                CLOCK_GetAhbFreq
 .text.CLOCK_GetIpgFreq
                0x0000000060006dd4       0x1c modules/hal_nxp/hal_nxp/lib..__modules__hal__nxp.a(fsl_clock.c.obj)
                0x0000000060006dd4                CLOCK_GetIpgFreq
 .text.CLOCK_GetPerClkFreq
                0x0000000060006df0       0x28 modules/hal_nxp/hal_nxp/lib..__modules__hal__nxp.a(fsl_clock.c.obj)
                0x0000000060006df0                CLOCK_GetPerClkFreq
 .text.CLOCK_GetSemcFreq
                0x0000000060006e18       0x38 modules/hal_nxp/hal_nxp/lib..__modules__hal__nxp.a(fsl_clock.c.obj)
                0x0000000060006e18                CLOCK_GetSemcFreq
 .text.CLOCK_GetFreq
                0x0000000060006e50       0xd8 modules/hal_nxp/hal_nxp/lib..__modules__hal__nxp.a(fsl_clock.c.obj)
                0x0000000060006e50                CLOCK_GetFreq
 .text.SystemInit
                0x0000000060006f28       0xcc modules/hal_nxp/hal_nxp/lib..__modules__hal__nxp.a(system_MIMXRT1021.c.obj)
                0x0000000060006f28                SystemInit
 .text.EDMA_GetInstance
                0x0000000060006ff4       0x30 modules/hal_nxp/hal_nxp/lib..__modules__hal__nxp.a(fsl_edma.c.obj)
 .text.EDMA_TransferWidthMapping
                0x0000000060007024       0x58 modules/hal_nxp/hal_nxp/lib..__modules__hal__nxp.a(fsl_edma.c.obj)
 .text.EDMA_InstallTCD
                0x000000006000707c       0xbc modules/hal_nxp/hal_nxp/lib..__modules__hal__nxp.a(fsl_edma.c.obj)
                0x000000006000707c                EDMA_InstallTCD
 .text.EDMA_Init
                0x0000000060007138       0x7c modules/hal_nxp/hal_nxp/lib..__modules__hal__nxp.a(fsl_edma.c.obj)
                0x0000000060007138                EDMA_Init
 .text.EDMA_GetDefaultConfig
                0x00000000600071b4       0x3c modules/hal_nxp/hal_nxp/lib..__modules__hal__nxp.a(fsl_edma.c.obj)
                0x00000000600071b4                EDMA_GetDefaultConfig
 .text.EDMA_EnableChannelInterrupts
                0x00000000600071f0       0x68 modules/hal_nxp/hal_nxp/lib..__modules__hal__nxp.a(fsl_edma.c.obj)
                0x00000000600071f0                EDMA_EnableChannelInterrupts
 .text.EDMA_TcdReset
                0x0000000060007258       0x60 modules/hal_nxp/hal_nxp/lib..__modules__hal__nxp.a(fsl_edma.c.obj)
                0x0000000060007258                EDMA_TcdReset
 .text.EDMA_ResetChannel
                0x00000000600072b8       0x34 modules/hal_nxp/hal_nxp/lib..__modules__hal__nxp.a(fsl_edma.c.obj)
                0x00000000600072b8                EDMA_ResetChannel
 .text.EDMA_TcdSetTransferConfig
                0x00000000600072ec      0x108 modules/hal_nxp/hal_nxp/lib..__modules__hal__nxp.a(fsl_edma.c.obj)
                0x00000000600072ec                EDMA_TcdSetTransferConfig
 .text.EDMA_SetTransferConfig
                0x00000000600073f4       0x68 modules/hal_nxp/hal_nxp/lib..__modules__hal__nxp.a(fsl_edma.c.obj)
                0x00000000600073f4                EDMA_SetTransferConfig
 .text.EDMA_TcdSetChannelLink
                0x000000006000745c       0xe0 modules/hal_nxp/hal_nxp/lib..__modules__hal__nxp.a(fsl_edma.c.obj)
                0x000000006000745c                EDMA_TcdSetChannelLink
 .text.EDMA_SetChannelLink
                0x000000006000753c       0x5c modules/hal_nxp/hal_nxp/lib..__modules__hal__nxp.a(fsl_edma.c.obj)
                0x000000006000753c                EDMA_SetChannelLink
 .text.EDMA_GetRemainingMajorLoopCount
                0x0000000060007598       0x54 modules/hal_nxp/hal_nxp/lib..__modules__hal__nxp.a(fsl_edma.c.obj)
                0x0000000060007598                EDMA_GetRemainingMajorLoopCount
 .text.EDMA_GetChannelStatusFlags
                0x00000000600075ec       0x54 modules/hal_nxp/hal_nxp/lib..__modules__hal__nxp.a(fsl_edma.c.obj)
                0x00000000600075ec                EDMA_GetChannelStatusFlags
 .text.EDMA_ClearChannelStatusFlags
                0x0000000060007640       0x44 modules/hal_nxp/hal_nxp/lib..__modules__hal__nxp.a(fsl_edma.c.obj)
                0x0000000060007640                EDMA_ClearChannelStatusFlags
 .text.EDMA_CreateHandle
                0x0000000060007684       0xe4 modules/hal_nxp/hal_nxp/lib..__modules__hal__nxp.a(fsl_edma.c.obj)
                0x0000000060007684                EDMA_CreateHandle
 .text.EDMA_InstallTCDMemory
                0x0000000060007768       0x58 modules/hal_nxp/hal_nxp/lib..__modules__hal__nxp.a(fsl_edma.c.obj)
                0x0000000060007768                EDMA_InstallTCDMemory
 .text.EDMA_SetCallback
                0x00000000600077c0       0x30 modules/hal_nxp/hal_nxp/lib..__modules__hal__nxp.a(fsl_edma.c.obj)
                0x00000000600077c0                EDMA_SetCallback
 .text.EDMA_PrepareTransferConfig
                0x00000000600077f0      0x14c modules/hal_nxp/hal_nxp/lib..__modules__hal__nxp.a(fsl_edma.c.obj)
                0x00000000600077f0                EDMA_PrepareTransferConfig
 .text.EDMA_PrepareTransfer
                0x000000006000793c       0x84 modules/hal_nxp/hal_nxp/lib..__modules__hal__nxp.a(fsl_edma.c.obj)
                0x000000006000793c                EDMA_PrepareTransfer
 .text.EDMA_SubmitTransfer
                0x00000000600079c0      0x1c0 modules/hal_nxp/hal_nxp/lib..__modules__hal__nxp.a(fsl_edma.c.obj)
                0x00000000600079c0                EDMA_SubmitTransfer
 .text.EDMA_StartTransfer
                0x0000000060007b80       0x78 modules/hal_nxp/hal_nxp/lib..__modules__hal__nxp.a(fsl_edma.c.obj)
                0x0000000060007b80                EDMA_StartTransfer
 .text.EDMA_StopTransfer
                0x0000000060007bf8       0x3c modules/hal_nxp/hal_nxp/lib..__modules__hal__nxp.a(fsl_edma.c.obj)
                0x0000000060007bf8                EDMA_StopTransfer
 .text.EDMA_HandleIRQ
                0x0000000060007c34       0xe8 modules/hal_nxp/hal_nxp/lib..__modules__hal__nxp.a(fsl_edma.c.obj)
                0x0000000060007c34                EDMA_HandleIRQ
 .text.DMAMUX_GetInstance.isra.0
                0x0000000060007d1c       0x30 modules/hal_nxp/hal_nxp/lib..__modules__hal__nxp.a(fsl_dmamux.c.obj)
 .text.DMAMUX_Init
                0x0000000060007d4c       0x28 modules/hal_nxp/hal_nxp/lib..__modules__hal__nxp.a(fsl_dmamux.c.obj)
                0x0000000060007d4c                DMAMUX_Init
 .text.LPSPI_CombineWriteData
                0x0000000060007d74       0x84 modules/hal_nxp/hal_nxp/lib..__modules__hal__nxp.a(fsl_lpspi.c.obj)
 .text.LPSPI_SeparateReadData
                0x0000000060007df8       0xa4 modules/hal_nxp/hal_nxp/lib..__modules__hal__nxp.a(fsl_lpspi.c.obj)
 .text.LPSPI_MasterTransferFillUpTxFifo
                0x0000000060007e9c       0xbc modules/hal_nxp/hal_nxp/lib..__modules__hal__nxp.a(fsl_lpspi.c.obj)
 .text.CLOCK_ControlGate
                0x0000000060007f58       0x58 modules/hal_nxp/hal_nxp/lib..__modules__hal__nxp.a(fsl_lpspi.c.obj)
 .text.LPSPI_MasterTransferComplete
                0x0000000060007fb0       0x4c modules/hal_nxp/hal_nxp/lib..__modules__hal__nxp.a(fsl_lpspi.c.obj)
 .text.LPSPI_MasterTransferHandleIRQ
                0x0000000060007ffc      0x16c modules/hal_nxp/hal_nxp/lib..__modules__hal__nxp.a(fsl_lpspi.c.obj)
                0x0000000060007ffc                LPSPI_MasterTransferHandleIRQ
 .text.EnableIRQ.isra.0
                0x0000000060008168       0x1c modules/hal_nxp/hal_nxp/lib..__modules__hal__nxp.a(fsl_lpspi.c.obj)
 .text.LPSPI_GetInstance
                0x0000000060008184       0x58 modules/hal_nxp/hal_nxp/lib..__modules__hal__nxp.a(fsl_lpspi.c.obj)
                0x0000000060008184                LPSPI_GetInstance
 .text.LPSPI_SetDummyData
                0x00000000600081dc       0x14 modules/hal_nxp/hal_nxp/lib..__modules__hal__nxp.a(fsl_lpspi.c.obj)
                0x00000000600081dc                LPSPI_SetDummyData
 .text.LPSPI_MasterGetDefaultConfig
                0x00000000600081f0       0x54 modules/hal_nxp/hal_nxp/lib..__modules__hal__nxp.a(fsl_lpspi.c.obj)
                0x00000000600081f0                LPSPI_MasterGetDefaultConfig
 .text.LPSPI_MasterSetBaudRate
                0x0000000060008244       0xc8 modules/hal_nxp/hal_nxp/lib..__modules__hal__nxp.a(fsl_lpspi.c.obj)
                0x0000000060008244                LPSPI_MasterSetBaudRate
 .text.LPSPI_MasterSetDelayScaler
                0x000000006000830c       0x60 modules/hal_nxp/hal_nxp/lib..__modules__hal__nxp.a(fsl_lpspi.c.obj)
                0x000000006000830c                LPSPI_MasterSetDelayScaler
 .text.LPSPI_MasterInit
                0x000000006000836c      0x108 modules/hal_nxp/hal_nxp/lib..__modules__hal__nxp.a(fsl_lpspi.c.obj)
                0x000000006000836c                LPSPI_MasterInit
 .text.LPSPI_MasterTransferCreateHandle
                0x0000000060008474       0x60 modules/hal_nxp/hal_nxp/lib..__modules__hal__nxp.a(fsl_lpspi.c.obj)
                0x0000000060008474                LPSPI_MasterTransferCreateHandle
 .text.LPSPI_CheckTransferArgument
                0x00000000600084d4       0xa8 modules/hal_nxp/hal_nxp/lib..__modules__hal__nxp.a(fsl_lpspi.c.obj)
                0x00000000600084d4                LPSPI_CheckTransferArgument
 .text.LPSPI_MasterTransferNonBlocking
                0x000000006000857c      0x260 modules/hal_nxp/hal_nxp/lib..__modules__hal__nxp.a(fsl_lpspi.c.obj)
                0x000000006000857c                LPSPI_MasterTransferNonBlocking
 .text.CLOCK_ControlGate
                0x00000000600087dc       0x58 modules/hal_nxp/hal_nxp/lib..__modules__hal__nxp.a(fsl_lpuart.c.obj)
 .text.LPUART_GetInstance
                0x0000000060008834       0x3c modules/hal_nxp/hal_nxp/lib..__modules__hal__nxp.a(fsl_lpuart.c.obj)
                0x0000000060008834                LPUART_GetInstance
 .text.LPUART_Init
                0x0000000060008870      0x208 modules/hal_nxp/hal_nxp/lib..__modules__hal__nxp.a(fsl_lpuart.c.obj)
                0x0000000060008870                LPUART_Init
 .text.LPUART_Deinit
                0x0000000060008a78       0x38 modules/hal_nxp/hal_nxp/lib..__modules__hal__nxp.a(fsl_lpuart.c.obj)
                0x0000000060008a78                LPUART_Deinit
 .text.LPUART_GetDefaultConfig
                0x0000000060008ab0       0x44 modules/hal_nxp/hal_nxp/lib..__modules__hal__nxp.a(fsl_lpuart.c.obj)
                0x0000000060008ab0                LPUART_GetDefaultConfig
 .text.LPUART_GetStatusFlags
                0x0000000060008af4       0x18 modules/hal_nxp/hal_nxp/lib..__modules__hal__nxp.a(fsl_lpuart.c.obj)
                0x0000000060008af4                LPUART_GetStatusFlags
 .text.LPUART_ClearStatusFlags
                0x0000000060008b0c       0x3c modules/hal_nxp/hal_nxp/lib..__modules__hal__nxp.a(fsl_lpuart.c.obj)
                0x0000000060008b0c                LPUART_ClearStatusFlags
 .text.GPIO_PinWrite
                0x0000000060008b48       0x3c modules/hal_nxp/hal_nxp/lib..__modules__hal__nxp.a(fsl_gpio.c.obj)
                0x0000000060008b48                GPIO_PinWrite
 .text.k_sys_fatal_error_handler
                0x0000000060008b84       0x18 zephyr/kernel/libkernel.a(fatal.c.obj)
                0x0000000060008b84                k_sys_fatal_error_handler
 .text.z_fatal_error
                0x0000000060008b9c       0xb8 zephyr/kernel/libkernel.a(fatal.c.obj)
                0x0000000060008b9c                z_fatal_error
 .text.z_sys_init_run_level
                0x0000000060008c54       0x44 zephyr/kernel/libkernel.a(init.c.obj)
 .text.bg_thread_main
                0x0000000060008c98       0x34 zephyr/kernel/libkernel.a(init.c.obj)
 .text.z_bss_zero
                0x0000000060008ccc       0x2c zephyr/kernel/libkernel.a(init.c.obj)
                0x0000000060008ccc                z_bss_zero
 .text.z_init_cpu
                0x0000000060008cf8       0x78 zephyr/kernel/libkernel.a(init.c.obj)
                0x0000000060008cf8                z_init_cpu
 .text.z_cstart
                0x0000000060008d70       0xd0 zephyr/kernel/libkernel.a(init.c.obj)
                0x0000000060008d70                z_cstart
 .text.z_impl_k_thread_name_set
                0x0000000060008e40       0x20 zephyr/kernel/libkernel.a(thread.c.obj)
                0x0000000060008e40                z_impl_k_thread_name_set
 .text.z_setup_new_thread
                0x0000000060008e60       0xd8 zephyr/kernel/libkernel.a(thread.c.obj)
                0x0000000060008e60                z_setup_new_thread
 .text.z_impl_k_thread_create
                0x0000000060008f38       0x8c zephyr/kernel/libkernel.a(thread.c.obj)
                0x0000000060008f38                z_impl_k_thread_create
 .text.z_init_static_threads
                0x0000000060008fc4       0xe4 zephyr/kernel/libkernel.a(thread.c.obj)
                0x0000000060008fc4                z_init_static_threads
 .text.z_spin_lock_valid
                0x00000000600090a8       0x1c zephyr/kernel/libkernel.a(thread.c.obj)
                0x00000000600090a8                z_spin_lock_valid
 .text.z_spin_unlock_valid
                0x00000000600090c4       0x1c zephyr/kernel/libkernel.a(thread.c.obj)
                0x00000000600090c4                z_spin_unlock_valid
 .text.z_spin_lock_set_owner
                0x00000000600090e0       0x10 zephyr/kernel/libkernel.a(thread.c.obj)
                0x00000000600090e0                z_spin_lock_set_owner
 .text.idle     0x00000000600090f0       0x48 zephyr/kernel/libkernel.a(idle.c.obj)
                0x00000000600090f0                idle
 .text.z_impl_k_sem_give
                0x0000000060009138       0x80 zephyr/kernel/libkernel.a(sem.c.obj)
                0x0000000060009138                z_impl_k_sem_give
 .text.z_impl_k_sem_take
                0x00000000600091b8       0xf4 zephyr/kernel/libkernel.a(sem.c.obj)
                0x00000000600091b8                z_impl_k_sem_take
 .text.z_reset_time_slice
                0x00000000600092ac       0x28 zephyr/kernel/libkernel.a(sched.c.obj)
                0x00000000600092ac                z_reset_time_slice
 .text.update_cache
                0x00000000600092d4       0x68 zephyr/kernel/libkernel.a(sched.c.obj)
 .text.ready_thread
                0x000000006000933c       0x94 zephyr/kernel/libkernel.a(sched.c.obj)
 .text.k_sched_time_slice_set
                0x00000000600093d0       0xb8 zephyr/kernel/libkernel.a(sched.c.obj)
                0x00000000600093d0                k_sched_time_slice_set
 .text.z_ready_thread
                0x0000000060009488       0x8c zephyr/kernel/libkernel.a(sched.c.obj)
                0x0000000060009488                z_ready_thread
 .text.z_reschedule
                0x0000000060009514       0x84 zephyr/kernel/libkernel.a(sched.c.obj)
                0x0000000060009514                z_reschedule
 .text.z_sched_start
                0x0000000060009598       0xa4 zephyr/kernel/libkernel.a(sched.c.obj)
                0x0000000060009598                z_sched_start
 .text.k_sched_lock
                0x000000006000963c       0xd8 zephyr/kernel/libkernel.a(sched.c.obj)
                0x000000006000963c                k_sched_lock
 .text.k_sched_unlock
                0x0000000060009714       0xe8 zephyr/kernel/libkernel.a(sched.c.obj)
                0x0000000060009714                k_sched_unlock
 .text.z_priq_dumb_remove
                0x00000000600097fc       0x40 zephyr/kernel/libkernel.a(sched.c.obj)
                0x00000000600097fc                z_priq_dumb_remove
 .text.move_thread_to_end_of_prio_q
                0x000000006000983c       0xa4 zephyr/kernel/libkernel.a(sched.c.obj)
 .text.z_time_slice
                0x00000000600098e0       0xec zephyr/kernel/libkernel.a(sched.c.obj)
                0x00000000600098e0                z_time_slice
 .text.unready_thread
                0x00000000600099cc       0x38 zephyr/kernel/libkernel.a(sched.c.obj)
 .text.add_to_waitq_locked
                0x0000000060009a04       0x7c zephyr/kernel/libkernel.a(sched.c.obj)
 .text.pend_locked
                0x0000000060009a80       0x30 zephyr/kernel/libkernel.a(sched.c.obj)
 .text.z_pend_curr
                0x0000000060009ab0       0xec zephyr/kernel/libkernel.a(sched.c.obj)
                0x0000000060009ab0                z_pend_curr
 .text.z_impl_k_thread_suspend
                0x0000000060009b9c       0xd0 zephyr/kernel/libkernel.a(sched.c.obj)
                0x0000000060009b9c                z_impl_k_thread_suspend
 .text.unpend_thread_no_timeout
                0x0000000060009c6c       0x40 zephyr/kernel/libkernel.a(sched.c.obj)
 .text.z_thread_timeout
                0x0000000060009cac       0xb0 zephyr/kernel/libkernel.a(sched.c.obj)
                0x0000000060009cac                z_thread_timeout
 .text.z_unpend_first_thread
                0x0000000060009d5c       0xa0 zephyr/kernel/libkernel.a(sched.c.obj)
                0x0000000060009d5c                z_unpend_first_thread
 .text.z_sched_init
                0x0000000060009dfc       0x18 zephyr/kernel/libkernel.a(sched.c.obj)
                0x0000000060009dfc                z_sched_init
 .text.z_impl_k_yield
                0x0000000060009e14      0x130 zephyr/kernel/libkernel.a(sched.c.obj)
                0x0000000060009e14                z_impl_k_yield
 .text.z_tick_sleep
                0x0000000060009f44      0x144 zephyr/kernel/libkernel.a(sched.c.obj)
 .text.z_impl_k_sleep
                0x000000006000a088       0x64 zephyr/kernel/libkernel.a(sched.c.obj)
                0x000000006000a088                z_impl_k_sleep
 .text.z_impl_z_current_get
                0x000000006000a0ec        0xc zephyr/kernel/libkernel.a(sched.c.obj)
                0x000000006000a0ec                z_impl_z_current_get
 .text.z_thread_abort
                0x000000006000a0f8      0x190 zephyr/kernel/libkernel.a(sched.c.obj)
                0x000000006000a0f8                z_thread_abort
 .text.z_impl_k_thread_join
                0x000000006000a288      0x144 zephyr/kernel/libkernel.a(sched.c.obj)
                0x000000006000a288                z_impl_k_thread_join
 .text.z_data_copy
                0x000000006000a3cc       0x64 zephyr/kernel/libkernel.a(xip.c.obj)
                0x000000006000a3cc                z_data_copy
 .text.elapsed  0x000000006000a430       0x14 zephyr/kernel/libkernel.a(timeout.c.obj)
 .text.next_timeout
                0x000000006000a444       0x50 zephyr/kernel/libkernel.a(timeout.c.obj)
 .text.remove_timeout
                0x000000006000a494       0x38 zephyr/kernel/libkernel.a(timeout.c.obj)
 .text.z_add_timeout
                0x000000006000a4cc      0x18c zephyr/kernel/libkernel.a(timeout.c.obj)
                0x000000006000a4cc                z_add_timeout
 .text.z_abort_timeout
                0x000000006000a658       0x98 zephyr/kernel/libkernel.a(timeout.c.obj)
                0x000000006000a658                z_abort_timeout
 .text.z_set_timeout_expiry
                0x000000006000a6f0       0xa0 zephyr/kernel/libkernel.a(timeout.c.obj)
                0x000000006000a6f0                z_set_timeout_expiry
 .text.sys_clock_announce
                0x000000006000a790      0x15c zephyr/kernel/libkernel.a(timeout.c.obj)
                0x000000006000a790                sys_clock_announce
 .text.sys_clock_tick_get
                0x000000006000a8ec       0x9c zephyr/kernel/libkernel.a(timeout.c.obj)
                0x000000006000a8ec                sys_clock_tick_get
 .text.z_impl_k_busy_wait
                0x000000006000a988       0x30 zephyr/kernel/libkernel.a(timeout.c.obj)
                0x000000006000a988                z_impl_k_busy_wait
 .text.boot_banner
                0x000000006000a9b8        0xc zephyr/kernel/libkernel.a(banner.c.obj)
                0x000000006000a9b8                boot_banner
 .text._OffsetAbsSyms
                0x000000006000a9c4        0x2 zephyr/CMakeFiles/offsets.dir/./arch/arm/core/offsets/offsets.c.obj
                0x000000006000a9c4                _OffsetAbsSyms
 .text.arch_printk_char_out
                0x000000006000a9c6        0x4 zephyr/libzephyr.a(printk.c.obj)
                0x000000006000a9c6                arch_printk_char_out
 .text.printk   0x000000006000a9ca       0x1a zephyr/libzephyr.a(printk.c.obj)
                0x000000006000a9ca                printk
 .text.z_thread_entry
                0x000000006000a9e4       0x14 zephyr/libzephyr.a(thread_entry.c.obj)
                0x000000006000a9e4                z_thread_entry
 .text.encode_uint
                0x000000006000a9f8       0x8c zephyr/libzephyr.a(cbprintf_complete.c.obj)
 .text.outs     0x000000006000aa84       0x2e zephyr/libzephyr.a(cbprintf_complete.c.obj)
 .text.assert_post_action
                0x000000006000aab2        0xe zephyr/libzephyr.a(assert.c.obj)
                0x000000006000aab2                assert_post_action
 .text.assert_print
                0x000000006000aac0       0x1a zephyr/libzephyr.a(assert.c.obj)
                0x000000006000aac0                assert_print
 .text._ConfigAbsSyms
                0x000000006000aada        0x2 zephyr/libzephyr.a(configs.c.obj)
                0x000000006000aada                _ConfigAbsSyms
 .text.z_arm_platform_init
                0x000000006000aadc        0x4 zephyr/libzephyr.a(soc_rt10xx.c.obj)
                0x000000006000aadc                z_arm_platform_init
 .text.z_log_minimal_printk
                0x000000006000aae0       0x1a zephyr/libzephyr.a(log_minimal.c.obj)
                0x000000006000aae0                z_log_minimal_printk
 .text.z_do_kernel_oops
                0x000000006000aafa        0x8 zephyr/arch/arch/arm/core/aarch32/libarch__arm__core__aarch32.a(fatal.c.obj)
                0x000000006000aafa                z_do_kernel_oops
 .text.z_irq_spurious
                0x000000006000ab02        0x8 zephyr/arch/arch/arm/core/aarch32/libarch__arm__core__aarch32.a(irq_manage.c.obj)
                0x000000006000ab02                z_irq_spurious
 .text.z_arm_nmi
                0x000000006000ab0a        0xe zephyr/arch/arch/arm/core/aarch32/libarch__arm__core__aarch32.a(nmi.c.obj)
                0x000000006000ab0a                z_arm_nmi
 .text.strncpy  0x000000006000ab18       0x28 zephyr/lib/libc/minimal/liblib__libc__minimal.a(string.c.obj)
                0x000000006000ab18                strncpy
 .text.strlen   0x000000006000ab40        0xe zephyr/lib/libc/minimal/liblib__libc__minimal.a(string.c.obj)
                0x000000006000ab40                strlen
 .text.strnlen  0x000000006000ab4e       0x12 zephyr/lib/libc/minimal/liblib__libc__minimal.a(string.c.obj)
                0x000000006000ab4e                strnlen
 .text.strcmp   0x000000006000ab60       0x18 zephyr/lib/libc/minimal/liblib__libc__minimal.a(string.c.obj)
                0x000000006000ab60                strcmp
 .text.memcpy   0x000000006000ab78       0x16 zephyr/lib/libc/minimal/liblib__libc__minimal.a(string.c.obj)
                0x000000006000ab78                memcpy
 .text.memset   0x000000006000ab8e       0x12 zephyr/lib/libc/minimal/liblib__libc__minimal.a(string.c.obj)
                0x000000006000ab8e                memset
 .text._stdout_hook_default
                0x000000006000aba0        0x6 zephyr/lib/libc/minimal/liblib__libc__minimal.a(stdout_console.c.obj)
 .text.test_main
                0x000000006000aba6       0x10 zephyr/subsys/testsuite/ztest/libsubsys__testsuite__ztest.a(ztest_new.c.obj)
                0x000000006000aba6                test_main
 .text.z_ztest_should_suite_run
                0x000000006000abb6        0xa zephyr/subsys/testsuite/ztest/libsubsys__testsuite__ztest.a(ztest_defaults.c.obj)
                0x000000006000abb6                z_ztest_should_suite_run
 .text.z_ztest_should_test_run
                0x000000006000abc0        0x4 zephyr/subsys/testsuite/ztest/libsubsys__testsuite__ztest.a(ztest_defaults.c.obj)
                0x000000006000abc0                z_ztest_should_test_run
 .text.z_ztest_run_all
                0x000000006000abc4        0x4 zephyr/subsys/testsuite/ztest/libsubsys__testsuite__ztest.a(ztest_defaults.c.obj)
                0x000000006000abc4                z_ztest_run_all
 .text.mcux_ccm_on
                0x000000006000abc8        0x4 zephyr/drivers/clock_control/libdrivers__clock_control.a(clock_control_mcux_ccm.c.obj)
 .text.mcux_ccm_init
                0x000000006000abcc        0x4 zephyr/drivers/clock_control/libdrivers__clock_control.a(clock_control_mcux_ccm.c.obj)
 .text.mcux_ccm_off
                0x000000006000abd0        0x4 zephyr/drivers/clock_control/libdrivers__clock_control.a(clock_control_mcux_ccm.c.obj)
 .text.nxp_edma_callback
                0x000000006000abd4       0x30 zephyr/drivers/dma/libdrivers__dma.a(dma_mcux_edma.c.obj)
 .text.dma_mcux_edma_channel_filter
                0x000000006000ac04       0x16 zephyr/drivers/dma/libdrivers__dma.a(dma_mcux_edma.c.obj)
 .text.dma_mcux_edma_get_status
                0x000000006000ac1a       0x3c zephyr/drivers/dma/libdrivers__dma.a(dma_mcux_edma.c.obj)
 .text.dma_mcux_edma_resume
                0x000000006000ac56       0x22 zephyr/drivers/dma/libdrivers__dma.a(dma_mcux_edma.c.obj)
 .text.dma_mcux_edma_start
                0x000000006000ac78       0x1e zephyr/drivers/dma/libdrivers__dma.a(dma_mcux_edma.c.obj)
 .text.dma_mcux_edma_suspend
                0x000000006000ac96       0x22 zephyr/drivers/dma/libdrivers__dma.a(dma_mcux_edma.c.obj)
 .text.dma_mcux_edma_stop
                0x000000006000acb8       0x42 zephyr/drivers/dma/libdrivers__dma.a(dma_mcux_edma.c.obj)
 .text.dma_imx_config_func_0
                0x000000006000acfa      0x116 zephyr/drivers/dma/libdrivers__dma.a(dma_mcux_edma.c.obj)
 .text.dma_mcux_edma_irq_handler
                0x000000006000ae10       0x2c zephyr/drivers/dma/libdrivers__dma.a(dma_mcux_edma.c.obj)
 .text.mcux_igpio_port_get_raw
                0x000000006000ae3c        0xc zephyr/drivers/gpio/libdrivers__gpio.a(gpio_mcux_igpio.c.obj)
 .text.mcux_igpio_port_set_masked_raw
                0x000000006000ae48       0x12 zephyr/drivers/gpio/libdrivers__gpio.a(gpio_mcux_igpio.c.obj)
 .text.mcux_igpio_port_set_bits_raw
                0x000000006000ae5a        0xc zephyr/drivers/gpio/libdrivers__gpio.a(gpio_mcux_igpio.c.obj)
 .text.mcux_igpio_port_clear_bits_raw
                0x000000006000ae66        0xc zephyr/drivers/gpio/libdrivers__gpio.a(gpio_mcux_igpio.c.obj)
 .text.mcux_igpio_port_toggle_bits
                0x000000006000ae72        0xc zephyr/drivers/gpio/libdrivers__gpio.a(gpio_mcux_igpio.c.obj)
 .text.mcux_igpio_pin_interrupt_configure
                0x000000006000ae7e       0xcc zephyr/drivers/gpio/libdrivers__gpio.a(gpio_mcux_igpio.c.obj)
 .text.mcux_igpio_configure
                0x000000006000af4a       0xca zephyr/drivers/gpio/libdrivers__gpio.a(gpio_mcux_igpio.c.obj)
 .text.mcux_igpio_0_init
                0x000000006000b014       0x26 zephyr/drivers/gpio/libdrivers__gpio.a(gpio_mcux_igpio.c.obj)
 .text.mcux_igpio_1_init
                0x000000006000b03a       0x26 zephyr/drivers/gpio/libdrivers__gpio.a(gpio_mcux_igpio.c.obj)
 .text.mcux_igpio_2_init
                0x000000006000b060       0x26 zephyr/drivers/gpio/libdrivers__gpio.a(gpio_mcux_igpio.c.obj)
 .text.mcux_igpio_3_init
                0x000000006000b086       0x26 zephyr/drivers/gpio/libdrivers__gpio.a(gpio_mcux_igpio.c.obj)
 .text.pinctrl_lookup_state
                0x000000006000b0ac       0x26 zephyr/drivers/pinctrl/libdrivers__pinctrl.a(common.c.obj)
                0x000000006000b0ac                pinctrl_lookup_state
 .text.pinctrl_configure_pins
                0x000000006000b0d2       0x8e zephyr/drivers/pinctrl/libdrivers__pinctrl.a(pinctrl_imx.c.obj)
                0x000000006000b0d2                pinctrl_configure_pins
 .text.mcux_lpuart_config_get
                0x000000006000b160       0x10 zephyr/drivers/serial/libdrivers__serial.a(uart_mcux_lpuart.c.obj)
 .text.mcux_lpuart_configure_init
                0x000000006000b170       0xfe zephyr/drivers/serial/libdrivers__serial.a(uart_mcux_lpuart.c.obj)
 .text.mcux_lpuart_poll_out
                0x000000006000b26e       0x2e zephyr/drivers/serial/libdrivers__serial.a(uart_mcux_lpuart.c.obj)
 .text.mcux_lpuart_poll_in
                0x000000006000b29c       0x40 zephyr/drivers/serial/libdrivers__serial.a(uart_mcux_lpuart.c.obj)
 .text.mcux_lpuart_err_check
                0x000000006000b2dc       0x34 zephyr/drivers/serial/libdrivers__serial.a(uart_mcux_lpuart.c.obj)
 .text.mcux_lpuart_init
                0x000000006000b310       0x3e zephyr/drivers/serial/libdrivers__serial.a(uart_mcux_lpuart.c.obj)
 .text.mcux_lpuart_configure
                0x000000006000b34e       0x26 zephyr/drivers/serial/libdrivers__serial.a(uart_mcux_lpuart.c.obj)
 .text.spi_mcux_config_func_0
                0x000000006000b374       0x16 zephyr/drivers/spi/libdrivers__spi.a(spi_mcux_lpspi.c.obj)
 .text.spi_mcux_isr
                0x000000006000b38a        0xc zephyr/drivers/spi/libdrivers__spi.a(spi_mcux_lpspi.c.obj)
 .text.spi_context_get_next_buf.constprop.0
                0x000000006000b396       0x26 zephyr/drivers/spi/libdrivers__spi.a(spi_mcux_lpspi.c.obj)
 .text._spi_context_cs_control
                0x000000006000b3bc       0x44 zephyr/drivers/spi/libdrivers__spi.a(spi_mcux_lpspi.c.obj)
 .text.spi_context_unlock_unconditionally
                0x000000006000b400       0x20 zephyr/drivers/spi/libdrivers__spi.a(spi_mcux_lpspi.c.obj)
 .text.spi_mcux_release
                0x000000006000b420        0xe zephyr/drivers/spi/libdrivers__spi.a(spi_mcux_lpspi.c.obj)
 .text.SystemInitHook
                0x000000006000b42e        0x2 modules/hal_nxp/hal_nxp/lib..__modules__hal__nxp.a(system_MIMXRT1021.c.obj)
                0x000000006000b42e                SystemInitHook
 .text.EDMA_AbortTransfer
                0x000000006000b430       0x52 modules/hal_nxp/hal_nxp/lib..__modules__hal__nxp.a(fsl_edma.c.obj)
                0x000000006000b430                EDMA_AbortTransfer
 .text.z_device_state_init
                0x000000006000b482        0x2 zephyr/kernel/libkernel.a(device.c.obj)
                0x000000006000b482                z_device_state_init
 .text.z_device_is_ready
                0x000000006000b484       0x16 zephyr/kernel/libkernel.a(device.c.obj)
                0x000000006000b484                z_device_is_ready
 .text.arch_system_halt
                0x000000006000b49a       0x12 zephyr/kernel/libkernel.a(fatal.c.obj)
                0x000000006000b49a                arch_system_halt
 .text.z_early_memset
                0x000000006000b4ac        0x4 zephyr/kernel/libkernel.a(init.c.obj)
                0x000000006000b4ac                z_early_memset
 .text.z_early_memcpy
                0x000000006000b4b0        0x4 zephyr/kernel/libkernel.a(init.c.obj)
                0x000000006000b4b0                z_early_memcpy
 .text.k_thread_name_get
                0x000000006000b4b4        0x4 zephyr/kernel/libkernel.a(thread.c.obj)
                0x000000006000b4b4                k_thread_name_get
 .text.z_impl_k_thread_start
                0x000000006000b4b8        0x4 zephyr/kernel/libkernel.a(thread.c.obj)
                0x000000006000b4b8                z_impl_k_thread_start
 .text.z_reschedule_irqlock
                0x000000006000b4bc       0x18 zephyr/kernel/libkernel.a(sched.c.obj)
                0x000000006000b4bc                z_reschedule_irqlock
 .text.z_reschedule_unlocked
                0x000000006000b4d4       0x14 zephyr/kernel/libkernel.a(sched.c.obj)
 .text.sys_clock_tick_get_32
                0x000000006000b4e8        0x8 zephyr/kernel/libkernel.a(timeout.c.obj)
                0x000000006000b4e8                sys_clock_tick_get_32
 *(SORT_BY_ALIGNMENT(.TEXT.*))
 *(SORT_BY_ALIGNMENT(.gnu.linkonce.t.*))
 *(SORT_BY_ALIGNMENT(.glue_7t))
 .glue_7t       0x000000006000b4f0        0x0 linker stubs
 *(SORT_BY_ALIGNMENT(.glue_7))
 .glue_7        0x000000006000b4f0        0x0 linker stubs
 *(SORT_BY_ALIGNMENT(.vfp11_veneer))
 .vfp11_veneer  0x000000006000b4f0        0x0 linker stubs
 *(SORT_BY_ALIGNMENT(.v4_bx))
 .v4_bx         0x000000006000b4f0        0x0 linker stubs
                0x000000006000b4f0                . = ALIGN (0x4)
                0x000000006000b4f0                __text_region_end = .

.ARM.exidx      0x000000006000b4f0        0x8
                0x000000006000b4f0                __exidx_start = .
 *(SORT_BY_ALIGNMENT(.ARM.exidx*) SORT_BY_ALIGNMENT(gnu.linkonce.armexidx.*))
 .ARM.exidx     0x000000006000b4f0        0x8 /Users/julius/zephyr-sdk-0.16.0/arm-zephyr-eabi/bin/../lib/gcc/arm-zephyr-eabi/12.2.0/thumb/v7e-m/nofp/libgcc.a(_udivmoddi4.o)
                0x000000006000b4f8                __exidx_end = .
                0x000000006000b4f8                __rodata_region_start = .

initlevel       0x000000006000b4f8       0x60
                0x000000006000b4f8                __init_start = .
                0x000000006000b4f8                __init_EARLY_start = .
 *(SORT_BY_NAME(SORT_BY_ALIGNMENT(.z_init_EARLY[0-9]_*)))
 *(SORT_BY_NAME(SORT_BY_ALIGNMENT(.z_init_EARLY[1-9][0-9]_*)))
                0x000000006000b4f8                __init_PRE_KERNEL_1_start = .
 *(SORT_BY_NAME(SORT_BY_ALIGNMENT(.z_init_PRE_KERNEL_1[0-9]_*)))
 .z_init_PRE_KERNEL_10_
                0x000000006000b4f8        0x8 zephyr/libzephyr.a(soc_rt10xx.c.obj)
 .z_init_PRE_KERNEL_10_
                0x000000006000b500        0x8 zephyr/drivers/pinctrl/libdrivers__pinctrl.a(pinctrl_imx.c.obj)
 *(SORT_BY_NAME(SORT_BY_ALIGNMENT(.z_init_PRE_KERNEL_1[1-9][0-9]_*)))
 .z_init_PRE_KERNEL_130_
                0x000000006000b508        0x8 zephyr/drivers/clock_control/libdrivers__clock_control.a(clock_control_mcux_ccm.c.obj)
 .z_init_PRE_KERNEL_140_
                0x000000006000b510        0x8 zephyr/drivers/dma/libdrivers__dma.a(dma_mcux_edma.c.obj)
 .z_init_PRE_KERNEL_155_
                0x000000006000b518        0x8 zephyr/drivers/serial/libdrivers__serial.a(uart_mcux_lpuart.c.obj)
 .z_init_PRE_KERNEL_160_
                0x000000006000b520        0x8 zephyr/drivers/console/libdrivers__console.a(uart_console.c.obj)
                0x000000006000b528                __init_PRE_KERNEL_2_start = .
 *(SORT_BY_NAME(SORT_BY_ALIGNMENT(.z_init_PRE_KERNEL_2[0-9]_*)))
 .z_init_PRE_KERNEL_20_
                0x000000006000b528        0x8 zephyr/drivers/timer/libdrivers__timer.a(cortex_m_systick.c.obj)
 *(SORT_BY_NAME(SORT_BY_ALIGNMENT(.z_init_PRE_KERNEL_2[1-9][0-9]_*)))
                0x000000006000b530                __init_POST_KERNEL_start = .
 *(SORT_BY_NAME(SORT_BY_ALIGNMENT(.z_init_POST_KERNEL[0-9]_*)))
 *(SORT_BY_NAME(SORT_BY_ALIGNMENT(.z_init_POST_KERNEL[1-9][0-9]_*)))
 .z_init_POST_KERNEL40_
                0x000000006000b530       0x20 zephyr/drivers/gpio/libdrivers__gpio.a(gpio_mcux_igpio.c.obj)
 .z_init_POST_KERNEL70_
                0x000000006000b550        0x8 zephyr/drivers/spi/libdrivers__spi.a(spi_mcux_lpspi.c.obj)
                0x000000006000b558                __init_APPLICATION_start = .
 *(SORT_BY_NAME(SORT_BY_ALIGNMENT(.z_init_APPLICATION[0-9]_*)))
 *(SORT_BY_NAME(SORT_BY_ALIGNMENT(.z_init_APPLICATION[1-9][0-9]_*)))
                0x000000006000b558                __init_SMP_start = .
 *(SORT_BY_NAME(SORT_BY_ALIGNMENT(.z_init_SMP[0-9]_*)))
 *(SORT_BY_NAME(SORT_BY_ALIGNMENT(.z_init_SMP[1-9][0-9]_*)))
                0x000000006000b558                __init_end = .

devices         0x000000006000b558       0xc0
                0x000000006000b558                __device_start = .
                0x000000006000b558                __device_EARLY_start = .
 *(SORT_BY_NAME(SORT_BY_ALIGNMENT(.z_device_EARLY[0-9]_*)))
 *(SORT_BY_NAME(SORT_BY_ALIGNMENT(.z_device_EARLY[1-9][0-9]_*)))
                0x000000006000b558                __device_PRE_KERNEL_1_start = .
 *(SORT_BY_NAME(SORT_BY_ALIGNMENT(.z_device_PRE_KERNEL_1[0-9]_*)))
 *(SORT_BY_NAME(SORT_BY_ALIGNMENT(.z_device_PRE_KERNEL_1[1-9][0-9]_*)))
 .z_device_PRE_KERNEL_130_
                0x000000006000b558       0x18 zephyr/drivers/clock_control/libdrivers__clock_control.a(clock_control_mcux_ccm.c.obj)
                0x000000006000b558                __device_dts_ord_60
 .z_device_PRE_KERNEL_140_
                0x000000006000b570       0x18 zephyr/drivers/dma/libdrivers__dma.a(dma_mcux_edma.c.obj)
                0x000000006000b570                __device_dts_ord_114
 .z_device_PRE_KERNEL_155_
                0x000000006000b588       0x18 zephyr/drivers/serial/libdrivers__serial.a(uart_mcux_lpuart.c.obj)
                0x000000006000b588                __device_dts_ord_127
                0x000000006000b5a0                __device_PRE_KERNEL_2_start = .
 *(SORT_BY_NAME(SORT_BY_ALIGNMENT(.z_device_PRE_KERNEL_2[0-9]_*)))
 *(SORT_BY_NAME(SORT_BY_ALIGNMENT(.z_device_PRE_KERNEL_2[1-9][0-9]_*)))
                0x000000006000b5a0                __device_POST_KERNEL_start = .
 *(SORT_BY_NAME(SORT_BY_ALIGNMENT(.z_device_POST_KERNEL[0-9]_*)))
 *(SORT_BY_NAME(SORT_BY_ALIGNMENT(.z_device_POST_KERNEL[1-9][0-9]_*)))
 .z_device_POST_KERNEL40_
                0x000000006000b5a0       0x60 zephyr/drivers/gpio/libdrivers__gpio.a(gpio_mcux_igpio.c.obj)
                0x000000006000b5a0                __device_dts_ord_17
                0x000000006000b5b8                __device_dts_ord_313
                0x000000006000b5d0                __device_dts_ord_98
                0x000000006000b5e8                __device_dts_ord_52
 .z_device_POST_KERNEL70_
                0x000000006000b600       0x18 zephyr/drivers/spi/libdrivers__spi.a(spi_mcux_lpspi.c.obj)
                0x000000006000b600                __device_dts_ord_283
                0x000000006000b618                __device_APPLICATION_start = .
 *(SORT_BY_NAME(SORT_BY_ALIGNMENT(.z_device_APPLICATION[0-9]_*)))
 *(SORT_BY_NAME(SORT_BY_ALIGNMENT(.z_device_APPLICATION[1-9][0-9]_*)))
                0x000000006000b618                __device_SMP_start = .
 *(SORT_BY_NAME(SORT_BY_ALIGNMENT(.z_device_SMP[0-9]_*)))
 *(SORT_BY_NAME(SORT_BY_ALIGNMENT(.z_device_SMP[1-9][0-9]_*)))
                0x000000006000b618                __device_end = .

sw_isr_table    0x000000006000b618      0x470
                0x000000006000b618                . = ALIGN (0x4)
 *(SORT_BY_ALIGNMENT(.gnu.linkonce.sw_isr_table*))
 .gnu.linkonce.sw_isr_table
                0x000000006000b618      0x470 zephyr/CMakeFiles/zephyr_final.dir/isr_tables.c.obj
                0x000000006000b618                _sw_isr_table

initlevel_error
                0x000000006000b4f8        0x0
 *(SORT_BY_NAME(SORT_BY_ALIGNMENT(.z_init_[_A-Z0-9]*)))
                0x0000000000000001                ASSERT ((SIZEOF (initlevel_error) == 0x0), Undefined initialization levels used.)

app_shmem_regions
                0x000000006000ba88        0x0
                0x000000006000ba88                __app_shmem_regions_start = .
 *(SORT_BY_NAME(SORT_BY_ALIGNMENT(.app_regions.*)))
                0x000000006000ba88                __app_shmem_regions_end = .

k_p4wq_initparam_area
                0x000000006000ba88        0x0
                0x000000006000ba88                _k_p4wq_initparam_list_start = .
 *(SORT_BY_NAME(SORT_BY_ALIGNMENT(._k_p4wq_initparam.static.*)))
                0x000000006000ba88                _k_p4wq_initparam_list_end = .

_static_thread_data_area
                0x000000006000ba88        0x0
                0x000000006000ba88                __static_thread_data_list_start = .
 *(SORT_BY_NAME(SORT_BY_ALIGNMENT(.__static_thread_data.static.*)))
                0x000000006000ba88                __static_thread_data_list_end = .

device_handles  0x000000006000ba88       0x44
                0x000000006000ba88                __device_handles_start = .
 *(SORT_BY_NAME(SORT_BY_ALIGNMENT(.__device_handles_pass2*)))
 .__device_handles_pass2
                0x000000006000ba88       0x44 zephyr/CMakeFiles/zephyr_final.dir/dev_handles.c.obj
                0x000000006000ba88                __devicehdl_dts_ord_283
                0x000000006000ba92                __devicehdl_dts_ord_52
                0x000000006000ba98                __devicehdl_dts_ord_98
                0x000000006000ba9e                __devicehdl_dts_ord_313
                0x000000006000baa4                __devicehdl_dts_ord_17
                0x000000006000baaa                __devicehdl_dts_ord_127
                0x000000006000bab4                __devicehdl_dts_ord_114
                0x000000006000bac0                __devicehdl_dts_ord_60
                0x000000006000bacc                __device_handles_end = .

ztest           0x000000006000bacc        0x0
                0x000000006000bacc                _ztest_expected_result_entry_list_start = .
 *(SORT_BY_NAME(SORT_BY_ALIGNMENT(._ztest_expected_result_entry.static.*)))
                0x000000006000bacc                _ztest_expected_result_entry_list_end = .
                0x000000006000bacc                _ztest_suite_node_list_start = .
 *(SORT_BY_NAME(SORT_BY_ALIGNMENT(._ztest_suite_node.static.*)))
                0x000000006000bacc                _ztest_suite_node_list_end = .
                0x000000006000bacc                _ztest_unit_test_list_start = .
 *(SORT_BY_NAME(SORT_BY_ALIGNMENT(._ztest_unit_test.static.*)))
                0x000000006000bacc                _ztest_unit_test_list_end = .
                0x000000006000bacc                _ztest_test_rule_list_start = .
 *(SORT_BY_NAME(SORT_BY_ALIGNMENT(._ztest_test_rule.static.*)))
                0x000000006000bacc                _ztest_test_rule_list_end = .

bt_l2cap_fixed_chan_area
                0x000000006000bacc        0x0
                0x000000006000bacc                _bt_l2cap_fixed_chan_list_start = .
 *(SORT_BY_NAME(SORT_BY_ALIGNMENT(._bt_l2cap_fixed_chan.static.*)))
                0x000000006000bacc                _bt_l2cap_fixed_chan_list_end = .

bt_gatt_service_static_area
                0x000000006000bacc        0x0
                0x000000006000bacc                _bt_gatt_service_static_list_start = .
 *(SORT_BY_NAME(SORT_BY_ALIGNMENT(._bt_gatt_service_static.static.*)))
                0x000000006000bacc                _bt_gatt_service_static_list_end = .

log_strings_sections
                0x000000006000bacc        0x0
                0x000000006000bacc                __log_strings_start = .
 *(SORT_BY_NAME(SORT_BY_ALIGNMENT(.log_strings*)))
                0x000000006000bacc                __log_strings_end = .

log_const_sections
                0x000000006000bacc       0x38
                0x000000006000bacc                __log_const_start = .
 *(SORT_BY_NAME(SORT_BY_ALIGNMENT(.log_const_*)))
 .log_const_cbprintf_package
                0x000000006000bacc        0x8 zephyr/libzephyr.a(cbprintf_packaged.c.obj)
                0x000000006000bacc                log_const_cbprintf_package
 .log_const_clock_control
                0x000000006000bad4        0x8 zephyr/drivers/clock_control/libdrivers__clock_control.a(clock_control_mcux_ccm.c.obj)
                0x000000006000bad4                log_const_clock_control
 .log_const_dma_mcux_edma
                0x000000006000badc        0x8 zephyr/drivers/dma/libdrivers__dma.a(dma_mcux_edma.c.obj)
                0x000000006000badc                log_const_dma_mcux_edma
 .log_const_mpu
                0x000000006000bae4        0x8 zephyr/arch/arch/arm/core/aarch32/mpu/libarch__arm__core__aarch32__mpu.a(arm_core_mpu.c.obj)
                0x000000006000bae4                log_const_mpu
 .log_const_os  0x000000006000baec        0x8 zephyr/kernel/libkernel.a(init.c.obj)
                0x000000006000baec                log_const_os
 .log_const_spi_mcux_lpspi
                0x000000006000baf4        0x8 zephyr/drivers/spi/libdrivers__spi.a(spi_mcux_lpspi.c.obj)
                0x000000006000baf4                log_const_spi_mcux_lpspi
 .log_const_uart_mcux_lpuart
                0x000000006000bafc        0x8 zephyr/drivers/serial/libdrivers__serial.a(uart_mcux_lpuart.c.obj)
                0x000000006000bafc                log_const_uart_mcux_lpuart
                0x000000006000bb04                __log_const_end = .

log_backend_area
                0x000000006000bb04        0x0
                0x000000006000bb04                _log_backend_list_start = .
 *(SORT_BY_NAME(SORT_BY_ALIGNMENT(._log_backend.static.*)))
                0x000000006000bb04                _log_backend_list_end = .

log_link_area   0x000000006000bb04        0x0
                0x000000006000bb04                _log_link_list_start = .
 *(SORT_BY_NAME(SORT_BY_ALIGNMENT(._log_link.static.*)))
                0x000000006000bb04                _log_link_list_end = .

tracing_backend_area
                0x000000006000bb04        0x0
                0x000000006000bb04                _tracing_backend_list_start = .
 *(SORT_BY_NAME(SORT_BY_ALIGNMENT(._tracing_backend.static.*)))
                0x000000006000bb04                _tracing_backend_list_end = .

zephyr_dbg_info
 *(SORT_BY_ALIGNMENT(.dbg_thread_info))

symbol_to_keep  0x000000006000bb04        0x0
                0x000000006000bb04                __symbol_to_keep_start = .
 *(SORT_BY_NAME(SORT_BY_ALIGNMENT(.symbol_to_keep*)))
                0x000000006000bb04                __symbol_to_keep_end = .

shell_area      0x000000006000bb04        0x0
                0x000000006000bb04                _shell_list_start = .
 *(SORT_BY_NAME(SORT_BY_ALIGNMENT(._shell.static.*)))
                0x000000006000bb04                _shell_list_end = .

shell_root_cmds_sections
                0x000000006000bb04        0x0
                0x000000006000bb04                __shell_root_cmds_start = .
 *(SORT_BY_NAME(SORT_BY_ALIGNMENT(.shell_root_cmd_*)))
                0x000000006000bb04                __shell_root_cmds_end = .

shell_subcmds_sections
                0x000000006000bb04        0x0
                0x000000006000bb04                __shell_subcmds_start = .
 *(SORT_BY_NAME(SORT_BY_ALIGNMENT(.shell_subcmd_*)))
                0x000000006000bb04                __shell_subcmds_end = .

shell_dynamic_subcmds_sections
                0x000000006000bb04        0x0
                0x000000006000bb04                __shell_dynamic_subcmds_start = .
 *(SORT_BY_NAME(SORT_BY_ALIGNMENT(.shell_dynamic_subcmd_*)))
                0x000000006000bb04                __shell_dynamic_subcmds_end = .

font_entry_sections
                0x000000006000bb04        0x0
                0x000000006000bb04                __font_entry_start = .
 *(SORT_BY_NAME(SORT_BY_ALIGNMENT(._cfb_font.*)))
                0x000000006000bb04                __font_entry_end = .

rodata          0x000000006000bb04     0x2a00
 *(SORT_BY_ALIGNMENT(.rodata))
 *(SORT_BY_ALIGNMENT(.rodata.*))
 .rodata.static_regions
                0x000000006000bb04       0x18 zephyr/arch/arch/arm/core/aarch32/mpu/libarch__arm__core__aarch32__mpu.a(arm_core_mpu.c.obj)
 .rodata.mpu_config
                0x000000006000bb1c        0x8 zephyr/soc/arm/common/cortex_m/libsoc__arm__common__cortex_m.a(arm_mpu_regions.c.obj)
                0x000000006000bb1c                mpu_config
 .rodata.mpu_regions
                0x000000006000bb24       0x18 zephyr/soc/arm/common/cortex_m/libsoc__arm__common__cortex_m.a(arm_mpu_regions.c.obj)
 .rodata.CSWTCH.40
                0x000000006000bb3c        0xc zephyr/subsys/testsuite/ztest/libsubsys__testsuite__ztest.a(ztest_new.c.obj)
 .rodata.ztest_api
                0x000000006000bb48        0xc zephyr/subsys/testsuite/ztest/libsubsys__testsuite__ztest.a(ztest_defaults.c.obj)
                0x000000006000bb48                ztest_api
 .rodata.mcux_ccm_driver_api
                0x000000006000bb54       0x1c zephyr/drivers/clock_control/libdrivers__clock_control.a(clock_control_mcux_ccm.c.obj)
 .rodata.dma_config_0
                0x000000006000bb70       0x10 zephyr/drivers/dma/libdrivers__dma.a(dma_mcux_edma.c.obj)
 .rodata.dma_mcux_edma_api
                0x000000006000bb80       0x24 zephyr/drivers/dma/libdrivers__dma.a(dma_mcux_edma.c.obj)
 .rodata.mcux_igpio_3_config
                0x000000006000bba4       0x14 zephyr/drivers/gpio/libdrivers__gpio.a(gpio_mcux_igpio.c.obj)
 .rodata.mcux_igpio_pinmux_3
                0x000000006000bbb8       0x3c zephyr/drivers/gpio/libdrivers__gpio.a(gpio_mcux_igpio.c.obj)
                0x000000006000bbb8                mcux_igpio_pinmux_3
 .rodata.mcux_igpio_2_config
                0x000000006000bbf4       0x14 zephyr/drivers/gpio/libdrivers__gpio.a(gpio_mcux_igpio.c.obj)
 .rodata.mcux_igpio_pinmux_2
                0x000000006000bc08      0x244 zephyr/drivers/gpio/libdrivers__gpio.a(gpio_mcux_igpio.c.obj)
                0x000000006000bc08                mcux_igpio_pinmux_2
 .rodata.mcux_igpio_1_config
                0x000000006000be4c       0x14 zephyr/drivers/gpio/libdrivers__gpio.a(gpio_mcux_igpio.c.obj)
 .rodata.mcux_igpio_pinmux_1
                0x000000006000be60      0x280 zephyr/drivers/gpio/libdrivers__gpio.a(gpio_mcux_igpio.c.obj)
                0x000000006000be60                mcux_igpio_pinmux_1
 .rodata.mcux_igpio_0_config
                0x000000006000c0e0       0x14 zephyr/drivers/gpio/libdrivers__gpio.a(gpio_mcux_igpio.c.obj)
 .rodata.mcux_igpio_pinmux_0
                0x000000006000c0f4      0x280 zephyr/drivers/gpio/libdrivers__gpio.a(gpio_mcux_igpio.c.obj)
                0x000000006000c0f4                mcux_igpio_pinmux_0
 .rodata.mcux_igpio_driver_api
                0x000000006000c374       0x24 zephyr/drivers/gpio/libdrivers__gpio.a(gpio_mcux_igpio.c.obj)
 .rodata.mcux_lpuart_0_config
                0x000000006000c398       0x18 zephyr/drivers/serial/libdrivers__serial.a(uart_mcux_lpuart.c.obj)
 .rodata.__pinctrl_dev_config__device_dts_ord_127
                0x000000006000c3b0        0x8 zephyr/drivers/serial/libdrivers__serial.a(uart_mcux_lpuart.c.obj)
 .rodata.__pinctrl_states__device_dts_ord_127
                0x000000006000c3b8        0x8 zephyr/drivers/serial/libdrivers__serial.a(uart_mcux_lpuart.c.obj)
 .rodata.__pinctrl_state_pins_0__device_dts_ord_127
                0x000000006000c3c0       0x30 zephyr/drivers/serial/libdrivers__serial.a(uart_mcux_lpuart.c.obj)
 .rodata.mcux_lpuart_driver_api
                0x000000006000c3f0       0x14 zephyr/drivers/serial/libdrivers__serial.a(uart_mcux_lpuart.c.obj)
 .rodata.__compound_literal.0
                0x000000006000c404        0x8 zephyr/drivers/spi/libdrivers__spi.a(spi_mcux_lpspi.c.obj)
 .rodata.spi_mcux_config_0
                0x000000006000c40c       0x20 zephyr/drivers/spi/libdrivers__spi.a(spi_mcux_lpspi.c.obj)
 .rodata.__pinctrl_dev_config__device_dts_ord_283
                0x000000006000c42c        0x8 zephyr/drivers/spi/libdrivers__spi.a(spi_mcux_lpspi.c.obj)
 .rodata.__pinctrl_states__device_dts_ord_283
                0x000000006000c434        0x8 zephyr/drivers/spi/libdrivers__spi.a(spi_mcux_lpspi.c.obj)
 .rodata.__pinctrl_state_pins_0__device_dts_ord_283
                0x000000006000c43c       0x60 zephyr/drivers/spi/libdrivers__spi.a(spi_mcux_lpspi.c.obj)
 .rodata.spi_mcux_driver_api
                0x000000006000c49c        0x8 zephyr/drivers/spi/libdrivers__spi.a(spi_mcux_lpspi.c.obj)
 .rodata.enetRefClkFreq.0
                0x000000006000c4a4       0x10 modules/hal_nxp/hal_nxp/lib..__modules__hal__nxp.a(fsl_clock.c.obj)
 .rodata.s_lpuartBases
                0x000000006000c4b4       0x24 modules/hal_nxp/hal_nxp/lib..__modules__hal__nxp.a(fsl_lpuart.c.obj)
 .rodata._k_neg_eagain
                0x000000006000c4d8        0x4 zephyr/kernel/libkernel.a(errno.c.obj)
                0x000000006000c4d8                _k_neg_eagain
 .rodata.CSWTCH.479
                0x000000006000c4dc       0x14 zephyr/kernel/libkernel.a(fatal.c.obj)
 .rodata.levels.0
                0x000000006000c4f0       0x18 zephyr/kernel/libkernel.a(init.c.obj)
 .rodata.s_edmaIRQNumber
                0x000000006000c508       0x40 modules/hal_nxp/hal_nxp/lib..__modules__hal__nxp.a(fsl_edma.c.obj)
 .rodata.s_lpspiClocks
                0x000000006000c548        0xa modules/hal_nxp/hal_nxp/lib..__modules__hal__nxp.a(fsl_lpspi.c.obj)
 .rodata.s_lpspiIRQ
                0x000000006000c552        0xa modules/hal_nxp/hal_nxp/lib..__modules__hal__nxp.a(fsl_lpspi.c.obj)
 .rodata.s_lpuartClock
                0x000000006000c55c       0x12 modules/hal_nxp/hal_nxp/lib..__modules__hal__nxp.a(fsl_lpuart.c.obj)
 .rodata.str1.1
                0x000000006000c56e       0x11 zephyr/libzephyr.a(cbprintf_packaged.c.obj)
 .rodata.z_cbvprintf_impl.str1.1
                0x000000006000c57f        0x6 zephyr/libzephyr.a(cbprintf_complete.c.obj)
 .rodata.ethPllConfig
                0x000000006000c585        0x5 zephyr/libzephyr.a(soc_rt10xx.c.obj)
                0x000000006000c585                ethPllConfig
 .rodata.z_arm_fatal_error.str1.1
                0x000000006000c58a       0xaf zephyr/arch/arch/arm/core/aarch32/libarch__arm__core__aarch32.a(fatal.c.obj)
 .rodata.z_arm_irq_priority_set.str1.1
                0x000000006000c639       0xae zephyr/arch/arch/arm/core/aarch32/libarch__arm__core__aarch32.a(irq_manage.c.obj)
 .rodata.mem_manage_fault.str1.1
                0x000000006000c6e7      0x1a2 zephyr/arch/arch/arm/core/aarch32/cortex_m/libarch__arm__core__aarch32__cortex_m.a(fault.c.obj)
                                        0x1bf (size before relaxing)
 .rodata.usage_fault.constprop.0.str1.1
                0x000000006000c889       0xf0 zephyr/arch/arch/arm/core/aarch32/cortex_m/libarch__arm__core__aarch32__cortex_m.a(fault.c.obj)
 .rodata.bus_fault.constprop.0.str1.1
                0x000000006000c979       0xa6 zephyr/arch/arch/arm/core/aarch32/cortex_m/libarch__arm__core__aarch32__cortex_m.a(fault.c.obj)
 .rodata.z_arm_fault.str1.1
                0x000000006000ca1f      0x1de zephyr/arch/arch/arm/core/aarch32/cortex_m/libarch__arm__core__aarch32__cortex_m.a(fault.c.obj)
                                        0x1e0 (size before relaxing)
 .rodata.str1.1
                0x000000006000cbfd        0x4 zephyr/arch/arch/arm/core/aarch32/mpu/libarch__arm__core__aarch32__mpu.a(arm_core_mpu.c.obj)
 .rodata.mpu_configure_regions.str1.1
                0x000000006000cc01       0x53 zephyr/arch/arch/arm/core/aarch32/mpu/libarch__arm__core__aarch32__mpu.a(arm_mpu.c.obj)
 .rodata.arm_core_mpu_configure_static_mpu_regions.str1.1
                0x000000006000cc54       0x63 zephyr/arch/arch/arm/core/aarch32/mpu/libarch__arm__core__aarch32__mpu.a(arm_mpu.c.obj)
                                         0x82 (size before relaxing)
 .rodata.arm_core_mpu_configure_dynamic_mpu_regions.str1.1
                0x000000006000ccb7       0x2d zephyr/arch/arch/arm/core/aarch32/mpu/libarch__arm__core__aarch32__mpu.a(arm_mpu.c.obj)
 .rodata.z_arm_mpu_init.str1.1
                0x000000006000cce4       0xa6 zephyr/arch/arch/arm/core/aarch32/mpu/libarch__arm__core__aarch32__mpu.a(arm_mpu.c.obj)
 .rodata.str1.1
                0x000000006000cd8a        0xf zephyr/soc/arm/common/cortex_m/libsoc__arm__common__cortex_m.a(arm_mpu_regions.c.obj)
 .rodata.z_ztest_run_test_suite_ptr.str1.1
                0x000000006000cd99       0xb2 zephyr/subsys/testsuite/ztest/libsubsys__testsuite__ztest.a(ztest_new.c.obj)
 .rodata.ztest_verify_all_test_suites_ran.str1.1
                0x000000006000ce4b       0x7c zephyr/subsys/testsuite/ztest/libsubsys__testsuite__ztest.a(ztest_new.c.obj)
 .rodata.main.str1.1
                0x000000006000cec7      0x107 zephyr/subsys/testsuite/ztest/libsubsys__testsuite__ztest.a(ztest_new.c.obj)
                                        0x109 (size before relaxing)
 .rodata.str1.1
                0x000000006000cfce       0x3a zephyr/subsys/testsuite/ztest/libsubsys__testsuite__ztest.a(ztest_new.c.obj)
 .rodata.str1.1
                0x000000006000d008       0x1b zephyr/drivers/clock_control/libdrivers__clock_control.a(clock_control_mcux_ccm.c.obj)
 .rodata.lpspi_clocks
                0x000000006000d023        0x4 zephyr/drivers/clock_control/libdrivers__clock_control.a(clock_control_mcux_ccm.c.obj)
 .rodata.dma_mcux_edma_reload.str1.1
                0x000000006000d027       0xb9 zephyr/drivers/dma/libdrivers__dma.a(dma_mcux_edma.c.obj)
 .rodata.dma_mcux_edma_error_irq_handler.str1.1
                0x000000006000d0e0       0x25 zephyr/drivers/dma/libdrivers__dma.a(dma_mcux_edma.c.obj)
 .rodata.dma_mcux_edma_configure.str1.1
                0x000000006000d105      0x12d zephyr/drivers/dma/libdrivers__dma.a(dma_mcux_edma.c.obj)
                                        0x14a (size before relaxing)
 .rodata.CSWTCH.3660
                0x000000006000d232        0x4 zephyr/drivers/dma/libdrivers__dma.a(dma_mcux_edma.c.obj)
 .rodata.str1.1
                0x000000006000d236       0x26 zephyr/drivers/dma/libdrivers__dma.a(dma_mcux_edma.c.obj)
 .rodata.mcux_igpio_manage_callback.str1.1
                0x000000006000d25c       0x7d zephyr/drivers/gpio/libdrivers__gpio.a(gpio_mcux_igpio.c.obj)
                                         0x9a (size before relaxing)
 .rodata.mcux_igpio_port_isr.str1.1
                0x000000006000d2d9        0xc zephyr/drivers/gpio/libdrivers__gpio.a(gpio_mcux_igpio.c.obj)
 .rodata.str1.1
                0x000000006000d2e5       0x38 zephyr/drivers/gpio/libdrivers__gpio.a(gpio_mcux_igpio.c.obj)
 .rodata.mcux_igpio_pin_gaps_3
                0x000000006000d31d        0x0 zephyr/drivers/gpio/libdrivers__gpio.a(gpio_mcux_igpio.c.obj)
                0x000000006000d31d                mcux_igpio_pin_gaps_3
 .rodata.mcux_igpio_pin_gaps_2
                0x000000006000d31d        0x2 zephyr/drivers/gpio/libdrivers__gpio.a(gpio_mcux_igpio.c.obj)
                0x000000006000d31d                mcux_igpio_pin_gaps_2
 .rodata.mcux_igpio_pin_gaps_1
                0x000000006000d31f        0x0 zephyr/drivers/gpio/libdrivers__gpio.a(gpio_mcux_igpio.c.obj)
                0x000000006000d31f                mcux_igpio_pin_gaps_1
 .rodata.mcux_igpio_pin_gaps_0
                0x000000006000d31f        0x0 zephyr/drivers/gpio/libdrivers__gpio.a(gpio_mcux_igpio.c.obj)
                0x000000006000d31f                mcux_igpio_pin_gaps_0
 .rodata.str1.1
                0x000000006000d31f       0x1f zephyr/drivers/serial/libdrivers__serial.a(uart_mcux_lpuart.c.obj)
 .rodata.spi_mcux_dma_callback.str1.1
                0x000000006000d33e       0x54 zephyr/drivers/spi/libdrivers__spi.a(spi_mcux_lpspi.c.obj)
 .rodata.gpio_pin_set_dt.isra.0.str1.1
                0x000000006000d392       0x81 zephyr/drivers/spi/libdrivers__spi.a(spi_mcux_lpspi.c.obj)
                                         0x9e (size before relaxing)
 .rodata.spi_mcux_transceive.str1.1
                0x000000006000d413       0xb2 zephyr/drivers/spi/libdrivers__spi.a(spi_mcux_lpspi.c.obj)
 .rodata.spi_mcux_master_transfer_callback.str1.1
                0x000000006000d4c5       0x1e zephyr/drivers/spi/libdrivers__spi.a(spi_mcux_lpspi.c.obj)
 .rodata.spi_mcux_init.str1.1
                0x000000006000d4e3       0xee zephyr/drivers/spi/libdrivers__spi.a(spi_mcux_lpspi.c.obj)
 .rodata.str1.1
                0x000000006000d5d1       0x1c zephyr/drivers/spi/libdrivers__spi.a(spi_mcux_lpspi.c.obj)
 .rodata.sys_clock_set_timeout.str1.1
                0x000000006000d5ed       0x86 zephyr/drivers/timer/libdrivers__timer.a(cortex_m_systick.c.obj)
                                         0xa3 (size before relaxing)
 .rodata.CLOCK_InitExternalClk.str1.1
                0x000000006000d673       0x60 modules/hal_nxp/hal_nxp/lib..__modules__hal__nxp.a(fsl_clock.c.obj)
                                         0x7d (size before relaxing)
 .rodata.CLOCK_GetPllFreq.str1.1
                0x000000006000d6d3        0x2 modules/hal_nxp/hal_nxp/lib..__modules__hal__nxp.a(fsl_clock.c.obj)
 .rodata.EDMA_GetInstance.str1.1
                0x000000006000d6d3      0x108 modules/hal_nxp/hal_nxp/lib..__modules__hal__nxp.a(fsl_edma.c.obj)
                                        0x125 (size before relaxing)
 .rodata.EDMA_TransferWidthMapping.str1.1
                0x000000006000d7db        0x2 modules/hal_nxp/hal_nxp/lib..__modules__hal__nxp.a(fsl_edma.c.obj)
 .rodata.EDMA_InstallTCD.str1.1
                0x000000006000d7db       0x31 modules/hal_nxp/hal_nxp/lib..__modules__hal__nxp.a(fsl_edma.c.obj)
                                         0x4a (size before relaxing)
 .rodata.EDMA_Init.str1.1
                0x000000006000d80c       0x16 modules/hal_nxp/hal_nxp/lib..__modules__hal__nxp.a(fsl_edma.c.obj)
 .rodata.EDMA_TcdSetTransferConfig.str1.1
                0x000000006000d822       0xae modules/hal_nxp/hal_nxp/lib..__modules__hal__nxp.a(fsl_edma.c.obj)
 .rodata.EDMA_TcdSetChannelLink.str1.1
                0x000000006000d8d0       0x1f modules/hal_nxp/hal_nxp/lib..__modules__hal__nxp.a(fsl_edma.c.obj)
 .rodata.EDMA_CreateHandle.str1.1
                0x000000006000d8ef       0x33 modules/hal_nxp/hal_nxp/lib..__modules__hal__nxp.a(fsl_edma.c.obj)
 .rodata.EDMA_InstallTCDMemory.str1.1
                0x000000006000d922       0x22 modules/hal_nxp/hal_nxp/lib..__modules__hal__nxp.a(fsl_edma.c.obj)
 .rodata.EDMA_PrepareTransferConfig.str1.1
                0x000000006000d944      0x160 modules/hal_nxp/hal_nxp/lib..__modules__hal__nxp.a(fsl_edma.c.obj)
 .rodata.DMAMUX_GetInstance.isra.0.str1.1
                0x000000006000daa4      0x114 modules/hal_nxp/hal_nxp/lib..__modules__hal__nxp.a(fsl_dmamux.c.obj)
                                        0x131 (size before relaxing)
 .rodata.LPSPI_CombineWriteData.str1.1
                0x000000006000dbb8       0x5a modules/hal_nxp/hal_nxp/lib..__modules__hal__nxp.a(fsl_lpspi.c.obj)
                                         0x79 (size before relaxing)
 .rodata.LPSPI_SeparateReadData.str1.1
                0x000000006000dc12       0x16 modules/hal_nxp/hal_nxp/lib..__modules__hal__nxp.a(fsl_lpspi.c.obj)
 .rodata.LPSPI_MasterTransferFillUpTxFifo.str1.1
                0x000000006000dc28       0x16 modules/hal_nxp/hal_nxp/lib..__modules__hal__nxp.a(fsl_lpspi.c.obj)
 .rodata.CLOCK_ControlGate.str1.1
                0x000000006000dc28       0x60 modules/hal_nxp/hal_nxp/lib..__modules__hal__nxp.a(fsl_lpspi.c.obj)
 .rodata.LPSPI_GetInstance.str1.1
                0x000000006000dc88       0xca modules/hal_nxp/hal_nxp/lib..__modules__hal__nxp.a(fsl_lpspi.c.obj)
 .rodata.LPSPI_MasterGetDefaultConfig.str1.1
                0x000000006000dd52       0x1c modules/hal_nxp/hal_nxp/lib..__modules__hal__nxp.a(fsl_lpspi.c.obj)
 .rodata.LPSPI_MasterSetBaudRate.str1.1
                0x000000006000dd6e       0x20 modules/hal_nxp/hal_nxp/lib..__modules__hal__nxp.a(fsl_lpspi.c.obj)
 .rodata.LPSPI_CheckTransferArgument.str1.1
                0x000000006000dd8e       0x18 modules/hal_nxp/hal_nxp/lib..__modules__hal__nxp.a(fsl_lpspi.c.obj)
 .rodata.s_baudratePrescaler
                0x000000006000dda6        0x8 modules/hal_nxp/hal_nxp/lib..__modules__hal__nxp.a(fsl_lpspi.c.obj)
 .rodata.CLOCK_ControlGate.str1.1
                0x000000006000ddae       0x7d modules/hal_nxp/hal_nxp/lib..__modules__hal__nxp.a(fsl_lpuart.c.obj)
 .rodata.LPUART_ReadNonBlocking.str1.1
                0x000000006000ddae       0x5a modules/hal_nxp/hal_nxp/lib..__modules__hal__nxp.a(fsl_lpuart.c.obj)
 .rodata.LPUART_GetInstance.str1.1
                0x000000006000de08       0xce modules/hal_nxp/hal_nxp/lib..__modules__hal__nxp.a(fsl_lpuart.c.obj)
 .rodata.LPUART_Init.str1.1
                0x000000006000ded6       0x7e modules/hal_nxp/hal_nxp/lib..__modules__hal__nxp.a(fsl_lpuart.c.obj)
 .rodata.GPIO_PinWrite.str1.1
                0x000000006000df54       0x4d modules/hal_nxp/hal_nxp/lib..__modules__hal__nxp.a(fsl_gpio.c.obj)
                                         0x6a (size before relaxing)
 .rodata.k_sys_fatal_error_handler.str1.1
                0x000000006000dfa1       0x14 zephyr/kernel/libkernel.a(fatal.c.obj)
 .rodata.z_fatal_error.str1.1
                0x000000006000dfb5       0x86 zephyr/kernel/libkernel.a(fatal.c.obj)
 .rodata.str1.1
                0x000000006000e03b       0x4a zephyr/kernel/libkernel.a(fatal.c.obj)
 .rodata.z_init_cpu.str1.1
                0x000000006000e085        0x5 zephyr/kernel/libkernel.a(init.c.obj)
 .rodata.z_cstart.str1.1
                0x000000006000e08a        0x5 zephyr/kernel/libkernel.a(init.c.obj)
 .rodata.str1.1
                0x000000006000e08f        0x3 zephyr/kernel/libkernel.a(init.c.obj)
 .rodata.z_setup_new_thread.str1.1
                0x000000006000e092       0xd4 zephyr/kernel/libkernel.a(thread.c.obj)
                                         0xf1 (size before relaxing)
 .rodata.z_impl_k_thread_create.str1.1
                0x000000006000e166       0x37 zephyr/kernel/libkernel.a(thread.c.obj)
 .rodata.z_init_static_threads.str1.1
                0x000000006000e19d       0x4c zephyr/kernel/libkernel.a(thread.c.obj)
 .rodata.idle.str1.1
                0x000000006000e1e9       0x49 zephyr/kernel/libkernel.a(idle.c.obj)
                                         0x66 (size before relaxing)
 .rodata.z_impl_k_sem_give.str1.1
                0x000000006000e232       0x77 zephyr/kernel/libkernel.a(sem.c.obj)
 .rodata.z_impl_k_sem_take.str1.1
                0x000000006000e232       0x71 zephyr/kernel/libkernel.a(sem.c.obj)
                                         0x9d (size before relaxing)
 .rodata.update_cache.str1.1
                0x000000006000e2a3       0x49 zephyr/kernel/libkernel.a(sched.c.obj)
                                         0x69 (size before relaxing)
 .rodata.ready_thread.str1.1
                0x000000006000e2ec       0x21 zephyr/kernel/libkernel.a(sched.c.obj)
 .rodata.k_sched_time_slice_set.str1.1
                0x000000006000e30d       0x86 zephyr/kernel/libkernel.a(sched.c.obj)
 .rodata.k_sched_lock.str1.1
                0x000000006000e30d       0x5c zephyr/kernel/libkernel.a(sched.c.obj)
                                         0x6e (size before relaxing)
 .rodata.k_sched_unlock.str1.1
                0x000000006000e369       0x31 zephyr/kernel/libkernel.a(sched.c.obj)
 .rodata.z_pend_curr.str1.1
                0x000000006000e39a       0x37 zephyr/kernel/libkernel.a(sched.c.obj)
 .rodata.unpend_thread_no_timeout.str1.1
                0x000000006000e3d1       0x17 zephyr/kernel/libkernel.a(sched.c.obj)
 .rodata.z_tick_sleep.str1.1
                0x000000006000e3e8       0x40 zephyr/kernel/libkernel.a(sched.c.obj)
 .rodata.z_thread_abort.str1.1
                0x000000006000e428       0x41 zephyr/kernel/libkernel.a(sched.c.obj)
                                         0x43 (size before relaxing)
 .rodata.z_impl_k_thread_join.str1.1
                0x000000006000e469       0x15 zephyr/kernel/libkernel.a(sched.c.obj)
 .rodata.z_add_timeout.str1.1
                0x000000006000e47e       0x44 zephyr/kernel/libkernel.a(timeout.c.obj)
                                         0xea (size before relaxing)
 .rodata.boot_banner.str1.1
                0x000000006000e4c2       0x41 zephyr/kernel/libkernel.a(banner.c.obj)
 *(SORT_BY_ALIGNMENT(.gnu.linkonce.r.*))
                0x000000006000e504                . = ALIGN (0x4)
 *fill*         0x000000006000e503        0x1 
                0x000000006000e504                __rodata_region_end = .
                0x000000006000e520                . = ALIGN (_region_min_align)
                0x0000000060010000                . = ALIGN ((0x1 << LOG2CEIL ((__rodata_region_end - ADDR (rom_start)))))
                0x0000000060010000                __rom_region_end = ((__rom_region_start + .) - ADDR (rom_start))

/DISCARD/
 *(SORT_BY_ALIGNMENT(.got.plt))
 *(SORT_BY_ALIGNMENT(.igot.plt))
 *(SORT_BY_ALIGNMENT(.got))
 *(SORT_BY_ALIGNMENT(.igot))
                0x0000000080000000                . = 0x80000000
                0x0000000080000000                . = ALIGN (_region_min_align)
                0x0000000080000000                _image_ram_start = .

nocache         0x0000000080000000      0x800
                0x0000000080000000                . = ALIGN (_region_min_align)
                0x0000000080000000                . = ALIGN ((0x1 << LOG2CEIL (_nocache_ram_size)))
                0x0000000080000000                _nocache_ram_start = .
 *(SORT_BY_ALIGNMENT(.nocache))
 *(SORT_BY_ALIGNMENT(.nocache.*))
 .nocache."WEST_TOPDIR/zephyr/drivers/dma/dma_mcux_edma.c".0
                0x0000000080000000      0x800 zephyr/drivers/dma/libdrivers__dma.a(dma_mcux_edma.c.obj)
                0x0000000080000800                . = ALIGN (0x4)
 *(SORT_BY_ALIGNMENT(NonCacheable))
                0x0000000080000800                . = ALIGN (_region_min_align)
                0x0000000080000800                . = ALIGN ((0x1 << LOG2CEIL (_nocache_ram_size)))
                0x0000000080000800                _nocache_ram_end = .
                0x0000000000000800                _nocache_ram_size = (_nocache_ram_end - _nocache_ram_start)

.ramfunc        0x0000000080000800        0x0 load address 0x000000006000e504
                0x0000000080000800                . = ALIGN (_region_min_align)
                0x0000000080000800                . = ALIGN ((0x1 << LOG2CEIL (__ramfunc_size)))
                0x0000000080000800                __ramfunc_start = .
 *(SORT_BY_ALIGNMENT(.ramfunc))
 *(SORT_BY_ALIGNMENT(.ramfunc.*))
                0x0000000080000800                . = ALIGN (0x4)
 *(SORT_BY_ALIGNMENT(CodeQuickAccess))
                0x0000000080000800                . = ALIGN (_region_min_align)
                0x0000000080000800                . = ALIGN ((0x1 << LOG2CEIL (__ramfunc_size)))
                0x0000000080000800                __ramfunc_end = .
                0x0000000000000000                __ramfunc_size = (__ramfunc_end - __ramfunc_start)
                0x000000006000e504                __ramfunc_load_start = LOADADDR (.ramfunc)

datas           0x0000000080000800      0x13c load address 0x000000006000e504
                0x0000000080000800                __data_region_start = .
                0x0000000080000800                __data_start = .
 *(SORT_BY_ALIGNMENT(.data))
 *(SORT_BY_ALIGNMENT(.data.*))
 .data._char_out
                0x0000000080000800        0x4 zephyr/libzephyr.a(printk.c.obj)
                0x0000000080000800                _char_out
 .data._stdout_hook
                0x0000000080000804        0x4 zephyr/lib/libc/minimal/liblib__libc__minimal.a(stdout_console.c.obj)
 .data.spi_mcux_data_0
                0x0000000080000808      0x128 zephyr/drivers/spi/libdrivers__spi.a(spi_mcux_lpspi.c.obj)
 .data.timeout_list
                0x0000000080000930        0x8 zephyr/kernel/libkernel.a(timeout.c.obj)
 .data.phase    0x0000000080000938        0x1 zephyr/subsys/testsuite/ztest/libsubsys__testsuite__ztest.a(ztest_new.c.obj)
                0x0000000080000938                phase
 *(SORT_BY_ALIGNMENT(.kernel.*))
                0x000000008000093c                . = ALIGN (0x4)
 *fill*         0x0000000080000939        0x3 
 *(SORT_BY_ALIGNMENT(DataQuickAccess))
                0x000000008000093c                __data_end = .
                0x000000000000013c                __data_size = (__data_end - __data_start)
                0x000000006000e504                __data_load_start = LOADADDR (datas)
                0x000000006000e504                __data_region_load_start = LOADADDR (datas)

device_states   0x000000008000093c       0x10 load address 0x000000006000e640
                0x000000008000093c                __device_states_start = .
 *(SORT_BY_ALIGNMENT(.z_devstate))
 .z_devstate    0x000000008000093c        0x2 zephyr/drivers/clock_control/libdrivers__clock_control.a(clock_control_mcux_ccm.c.obj)
 .z_devstate    0x000000008000093e        0x2 zephyr/drivers/dma/libdrivers__dma.a(dma_mcux_edma.c.obj)
 .z_devstate    0x0000000080000940        0x8 zephyr/drivers/gpio/libdrivers__gpio.a(gpio_mcux_igpio.c.obj)
 .z_devstate    0x0000000080000948        0x2 zephyr/drivers/serial/libdrivers__serial.a(uart_mcux_lpuart.c.obj)
 .z_devstate    0x000000008000094a        0x2 zephyr/drivers/spi/libdrivers__spi.a(spi_mcux_lpspi.c.obj)
 *(SORT_BY_ALIGNMENT(.z_devstate.*))
                0x000000008000094c                __device_states_end = .

initshell       0x000000008000094c        0x0 load address 0x000000006000e650
                0x000000008000094c                __shell_module_start = .
 *(SORT_BY_ALIGNMENT(.shell_module_*))
                0x000000008000094c                __shell_module_end = .
                0x000000008000094c                __shell_cmd_start = .
 *(SORT_BY_ALIGNMENT(.shell_cmd_*))
                0x000000008000094c                __shell_cmd_end = .

log_mpsc_pbuf_area
                0x000000008000094c        0x0 load address 0x000000006000e650
                0x000000008000094c                _log_mpsc_pbuf_list_start = .
 *(SORT_BY_NAME(SORT_BY_ALIGNMENT(._log_mpsc_pbuf.static.*)))
                0x000000008000094c                _log_mpsc_pbuf_list_end = .

log_msg_ptr_area
                0x000000008000094c        0x0 load address 0x000000006000e650
                0x000000008000094c                _log_msg_ptr_list_start = .
 *(SORT_BY_NAME(SORT_BY_ALIGNMENT(._log_msg_ptr.static.*)))
                0x000000008000094c                _log_msg_ptr_list_end = .

log_dynamic_sections
                0x000000008000094c        0x0 load address 0x000000006000e650
                0x000000008000094c                __log_dynamic_start = .
 *(SORT_BY_NAME(SORT_BY_ALIGNMENT(.log_dynamic_*)))
                0x000000008000094c                __log_dynamic_end = .

k_timer_area    0x000000008000094c        0x0 load address 0x000000006000e650
                0x000000008000094c                _k_timer_list_start = .
 *(SORT_BY_NAME(SORT_BY_ALIGNMENT(._k_timer.static.*)))
                0x000000008000094c                _k_timer_list_end = .

k_mem_slab_area
                0x000000008000094c        0x0 load address 0x000000006000e650
                0x000000008000094c                _k_mem_slab_list_start = .
 *(SORT_BY_NAME(SORT_BY_ALIGNMENT(._k_mem_slab.static.*)))
                0x000000008000094c                _k_mem_slab_list_end = .

k_heap_area     0x000000008000094c        0x0 load address 0x000000006000e650
                0x000000008000094c                _k_heap_list_start = .
 *(SORT_BY_NAME(SORT_BY_ALIGNMENT(._k_heap.static.*)))
                0x000000008000094c                _k_heap_list_end = .

k_mutex_area    0x000000008000094c        0x0 load address 0x000000006000e650
                0x000000008000094c                _k_mutex_list_start = .
 *(SORT_BY_NAME(SORT_BY_ALIGNMENT(._k_mutex.static.*)))
                0x000000008000094c                _k_mutex_list_end = .

k_stack_area    0x000000008000094c        0x0 load address 0x000000006000e650